Archive member included to satisfy reference by file (symbol)

..\qtouch\lib\gcc\libqtm_touch_key_cm0p_0x0002.a(sam_touch_key_g_cm0p.o)
                              qtouch/touch.o (qtm_update_qtlib_timer)
..\qtouch\lib\gcc\libqtm_acq_samd21_0x0024.a(sam_acq_g_samd21.o)
                              qtouch/touch.o (qtm_acquisition_process)
c:/program files (x86)/atmel/studio/7.0/toolchain/arm/arm-gnu-toolchain/bin/../lib/gcc/arm-none-eabi/6.3.1/thumb/v6-m\libgcc.a(_thumb1_case_uhi.o)
                              ..\qtouch\lib\gcc\libqtm_acq_samd21_0x0024.a(sam_acq_g_samd21.o) (__gnu_thumb1_case_uhi)
c:/program files (x86)/atmel/studio/7.0/toolchain/arm/arm-gnu-toolchain/bin/../lib/gcc/arm-none-eabi/6.3.1/thumb/v6-m\libgcc.a(_udivsi3.o)
                              hpl/core/hpl_core_m0plus_base.o (__aeabi_uidiv)
c:/program files (x86)/atmel/studio/7.0/toolchain/arm/arm-gnu-toolchain/bin/../lib/gcc/arm-none-eabi/6.3.1/thumb/v6-m\libgcc.a(_dvmd_tls.o)
                              c:/program files (x86)/atmel/studio/7.0/toolchain/arm/arm-gnu-toolchain/bin/../lib/gcc/arm-none-eabi/6.3.1/thumb/v6-m\libgcc.a(_udivsi3.o) (__aeabi_idiv0)
c:/program files (x86)/atmel/studio/7.0/toolchain/arm/arm-gnu-toolchain/bin/../lib/gcc/arm-none-eabi/6.3.1/thumb/v6-m\libgcc.a(_aeabi_uldivmod.o)
                              hpl/sercom/hpl_sercom.o (__aeabi_uldivmod)
c:/program files (x86)/atmel/studio/7.0/toolchain/arm/arm-gnu-toolchain/bin/../lib/gcc/arm-none-eabi/6.3.1/thumb/v6-m\libgcc.a(_muldi3.o)
                              hpl/sercom/hpl_sercom.o (__aeabi_lmul)
c:/program files (x86)/atmel/studio/7.0/toolchain/arm/arm-gnu-toolchain/bin/../lib/gcc/arm-none-eabi/6.3.1/thumb/v6-m\libgcc.a(_fixunsdfsi.o)
                              hpl/sercom/hpl_sercom.o (__aeabi_d2uiz)
c:/program files (x86)/atmel/studio/7.0/toolchain/arm/arm-gnu-toolchain/bin/../lib/gcc/arm-none-eabi/6.3.1/thumb/v6-m\libgcc.a(_udivmoddi4.o)
                              c:/program files (x86)/atmel/studio/7.0/toolchain/arm/arm-gnu-toolchain/bin/../lib/gcc/arm-none-eabi/6.3.1/thumb/v6-m\libgcc.a(_aeabi_uldivmod.o) (__udivmoddi4)
c:/program files (x86)/atmel/studio/7.0/toolchain/arm/arm-gnu-toolchain/bin/../lib/gcc/arm-none-eabi/6.3.1/thumb/v6-m\libgcc.a(divdf3.o)
                              hpl/sercom/hpl_sercom.o (__aeabi_ddiv)
c:/program files (x86)/atmel/studio/7.0/toolchain/arm/arm-gnu-toolchain/bin/../lib/gcc/arm-none-eabi/6.3.1/thumb/v6-m\libgcc.a(muldf3.o)
                              hpl/sercom/hpl_sercom.o (__aeabi_dmul)
c:/program files (x86)/atmel/studio/7.0/toolchain/arm/arm-gnu-toolchain/bin/../lib/gcc/arm-none-eabi/6.3.1/thumb/v6-m\libgcc.a(subdf3.o)
                              hpl/sercom/hpl_sercom.o (__aeabi_dsub)
c:/program files (x86)/atmel/studio/7.0/toolchain/arm/arm-gnu-toolchain/bin/../lib/gcc/arm-none-eabi/6.3.1/thumb/v6-m\libgcc.a(fixdfsi.o)
                              c:/program files (x86)/atmel/studio/7.0/toolchain/arm/arm-gnu-toolchain/bin/../lib/gcc/arm-none-eabi/6.3.1/thumb/v6-m\libgcc.a(_fixunsdfsi.o) (__aeabi_d2iz)
c:/program files (x86)/atmel/studio/7.0/toolchain/arm/arm-gnu-toolchain/bin/../lib/gcc/arm-none-eabi/6.3.1/thumb/v6-m\libgcc.a(floatsidf.o)
                              hpl/sercom/hpl_sercom.o (__aeabi_i2d)
c:/program files (x86)/atmel/studio/7.0/toolchain/arm/arm-gnu-toolchain/bin/../lib/gcc/arm-none-eabi/6.3.1/thumb/v6-m\libgcc.a(floatunsidf.o)
                              hpl/sercom/hpl_sercom.o (__aeabi_ui2d)
c:/program files (x86)/atmel/studio/7.0/toolchain/arm/arm-gnu-toolchain/bin/../lib/gcc/arm-none-eabi/6.3.1/thumb/v6-m\libgcc.a(_arm_cmpdf2.o)
                              c:/program files (x86)/atmel/studio/7.0/toolchain/arm/arm-gnu-toolchain/bin/../lib/gcc/arm-none-eabi/6.3.1/thumb/v6-m\libgcc.a(_fixunsdfsi.o) (__aeabi_dcmpge)
c:/program files (x86)/atmel/studio/7.0/toolchain/arm/arm-gnu-toolchain/bin/../lib/gcc/arm-none-eabi/6.3.1/thumb/v6-m\libgcc.a(_clzsi2.o)
                              c:/program files (x86)/atmel/studio/7.0/toolchain/arm/arm-gnu-toolchain/bin/../lib/gcc/arm-none-eabi/6.3.1/thumb/v6-m\libgcc.a(divdf3.o) (__clzsi2)
c:/program files (x86)/atmel/studio/7.0/toolchain/arm/arm-gnu-toolchain/bin/../lib/gcc/arm-none-eabi/6.3.1/thumb/v6-m\libgcc.a(_clzdi2.o)
                              c:/program files (x86)/atmel/studio/7.0/toolchain/arm/arm-gnu-toolchain/bin/../lib/gcc/arm-none-eabi/6.3.1/thumb/v6-m\libgcc.a(_udivmoddi4.o) (__clzdi2)
c:/program files (x86)/atmel/studio/7.0/toolchain/arm/arm-gnu-toolchain/bin/../lib/gcc/arm-none-eabi/6.3.1/thumb/v6-m\libgcc.a(eqdf2.o)
                              c:/program files (x86)/atmel/studio/7.0/toolchain/arm/arm-gnu-toolchain/bin/../lib/gcc/arm-none-eabi/6.3.1/thumb/v6-m\libgcc.a(_arm_cmpdf2.o) (__eqdf2)
c:/program files (x86)/atmel/studio/7.0/toolchain/arm/arm-gnu-toolchain/bin/../lib/gcc/arm-none-eabi/6.3.1/thumb/v6-m\libgcc.a(gedf2.o)
[...]
Memory Configuration

Name             Origin             Length             Attributes
rom              0x00000000         0x00040000         xr
ram              0x20000000         0x00008000         xrw
*default*        0x00000000         0xffffffff

Linker script and memory map

LOAD c:/program files (x86)/atmel/studio/7.0/toolchain/arm/arm-gnu-toolchain/bin/../lib/gcc/arm-none-eabi/6.3.1/thumb/v6-m/crti.o
LOAD c:/program files (x86)/atmel/studio/7.0/toolchain/arm/arm-gnu-toolchain/bin/../lib/gcc/arm-none-eabi/6.3.1/thumb/v6-m/crtbegin.o
LOAD c:/program files (x86)/atmel/studio/7.0/toolchain/arm/arm-gnu-toolchain/bin/../lib/gcc/arm-none-eabi/6.3.1/../../../../arm-none-eabi/lib/thumb/v6-m/crt0.o
LOAD atmel_start.o
LOAD Device_Startup/startup_samd21.o
LOAD Device_Startup/system_samd21.o
LOAD driver_init.o
LOAD examples/driver_examples.o
LOAD examples/touch_example.o
LOAD hal/src/hal_atomic.o
LOAD hal/src/hal_delay.o
LOAD hal/src/hal_gpio.o
LOAD hal/src/hal_init.o
LOAD hal/src/hal_io.o
LOAD hal/src/hal_sleep.o
LOAD hal/src/hal_timer.o
LOAD hal/src/hal_usart_async.o
LOAD hal/src/hal_usart_sync.o
LOAD hal/utils/src/utils_assert.o
LOAD hal/utils/src/utils_event.o
LOAD hal/utils/src/utils_list.o
LOAD hal/utils/src/utils_ringbuffer.o
LOAD hal/utils/src/utils_syscalls.o
LOAD hpl/core/hpl_core_m0plus_base.o
LOAD hpl/core/hpl_init.o
LOAD hpl/dmac/hpl_dmac.o
LOAD hpl/gclk/hpl_gclk.o
LOAD hpl/pm/hpl_pm.o
LOAD hpl/rtc/hpl_rtc.o
LOAD hpl/sercom/hpl_sercom.o
LOAD hpl/sysctrl/hpl_sysctrl.o
LOAD hpl/systick/hpl_systick.o
LOAD main.o
LOAD qtouch/datastreamer/datastreamer_UART_sam.o
LOAD qtouch/touch.o
LOAD stdio_redirect/gcc/read.o
LOAD stdio_redirect/gcc/write.o
LOAD stdio_redirect/stdio_io.o
LOAD stdio_start.o
LOAD TuyaMCU/mcu_api.o
LOAD TuyaMCU/protocol.o
LOAD TuyaMCU/system.o
LOAD Usart_test.o
LOAD usart_testing.o
START GROUP
LOAD ..\qtouch\lib\gcc\libqtm_touch_key_cm0p_0x0002.a
LOAD ..\qtouch\lib\gcc\libqtm_acq_samd21_0x0024.a
LOAD c:/program files (x86)/atmel/studio/7.0/toolchain/arm/arm-gnu-toolchain/bin/../lib/gcc/arm-none-eabi/6.3.1/../../../../arm-none-eabi/lib/thumb/v6-m\libm.a
END GROUP
START GROUP
LOAD c:/program files (x86)/atmel/studio/7.0/toolchain/arm/arm-gnu-toolchain/bin/../lib/gcc/arm-none-eabi/6.3.1/thumb/v6-m\libgcc.a
LOAD c:/program files (x86)/atmel/studio/7.0/toolchain/arm/arm-gnu-toolchain/bin/../lib/gcc/arm-none-eabi/6.3.1/../../../../arm-none-eabi/lib/thumb/v6-m\libc_nano.a
END GROUP
START GROUP
LOAD c:/program files (x86)/atmel/studio/7.0/toolchain/arm/arm-gnu-toolchain/bin/../lib/gcc/arm-none-eabi/6.3.1/thumb/v6-m\libgcc.a
LOAD c:/program files (x86)/atmel/studio/7.0/toolchain/arm/arm-gnu-toolchain/bin/../lib/gcc/arm-none-eabi/6.3.1/../../../../arm-none-eabi/lib/thumb/v6-m\libc_nano.a
END GROUP
LOAD c:/program files (x86)/atmel/studio/7.0/toolchain/arm/arm-gnu-toolchain/bin/../lib/gcc/arm-none-eabi/6.3.1/thumb/v6-m/crtend.o
LOAD c:/program files (x86)/atmel/studio/7.0/toolchain/arm/arm-gnu-toolchain/bin/../lib/gcc/arm-none-eabi/6.3.1/thumb/v6-m/crtn.o
                0x00002000                STACK_SIZE = DEFINED (STACK_SIZE)?STACK_SIZE:DEFINED (__stack_size__)?__stack_size__:0x2000

.text           0x00000000     0x2628
                0x00000000                . = ALIGN (0x4)
                0x00000000                _sfixed = .
 *(.vectors .vectors.*)
 .vectors       0x00000000       0xb4 Device_Startup/startup_samd21.o
                0x00000000                exception_table
 *(.text .text.* .gnu.linkonce.t.*)
 .text          0x000000b4       0x60 c:/program files (x86)/atmel/studio/7.0/toolchain/arm/arm-gnu-toolchain/bin/../lib/gcc/arm-none-eabi/6.3.1/thumb/v6-m/crtbegin.o
 .text.atmel_start_init
                0x00000114       0x1c atmel_start.o
                0x00000114                atmel_start_init
 .text.Dummy_Handler
                0x00000130        0x2 Device_Startup/startup_samd21.o
                0x00000130                SVCall_Handler
                0x00000130                DMAC_Handler
                0x00000130                HardFault_Handler
                0x00000130                AC_Handler
                0x00000130                SysTick_Handler
                0x00000130                PendSV_Handler
                0x00000130                SERCOM1_Handler
                0x00000130                ADC_Handler
                0x00000130                NonMaskableInt_Handler
                0x00000130                TCC1_Handler
                0x00000130                SERCOM2_Handler
                0x00000130                TCC0_Handler
                0x00000130                EIC_Handler
                0x00000130                WDT_Handler
                0x00000130                TC4_Handler
                0x00000130                USB_Handler
                0x00000130                TC3_Handler
                0x00000130                Dummy_Handler
                0x00000130                PM_Handler
                0x00000130                SERCOM5_Handler
                0x00000130                TCC2_Handler
                0x00000130                EVSYS_Handler
                0x00000130                SERCOM3_Handler
                0x00000130                I2S_Handler
                0x00000130                NVMCTRL_Handler
                0x00000130                DAC_Handler
                0x00000130                TC5_Handler
                0x00000130                SYSCTRL_Handler
 *fill*         0x00000132        0x2 
 .text.Reset_Handler
                0x00000134       0xc4 Device_Startup/startup_samd21.o
                0x00000134                Reset_Handler
 .text.PTC_clock_init
                0x000001f8       0x20 driver_init.o
 .text.Timer_init
                0x00000218       0x40 driver_init.o
 .text.USART_CLOCK_init
                0x00000258       0x20 driver_init.o
                0x00000258                USART_CLOCK_init
 .text.USART_PORT_init
                0x00000278       0x44 driver_init.o
                0x00000278                USART_PORT_init
 .text.USART_init
                0x000002bc       0x38 driver_init.o
                0x000002bc                USART_init
 .text.TARGET_IO_PORT_init
                0x000002f4       0x44 driver_init.o
                0x000002f4                TARGET_IO_PORT_init
 .text.TARGET_IO_CLOCK_init
                0x00000338       0x20 driver_init.o
                0x00000338                TARGET_IO_CLOCK_init
 .text.TARGET_IO_init
                0x00000358       0x2c driver_init.o
                0x00000358                TARGET_IO_init
 .text.SERIAL_CLOCK_init
                0x00000384       0x20 driver_init.o
                0x00000384                SERIAL_CLOCK_init
 .text.SERIAL_PORT_init
                0x000003a4       0x44 driver_init.o
                0x000003a4                SERIAL_PORT_init
 .text.SERIAL_init
                0x000003e8       0x3c driver_init.o
                0x000003e8                SERIAL_init
 .text.delay_driver_init
                0x00000424       0x14 driver_init.o
                0x00000424                delay_driver_init
 .text.system_init
                0x00000438       0x3c driver_init.o
                0x00000438                system_init
 .text.atomic_enter_critical
                0x00000474        0xe hal/src/hal_atomic.o
                0x00000474                atomic_enter_critical
 .text.atomic_leave_critical
                0x00000482        0xc hal/src/hal_atomic.o
                0x00000482                atomic_leave_critical
 *fill*         0x0000048e        0x2 
 .text.delay_init
                0x00000490       0x14 hal/src/hal_delay.o
                0x00000490                delay_init
 .text.delay_ms
                0x000004a4       0x20 hal/src/hal_delay.o
                0x000004a4                delay_ms
 .text.io_write
                0x000004c4       0x38 hal/src/hal_io.o
                0x000004c4                io_write
 .text.io_read  0x000004fc       0x38 hal/src/hal_io.o
                0x000004fc                io_read
 .text.timer_add_timer_task
                0x00000534       0x58 hal/src/hal_timer.o
 .text.timer_process_counted
                0x0000058c       0x64 hal/src/hal_timer.o
 .text.timer_init
                0x000005f0       0x44 hal/src/hal_timer.o
                0x000005f0                timer_init
 .text.timer_start
                0x00000634       0x3c hal/src/hal_timer.o
                0x00000634                timer_start
 .text.timer_add_task
                0x00000670       0xb0 hal/src/hal_timer.o
                0x00000670                timer_add_task
 .text.timer_remove_task
                0x00000720       0xa8 hal/src/hal_timer.o
                0x00000720                timer_remove_task
 .text.usart_transmission_complete
                0x000007c8       0x12 hal/src/hal_usart_async.o
 .text.usart_error
                0x000007da       0x12 hal/src/hal_usart_async.o
 .text.usart_fill_rx_buffer
                0x000007ec       0x1c hal/src/hal_usart_async.o
 .text.usart_async_write
                0x00000808       0x68 hal/src/hal_usart_async.o
 .text.usart_process_byte_sent
                0x00000870       0x44 hal/src/hal_usart_async.o
 .text.usart_async_read
                0x000008b4       0x80 hal/src/hal_usart_async.o
 .text.usart_async_init
                0x00000934       0x9c hal/src/hal_usart_async.o
                0x00000934                usart_async_init
 .text.usart_async_enable
                0x000009d0       0x2c hal/src/hal_usart_async.o
                0x000009d0                usart_async_enable
 .text.usart_async_get_io_descriptor
                0x000009fc       0x30 hal/src/hal_usart_async.o
                0x000009fc                usart_async_get_io_descriptor
 .text.usart_async_register_callback
                0x00000a2c       0x78 hal/src/hal_usart_async.o
                0x00000a2c                usart_async_register_callback
 .text.usart_sync_write
                0x00000aa4       0x74 hal/src/hal_usart_sync.o
 .text.usart_sync_read
                0x00000b18       0x6c hal/src/hal_usart_sync.o
 .text.usart_sync_init
                0x00000b84       0x4c hal/src/hal_usart_sync.o
                0x00000b84                usart_sync_init
 .text.usart_sync_enable
                0x00000bd0       0x2c hal/src/hal_usart_sync.o
                0x00000bd0                usart_sync_enable
 .text.assert   0x00000bfc        0x8 hal/utils/src/utils_assert.o
                0x00000bfc                assert
 .text.is_list_element
                0x00000c04       0x16 hal/utils/src/utils_list.o
                0x00000c04                is_list_element
 *fill*         0x00000c1a        0x2 
 .text.list_insert_as_head
                0x00000c1c       0x2c hal/utils/src/utils_list.o
                0x00000c1c                list_insert_as_head
 .text.list_insert_after
                0x00000c48        0x8 hal/utils/src/utils_list.o
                0x00000c48                list_insert_after
 .text.list_remove_head
                0x00000c50       0x12 hal/utils/src/utils_list.o
                0x00000c50                list_remove_head
 .text.list_delete_element
                0x00000c62       0x32 hal/utils/src/utils_list.o
                0x00000c62                list_delete_element
 .text.ringbuffer_init
                0x00000c94       0x4c hal/utils/src/utils_ringbuffer.o
                0x00000c94                ringbuffer_init
 .text.ringbuffer_get
                0x00000ce0       0x4c hal/utils/src/utils_ringbuffer.o
                0x00000ce0                ringbuffer_get
 .text.ringbuffer_put
                0x00000d2c       0x40 hal/utils/src/utils_ringbuffer.o
                0x00000d2c                ringbuffer_put
 .text.ringbuffer_num
                0x00000d6c       0x24 hal/utils/src/utils_ringbuffer.o
                0x00000d6c                ringbuffer_num
 .text._sbrk    0x00000d90       0x24 hal/utils/src/utils_syscalls.o
                0x00000d90                _sbrk
 .text._close   0x00000db4        0x6 hal/utils/src/utils_syscalls.o
                0x00000db4                _close
 .text._fstat   0x00000dba        0xa hal/utils/src/utils_syscalls.o
                0x00000dba                _fstat
 .text._lseek   0x00000dc4        0x4 hal/utils/src/utils_syscalls.o
                0x00000dc4                _lseek
 .text._get_cycles_for_ms
                0x00000dc8        0xc hpl/core/hpl_core_m0plus_base.o
                0x00000dc8                _get_cycles_for_ms
 .text._init_chip
                0x00000dd4       0x38 hpl/core/hpl_init.o
                0x00000dd4                _init_chip
 .text._gclk_init_generators_by_fref
                0x00000e0c       0x78 hpl/gclk/hpl_gclk.o
                0x00000e0c                _gclk_init_generators_by_fref
 .text._pm_init
                0x00000e84       0x20 hpl/pm/hpl_pm.o
                0x00000e84                _pm_init
 .text._rtc_timer_interrupt_handler
                0x00000ea4       0x1c hpl/rtc/hpl_rtc.o
 .text._timer_init
                0x00000ec0       0x5c hpl/rtc/hpl_rtc.o
                0x00000ec0                _timer_init
 .text._timer_start
                0x00000f1c       0x58 hpl/rtc/hpl_rtc.o
                0x00000f1c                _timer_start
 .text._timer_is_started
                0x00000f74       0x12 hpl/rtc/hpl_rtc.o
                0x00000f74                _timer_is_started
 .text._timer_set_irq
                0x00000f86        0x2 hpl/rtc/hpl_rtc.o
                0x00000f86                _timer_set_irq
 .text._rtc_get_timer
                0x00000f88        0x4 hpl/rtc/hpl_rtc.o
                0x00000f88                _rtc_get_timer
 .text.RTC_Handler
                0x00000f8c       0x14 hpl/rtc/hpl_rtc.o
                0x00000f8c                RTC_Handler
 .text._sercom_get_hardware_index
                0x00000fa0       0x10 hpl/sercom/hpl_sercom.o
 .text._sercom_usart_interrupt_handler
                0x00000fb0       0x64 hpl/sercom/hpl_sercom.o
 .text._sercom_init_irq_param
                0x00001014       0x28 hpl/sercom/hpl_sercom.o
 .text._sercom_get_irq_num
                0x0000103c       0x10 hpl/sercom/hpl_sercom.o
 .text._get_sercom_index
                0x0000104c       0x44 hpl/sercom/hpl_sercom.o
 .text._usart_init
                0x00001090       0xf0 hpl/sercom/hpl_sercom.o
 .text._usart_sync_init
                0x00001180       0x2c hpl/sercom/hpl_sercom.o
                0x00001180                _usart_sync_init
 .text._usart_async_init
                0x000011ac       0x8c hpl/sercom/hpl_sercom.o
                0x000011ac                _usart_async_init
 .text._usart_sync_enable
                0x00001238       0x12 hpl/sercom/hpl_sercom.o
                0x00001238                _usart_sync_enable
 .text._usart_async_enable
                0x0000124a       0x12 hpl/sercom/hpl_sercom.o
                0x0000124a                _usart_async_enable
 .text._usart_sync_write_byte
                0x0000125c        0x8 hpl/sercom/hpl_sercom.o
                0x0000125c                _usart_sync_write_byte
 .text._usart_async_write_byte
                0x00001264        0x8 hpl/sercom/hpl_sercom.o
                0x00001264                _usart_async_write_byte
 .text._usart_sync_read_byte
                0x0000126c        0x8 hpl/sercom/hpl_sercom.o
                0x0000126c                _usart_sync_read_byte
 .text._usart_sync_is_ready_to_send
                0x00001274        0xa hpl/sercom/hpl_sercom.o
                0x00001274                _usart_sync_is_ready_to_send
 .text._usart_sync_is_transmit_done
                0x0000127e        0xc hpl/sercom/hpl_sercom.o
                0x0000127e                _usart_sync_is_transmit_done
 .text._usart_sync_is_byte_received
                0x0000128a        0xc hpl/sercom/hpl_sercom.o
                0x0000128a                _usart_sync_is_byte_received
 .text._usart_async_enable_byte_sent_irq
                0x00001296        0x8 hpl/sercom/hpl_sercom.o
                0x00001296                _usart_async_enable_byte_sent_irq
 .text._usart_async_enable_tx_done_irq
                0x0000129e        0x8 hpl/sercom/hpl_sercom.o
                0x0000129e                _usart_async_enable_tx_done_irq
 *fill*         0x000012a6        0x2 
 .text._usart_async_set_irq_state
                0x000012a8       0x78 hpl/sercom/hpl_sercom.o
                0x000012a8                _usart_async_set_irq_state
 .text.SERCOM0_Handler
                0x00001320       0x14 hpl/sercom/hpl_sercom.o
                0x00001320                SERCOM0_Handler
 .text.SERCOM4_Handler
                0x00001334       0x14 hpl/sercom/hpl_sercom.o
                0x00001334                SERCOM4_Handler
 .text._sysctrl_init_sources
                0x00001348       0x4c hpl/sysctrl/hpl_sysctrl.o
                0x00001348                _sysctrl_init_sources
 .text._sysctrl_init_referenced_generators
                0x00001394       0x88 hpl/sysctrl/hpl_sysctrl.o
                0x00001394                _sysctrl_init_referenced_generators
 .text._system_time_init
                0x0000141c       0x14 hpl/systick/hpl_systick.o
                0x0000141c                _system_time_init
 .text._delay_init
                0x00001430        0xc hpl/systick/hpl_systick.o
                0x00001430                _delay_init
 .text._delay_cycles
                0x0000143c       0x40 hpl/systick/hpl_systick.o
                0x0000143c                _delay_cycles
 .text.main     0x0000147c       0x30 main.o
                0x0000147c                main
 .text.datastreamer_init
                0x000014ac       0x14 qtouch/datastreamer/datastreamer_UART_sam.o
                0x000014ac                datastreamer_init
 .text.touch_sensors_config
                0x000014c0       0x70 qtouch/touch.o
 .text.touch_timer_handler
                0x00001530       0x18 qtouch/touch.o
                0x00001530                touch_timer_handler
 .text.Timer_task_cb
                0x00001548        0xc qtouch/touch.o
                0x00001548                Timer_task_cb
 .text.touch_timer_config
                0x00001554       0x54 qtouch/touch.o
                0x00001554                touch_timer_config
 .text.touch_init
                0x000015a8       0x1c qtouch/touch.o
                0x000015a8                touch_init
 .text.PTC_Handler
                0x000015c4       0x14 qtouch/touch.o
                0x000015c4                PTC_Handler
 .text._read    0x000015d8       0x28 stdio_redirect/gcc/read.o
                0x000015d8                _read
 .text._write   0x00001600       0x28 stdio_redirect/gcc/write.o
                0x00001600                _write
 .text.stdio_io_init
                0x00001628       0x2c stdio_redirect/stdio_io.o
                0x00001628                stdio_io_init
 .text.stdio_io_read
                0x00001654       0x24 stdio_redirect/stdio_io.o
                0x00001654                stdio_io_read
 .text.stdio_io_write
                0x00001678       0x24 stdio_redirect/stdio_io.o
                0x00001678                stdio_io_write
 .text.stdio_redirect_init
                0x0000169c       0x20 stdio_start.o
                0x0000169c                stdio_redirect_init
 .text.uart_init
                0x000016bc       0x38 Usart_test.o
                0x000016bc                uart_init
 .text.Uart_PutChar
                0x000016f4       0x1c Usart_test.o
                0x000016f4                Uart_PutChar
 .text.serial_rx_callback
                0x00001710       0x28 Usart_test.o
                0x00001710                serial_rx_callback
 .text.qtm_update_qtlib_timer
                0x00001738       0x10 ..\qtouch\lib\gcc\libqtm_touch_key_cm0p_0x0002.a(sam_touch_key_g_cm0p.o)
                0x00001738                qtm_update_qtlib_timer
 .text.qtm_init_sensor_key
                0x00001748       0x28 ..\qtouch\lib\gcc\libqtm_touch_key_cm0p_0x0002.a(sam_touch_key_g_cm0p.o)
                0x00001748                qtm_init_sensor_key
 .text.sync_config
                0x00001770       0x18 ..\qtouch\lib\gcc\libqtm_acq_samd21_0x0024.a(sam_acq_g_samd21.o)
 .text.select_next_channel_to_measure
                0x00001788       0x40 ..\qtouch\lib\gcc\libqtm_acq_samd21_0x0024.a(sam_acq_g_samd21.o)
 .text.qtm_measure_node
                0x000017c8      0x1c0 ..\qtouch\lib\gcc\libqtm_acq_samd21_0x0024.a(sam_acq_g_samd21.o)
 .text.qtm_ptc_init_acquisition_module
                0x00001988      0x12c ..\qtouch\lib\gcc\libqtm_acq_samd21_0x0024.a(sam_acq_g_samd21.o)
                0x00001988                qtm_ptc_init_acquisition_module
 .text.qtm_ptc_qtlib_assign_signal_memory
                0x00001ab4       0x14 ..\qtouch\lib\gcc\libqtm_acq_samd21_0x0024.a(sam_acq_g_samd21.o)
                0x00001ab4                qtm_ptc_qtlib_assign_signal_memory
 .text.qtm_enable_sensor_node
                0x00001ac8       0x20 ..\qtouch\lib\gcc\libqtm_acq_samd21_0x0024.a(sam_acq_g_samd21.o)
                0x00001ac8                qtm_enable_sensor_node
 .text.qtm_calibrate_sensor_node
                0x00001ae8       0x50 ..\qtouch\lib\gcc\libqtm_acq_samd21_0x0024.a(sam_acq_g_samd21.o)
                0x00001ae8                qtm_calibrate_sensor_node
 .text.qtm_ptc_clear_interrupt
                0x00001b38       0x24 ..\qtouch\lib\gcc\libqtm_acq_samd21_0x0024.a(sam_acq_g_samd21.o)
                0x00001b38                qtm_ptc_clear_interrupt
 .text.qtm_samd21_ptc_handler_eoc
                0x00001b5c       0xac ..\qtouch\lib\gcc\libqtm_acq_samd21_0x0024.a(sam_acq_g_samd21.o)
                0x00001b5c                qtm_samd21_ptc_handler_eoc
 .text.__libc_init_array
                0x00001c08       0x48 c:/program files (x86)/atmel/studio/7.0/toolchain/arm/arm-gnu-toolchain/bin/../lib/gcc/arm-none-eabi/6.3.1/../../../../arm-none-eabi/lib/thumb/v6-m\libc_nano.a(lib_a-init.o)
                0x00001c08                __libc_init_array
 .text.memset   0x00001c50       0x10 c:/program files (x86)/atmel/studio/7.0/toolchain/arm/arm-gnu-toolchain/bin/../lib/gcc/arm-none-eabi/6.3.1/../../../../arm-none-eabi/lib/thumb/v6-m\libc_nano.a(lib_a-memset.o)
                0x00001c50                memset
 .text.setbuf   0x00001c60       0x12 c:/program files (x86)/atmel/studio/7.0/toolchain/arm/arm-gnu-toolchain/bin/../lib/gcc/arm-none-eabi/6.3.1/../../../../arm-none-eabi/lib/thumb/v6-m\libc_nano.a(lib_a-setbuf.o)
                0x00001c60                setbuf
 *fill*         0x00001c72        0x2 
 .text.setvbuf  0x00001c74      0x158 c:/program files (x86)/atmel/studio/7.0/toolchain/arm/arm-gnu-toolchain/bin/../lib/gcc/arm-none-eabi/6.3.1/../../../../arm-none-eabi/lib/thumb/v6-m\libc_nano.a(lib_a-setvbuf.o)
                0x00001c74                setvbuf
 .text.__sflush_r
                0x00001dcc      0x114 c:/program files (x86)/atmel/studio/7.0/toolchain/arm/arm-gnu-toolchain/bin/../lib/gcc/arm-none-eabi/6.3.1/../../../../arm-none-eabi/lib/thumb/v6-m\libc_nano.a(lib_a-fflush.o)
                0x00001dcc                __sflush_r
 .text._fflush_r
                0x00001ee0       0x58 c:/program files (x86)/atmel/studio/7.0/toolchain/arm/arm-gnu-toolchain/bin/../lib/gcc/arm-none-eabi/6.3.1/../../../../arm-none-eabi/lib/thumb/v6-m\libc_nano.a(lib_a-fflush.o)
                0x00001ee0                _fflush_r
 .text._cleanup_r
                0x00001f38       0x10 c:/program files (x86)/atmel/studio/7.0/toolchain/arm/arm-gnu-toolchain/bin/../lib/gcc/arm-none-eabi/6.3.1/../../../../arm-none-eabi/lib/thumb/v6-m\libc_nano.a(lib_a-findfp.o)
                0x00001f38                _cleanup_r
 .text.std.isra.0
                0x00001f48       0x48 c:/program files (x86)/atmel/studio/7.0/toolchain/arm/arm-gnu-toolchain/bin/../lib/gcc/arm-none-eabi/6.3.1/../../../../arm-none-eabi/lib/thumb/v6-m\libc_nano.a(lib_a-findfp.o)
 .text.__sfmoreglue
                0x00001f90       0x2c c:/program files (x86)/atmel/studio/7.0/toolchain/arm/arm-gnu-toolchain/bin/../lib/gcc/arm-none-eabi/6.3.1/../../../../arm-none-eabi/lib/thumb/v6-m\libc_nano.a(lib_a-findfp.o)
                0x00001f90                __sfmoreglue
 .text.__sinit  0x00001fbc       0x68 c:/program files (x86)/atmel/studio/7.0/toolchain/arm/arm-gnu-toolchain/bin/../lib/gcc/arm-none-eabi/6.3.1/../../../../arm-none-eabi/lib/thumb/v6-m\libc_nano.a(lib_a-findfp.o)
                0x00001fbc                __sinit
 .text.__sfp    0x00002024       0x80 c:/program files (x86)/atmel/studio/7.0/toolchain/arm/arm-gnu-toolchain/bin/../lib/gcc/arm-none-eabi/6.3.1/../../../../arm-none-eabi/lib/thumb/v6-m\libc_nano.a(lib_a-findfp.o)
                0x00002024                __sfp
 .text._fwalk_reent
                0x000020a4       0x42 c:/program files (x86)/atmel/studio/7.0/toolchain/arm/arm-gnu-toolchain/bin/../lib/gcc/arm-none-eabi/6.3.1/../../../../arm-none-eabi/lib/thumb/v6-m\libc_nano.a(lib_a-fwalk.o)
                0x000020a4                _fwalk_reent
 *fill*         0x000020e6        0x2 
 .text.__swhatbuf_r
                0x000020e8       0x50 c:/program files (x86)/atmel/studio/7.0/toolchain/arm/arm-gnu-toolchain/bin/../lib/gcc/arm-none-eabi/6.3.1/../../../../arm-none-eabi/lib/thumb/v6-m\libc_nano.a(lib_a-makebuf.o)
                0x000020e8                __swhatbuf_r
 .text.malloc   0x00002138       0x14 c:/program files (x86)/atmel/studio/7.0/toolchain/arm/arm-gnu-toolchain/bin/../lib/gcc/arm-none-eabi/6.3.1/../../../../arm-none-eabi/lib/thumb/v6-m\libc_nano.a(lib_a-malloc.o)
                0x00002138                malloc
 .text._free_r  0x0000214c       0x94 c:/program files (x86)/atmel/studio/7.0/toolchain/arm/arm-gnu-toolchain/bin/../lib/gcc/arm-none-eabi/6.3.1/../../../../arm-none-eabi/lib/thumb/v6-m\libc_nano.a(lib_a-nano-freer.o)
                0x0000214c                _free_r
 .text._malloc_r
                0x000021e0       0xbc c:/program files (x86)/atmel/studio/7.0/toolchain/arm/arm-gnu-toolchain/bin/../lib/gcc/arm-none-eabi/6.3.1/../../../../arm-none-eabi/lib/thumb/v6-m\libc_nano.a(lib_a-nano-mallocr.o)
                0x000021e0                _malloc_r
 .text._sbrk_r  0x0000229c       0x24 c:/program files (x86)/atmel/studio/7.0/toolchain/arm/arm-gnu-toolchain/bin/../lib/gcc/arm-none-eabi/6.3.1/../../../../arm-none-eabi/lib/thumb/v6-m\libc_nano.a(lib_a-sbrkr.o)
                0x0000229c                _sbrk_r
 .text.__sread  0x000022c0       0x28 c:/program files (x86)/atmel/studio/7.0/toolchain/arm/arm-gnu-toolchain/bin/../lib/gcc/arm-none-eabi/6.3.1/../../../../arm-none-eabi/lib/thumb/v6-m\libc_nano.a(lib_a-stdio.o)
                0x000022c0                __sread
 .text.__swrite
                0x000022e8       0x38 c:/program files (x86)/atmel/studio/7.0/toolchain/arm/arm-gnu-toolchain/bin/../lib/gcc/arm-none-eabi/6.3.1/../../../../arm-none-eabi/lib/thumb/v6-m\libc_nano.a(lib_a-stdio.o)
                0x000022e8                __swrite
 .text.__sseek  0x00002320       0x2c c:/program files (x86)/atmel/studio/7.0/toolchain/arm/arm-gnu-toolchain/bin/../lib/gcc/arm-none-eabi/6.3.1/../../../../arm-none-eabi/lib/thumb/v6-m\libc_nano.a(lib_a-stdio.o)
                0x00002320                __sseek
 .text.__sclose
                0x0000234c        0xc c:/program files (x86)/atmel/studio/7.0/toolchain/arm/arm-gnu-toolchain/bin/../lib/gcc/arm-none-eabi/6.3.1/../../../../arm-none-eabi/lib/thumb/v6-m\libc_nano.a(lib_a-stdio.o)
                0x0000234c                __sclose
 .text._write_r
                0x00002358       0x28 c:/program files (x86)/atmel/studio/7.0/toolchain/arm/arm-gnu-toolchain/bin/../lib/gcc/arm-none-eabi/6.3.1/../../../../arm-none-eabi/lib/thumb/v6-m\libc_nano.a(lib_a-writer.o)
                0x00002358                _write_r
 .text._close_r
                0x00002380       0x24 c:/program files (x86)/atmel/studio/7.0/toolchain/arm/arm-gnu-toolchain/bin/../lib/gcc/arm-none-eabi/6.3.1/../../../../arm-none-eabi/lib/thumb/v6-m\libc_nano.a(lib_a-closer.o)
                0x00002380                _close_r
 .text._fstat_r
                0x000023a4       0x24 c:/program files (x86)/atmel/studio/7.0/toolchain/arm/arm-gnu-toolchain/bin/../lib/gcc/arm-none-eabi/6.3.1/../../../../arm-none-eabi/lib/thumb/v6-m\libc_nano.a(lib_a-fstatr.o)
                0x000023a4                _fstat_r
 .text._lseek_r
                0x000023c8       0x28 c:/program files (x86)/atmel/studio/7.0/toolchain/arm/arm-gnu-toolchain/bin/../lib/gcc/arm-none-eabi/6.3.1/../../../../arm-none-eabi/lib/thumb/v6-m\libc_nano.a(lib_a-lseekr.o)
                0x000023c8                _lseek_r
 .text.__malloc_lock
                0x000023f0        0x2 c:/program files (x86)/atmel/studio/7.0/toolchain/arm/arm-gnu-toolchain/bin/../lib/gcc/arm-none-eabi/6.3.1/../../../../arm-none-eabi/lib/thumb/v6-m\libc_nano.a(lib_a-mlock.o)
                0x000023f0                __malloc_lock
 .text.__malloc_unlock
                0x000023f2        0x2 c:/program files (x86)/atmel/studio/7.0/toolchain/arm/arm-gnu-toolchain/bin/../lib/gcc/arm-none-eabi/6.3.1/../../../../arm-none-eabi/lib/thumb/v6-m\libc_nano.a(lib_a-mlock.o)
                0x000023f2                __malloc_unlock
 .text._read_r  0x000023f4       0x28 c:/program files (x86)/atmel/studio/7.0/toolchain/arm/arm-gnu-toolchain/bin/../lib/gcc/arm-none-eabi/6.3.1/../../../../arm-none-eabi/lib/thumb/v6-m\libc_nano.a(lib_a-readr.o)
                0x000023f4                _read_r
 *(.glue_7t)
 .glue_7t       0x0000241c        0x0 linker stubs
 *(.glue_7)
 .glue_7        0x0000241c        0x0 linker stubs
 *(.rodata .rodata* .gnu.linkonce.r.*)
 .rodata.str1.4
                0x0000241c       0x14 hal/src/hal_io.o
 .rodata.str1.4
                0x00002430       0x17 hal/src/hal_timer.o
 *fill*         0x00002447        0x1 
 .rodata.str1.4
                0x00002448       0x1d hal/src/hal_usart_async.o
 *fill*         0x00002465        0x3 
 .rodata.str1.4
                0x00002468       0x1c hal/src/hal_usart_sync.o
 .rodata.str1.4
                0x00002484       0x1e hal/utils/src/utils_list.o
 *fill*         0x000024a2        0x2 
 .rodata.str1.4
                0x000024a4       0x24 hal/utils/src/utils_ringbuffer.o
 .rodata.str1.4
                0x000024c8       0x15 hpl/rtc/hpl_rtc.o
 *fill*         0x000024dd        0x3 
 .rodata        0x000024e0       0x75 hpl/sercom/hpl_sercom.o
 *fill*         0x00002555        0x3 
 .rodata.str1.4
                0x00002558       0x1c hpl/sercom/hpl_sercom.o
                                 0x1b (size before relaxing)
 .rodata        0x00002574       0x2e ..\qtouch\lib\gcc\libqtm_acq_samd21_0x0024.a(sam_acq_g_samd21.o)
 *fill*         0x000025a2        0x2 
 .rodata._global_impure_ptr
                0x000025a4        0x4 c:/program files (x86)/atmel/studio/7.0/toolchain/arm/arm-gnu-toolchain/bin/../lib/gcc/arm-none-eabi/6.3.1/../../../../arm-none-eabi/lib/thumb/v6-m\libc_nano.a(lib_a-impure.o)
                0x000025a4                _global_impure_ptr
 .rodata.__sf_fake_stderr
                0x000025a8       0x20 c:/program files (x86)/atmel/studio/7.0/toolchain/arm/arm-gnu-toolchain/bin/../lib/gcc/arm-none-eabi/6.3.1/../../../../arm-none-eabi/lib/thumb/v6-m\libc_nano.a(lib_a-findfp.o)
                0x000025a8                __sf_fake_stderr
 .rodata.__sf_fake_stdin
                0x000025c8       0x20 c:/program files (x86)/atmel/studio/7.0/toolchain/arm/arm-gnu-toolchain/bin/../lib/gcc/arm-none-eabi/6.3.1/../../../../arm-none-eabi/lib/thumb/v6-m\libc_nano.a(lib_a-findfp.o)
                0x000025c8                __sf_fake_stdin
 .rodata.__sf_fake_stdout
                0x000025e8       0x20 c:/program files (x86)/atmel/studio/7.0/toolchain/arm/arm-gnu-toolchain/bin/../lib/gcc/arm-none-eabi/6.3.1/../../../../arm-none-eabi/lib/thumb/v6-m\libc_nano.a(lib_a-findfp.o)
                0x000025e8                __sf_fake_stdout
 *(.ARM.extab* .gnu.linkonce.armextab.*)
                0x00002608                . = ALIGN (0x4)
 *(.init)
 .init          0x00002608        0x4 c:/program files (x86)/atmel/studio/7.0/toolchain/arm/arm-gnu-toolchain/bin/../lib/gcc/arm-none-eabi/6.3.1/thumb/v6-m/crti.o
                0x00002608                _init
 .init          0x0000260c        0x8 c:/program files (x86)/atmel/studio/7.0/toolchain/arm/arm-gnu-toolchain/bin/../lib/gcc/arm-none-eabi/6.3.1/thumb/v6-m/crtn.o
                0x00002614                . = ALIGN (0x4)
                0x00002614                __preinit_array_start = .
 *(.preinit_array)
                0x00002614                __preinit_array_end = .
                0x00002614                . = ALIGN (0x4)
                0x00002614                __init_array_start = .
 *(SORT(.init_array.*))
 *(.init_array)
 .init_array    0x00002614        0x4 c:/program files (x86)/atmel/studio/7.0/toolchain/arm/arm-gnu-toolchain/bin/../lib/gcc/arm-none-eabi/6.3.1/thumb/v6-m/crtbegin.o
                0x00002618                __init_array_end = .
                0x00002618                . = ALIGN (0x4)
 *crtbegin.o(.ctors)
 *(EXCLUDE_FILE(*crtend.o) .ctors)
 *(SORT(.ctors.*))
 *crtend.o(.ctors)
                0x00002618                . = ALIGN (0x4)
 *(.fini)
 .fini          0x00002618        0x4 c:/program files (x86)/atmel/studio/7.0/toolchain/arm/arm-gnu-toolchain/bin/../lib/gcc/arm-none-eabi/6.3.1/thumb/v6-m/crti.o
                0x00002618                _fini
 .fini          0x0000261c        0x8 c:/program files (x86)/atmel/studio/7.0/toolchain/arm/arm-gnu-toolchain/bin/../lib/gcc/arm-none-eabi/6.3.1/thumb/v6-m/crtn.o
                0x00002624                . = ALIGN (0x4)
                0x00002624                __fini_array_start = .
 *(.fini_array)
 .fini_array    0x00002624        0x4 c:/program files (x86)/atmel/studio/7.0/toolchain/arm/arm-gnu-toolchain/bin/../lib/gcc/arm-none-eabi/6.3.1/thumb/v6-m/crtbegin.o
 *(SORT(.fini_array.*))
                0x00002628                __fini_array_end = .
 *crtbegin.o(.dtors)
 *(EXCLUDE_FILE(*crtend.o) .dtors)
 *(SORT(.dtors.*))
 *crtend.o(.dtors)
                0x00002628                . = ALIGN (0x4)
                0x00002628                _efixed = .
                [!provide]                PROVIDE (__exidx_start, .)

.vfp11_veneer   0x00002628        0x0
 .vfp11_veneer  0x00002628        0x0 linker stubs

.v4_bx          0x00002628        0x0
 .v4_bx         0x00002628        0x0 linker stubs

.iplt           0x00002628        0x0
 .iplt          0x00002628        0x0 c:/program files (x86)/atmel/studio/7.0/toolchain/arm/arm-gnu-toolchain/bin/../lib/gcc/arm-none-eabi/6.3.1/thumb/v6-m/crtbegin.o

.eh_frame       0x00002628        0x0
 .eh_frame      0x00002628        0x0 c:/program files (x86)/atmel/studio/7.0/toolchain/arm/arm-gnu-toolchain/bin/../lib/gcc/arm-none-eabi/6.3.1/thumb/v6-m/crtbegin.o

.rel.dyn        0x00002628        0x0
 .rel.iplt      0x00002628        0x0 c:/program files (x86)/atmel/studio/7.0/toolchain/arm/arm-gnu-toolchain/bin/../lib/gcc/arm-none-eabi/6.3.1/thumb/v6-m/crtbegin.o

.jcr            0x00002628        0x0
 .jcr           0x00002628        0x0 c:/program files (x86)/atmel/studio/7.0/toolchain/arm/arm-gnu-toolchain/bin/../lib/gcc/arm-none-eabi/6.3.1/thumb/v6-m/crtbegin.o

.igot.plt       0x00002628        0x0
 .igot.plt      0x00002628        0x0 c:/program files (x86)/atmel/studio/7.0/toolchain/arm/arm-gnu-toolchain/bin/../lib/gcc/arm-none-eabi/6.3.1/thumb/v6-m/crtbegin.o

.ARM.exidx
 *(.ARM.exidx* .gnu.linkonce.armexidx.*)
                [!provide]                PROVIDE (__exidx_end, .)
                0x00002628                . = ALIGN (0x4)
                0x00002628                _etext = .

.relocate       0x20000000       0xac load address 0x00002628
                0x20000000                . = ALIGN (0x4)
                0x20000000                _srelocate = .
 *(.ramfunc .ramfunc.*)
 *(.data .data.*)
 .data          0x20000000       0x46 qtouch/touch.o
                0x20000000                qtlib_acq_set1
                0x2000000c                qtlib_key_set1
                0x2000001c                qtlib_key_configs_set1
                0x20000024                qtlib_key_grp_config_set1
                0x20000030                ptc_seq_node_cfg1
                0x20000040                ptc_qtlib_acq_gen1
 .data          0x20000046        0x1 ..\qtouch\lib\gcc\libqtm_acq_samd21_0x0024.a(sam_acq_g_samd21.o)
                0x20000046                qtm_which_mode_current
 *fill*         0x20000047        0x1 
 .data._impure_ptr
                0x20000048        0x4 c:/program files (x86)/atmel/studio/7.0/toolchain/arm/arm-gnu-toolchain/bin/../lib/gcc/arm-none-eabi/6.3.1/../../../../arm-none-eabi/lib/thumb/v6-m\libc_nano.a(lib_a-impure.o)
                0x20000048                _impure_ptr
 .data.impure_data
                0x2000004c       0x60 c:/program files (x86)/atmel/studio/7.0/toolchain/arm/arm-gnu-toolchain/bin/../lib/gcc/arm-none-eabi/6.3.1/../../../../arm-none-eabi/lib/thumb/v6-m\libc_nano.a(lib_a-impure.o)
                0x200000ac                . = ALIGN (0x4)
                0x200000ac                _erelocate = .

.bss            0x200000ac      0x198 load address 0x000026d4
                0x200000ac                . = ALIGN (0x4)
                0x200000ac                _sbss = .
                0x200000ac                _szero = .
 *(.bss .bss.*)
 .bss           0x200000ac       0x1c c:/program files (x86)/atmel/studio/7.0/toolchain/arm/arm-gnu-toolchain/bin/../lib/gcc/arm-none-eabi/6.3.1/thumb/v6-m/crtbegin.o
 .bss           0x200000c8       0x20 driver_init.o
 .bss           0x200000e8        0x4 hal/src/hal_delay.o
 .bss           0x200000ec        0x4 hal/utils/src/utils_syscalls.o
 .bss           0x200000f0        0x4 hpl/rtc/hpl_rtc.o
 .bss           0x200000f4        0x8 hpl/sercom/hpl_sercom.o
 .bss           0x200000fc       0x1c qtouch/touch.o
                0x200000fc                touch_postprocess_request
                0x200000fd                module_error_code
                0x200000fe                time_to_measure_touch_flag
                0x200000ff                measurement_done_touch
 .bss           0x20000118        0x4 stdio_redirect/stdio_io.o
 .bss           0x2000011c        0x2 ..\qtouch\lib\gcc\libqtm_touch_key_cm0p_0x0002.a(sam_touch_key_g_cm0p.o)
                0x2000011c                qtm_local_ms_timecount
 *fill*         0x2000011e        0x2 
 .bss           0x20000120       0x14 ..\qtouch\lib\gcc\libqtm_acq_samd21_0x0024.a(sam_acq_g_samd21.o)
                0x20000120                current_measure_channel
 .bss.__malloc_free_list
                0x20000134        0x4 c:/program files (x86)/atmel/studio/7.0/toolchain/arm/arm-gnu-toolchain/bin/../lib/gcc/arm-none-eabi/6.3.1/../../../../arm-none-eabi/lib/thumb/v6-m\libc_nano.a(lib_a-nano-mallocr.o)
                0x20000134                __malloc_free_list
 .bss.__malloc_sbrk_start
                0x20000138        0x4 c:/program files (x86)/atmel/studio/7.0/toolchain/arm/arm-gnu-toolchain/bin/../lib/gcc/arm-none-eabi/6.3.1/../../../../arm-none-eabi/lib/thumb/v6-m\libc_nano.a(lib_a-nano-mallocr.o)
                0x20000138                __malloc_sbrk_start
 *(COMMON)
 COMMON         0x2000013c       0xc8 driver_init.o
                0x2000013c                SERIAL
                0x2000018c                TARGET_IO
                0x20000198                Timer
                0x200001b4                USART
 COMMON         0x20000204       0x30 qtouch/touch.o
                0x20000204                qtlib_key_grp_data_set1
                0x2000020c                ptc_qtlib_node_stat1
                0x20000218                touch_acq_signals_raw
                0x2000021c                qtlib_key_data_set1
 COMMON         0x20000234        0xc ..\qtouch\lib\gcc\libqtm_acq_samd21_0x0024.a(sam_acq_g_samd21.o)
                0x20000234                p_qtm_drivenshield_config
                0x20000238                qtm_acquisition_control_working_set_ptr
                0x2000023c                qtm_raw_data_measurements_ptr
 COMMON         0x20000240        0x4 c:/program files (x86)/atmel/studio/7.0/toolchain/arm/arm-gnu-toolchain/bin/../lib/gcc/arm-none-eabi/6.3.1/../../../../arm-none-eabi/lib/thumb/v6-m\libc_nano.a(lib_a-reent.o)
                0x20000240                errno
                0x20000244                . = ALIGN (0x4)
                0x20000244                _ebss = .
                0x20000244                _ezero = .

.stack          0x20000244     0x2004 load address 0x0000286c
                0x20000248                . = ALIGN (0x8)
 *fill*         0x20000244        0x4 
                0x20000248                _sstack = .
                0x20002248                . = (. + STACK_SIZE)
 *fill*         0x20000248     0x2000 
                0x20002248                . = ALIGN (0x8)
                0x20002248                _estack = .
                0x20002248                . = ALIGN (0x4)
                0x20002248                _end = .
OUTPUT(WorkingProject.elf elf32-littlearm)

.ARM.attributes
                0x00000000       0x2d
 .ARM.attributes
                0x00000000       0x1e c:/program files (x86)/atmel/studio/7.0/toolchain/arm/arm-gnu-toolchain/bin/../lib/gcc/arm-none-eabi/6.3.1/thumb/v6-m/crti.o
 .ARM.attributes
                0x0000001e       0x2c c:/program files (x86)/atmel/studio/7.0/toolchain/arm/arm-gnu-toolchain/bin/../lib/gcc/arm-none-eabi/6.3.1/thumb/v6-m/crtbegin.o
 .ARM.attributes
                0x0000004a       0x32 atmel_start.o
 .ARM.attributes
                0x0000007c       0x32 Device_Startup/startup_samd21.o
 .ARM.attributes
                0x000000ae       0x32 driver_init.o
 .ARM.attributes
                0x000000e0       0x32 hal/src/hal_atomic.o
 .ARM.attributes
                0x00000112       0x32 hal/src/hal_delay.o
 .ARM.attributes
                0x00000144       0x32 hal/src/hal_io.o
 .ARM.attributes
                0x00000176       0x32 hal/src/hal_timer.o
 .ARM.attributes
                0x000001a8       0x32 hal/src/hal_usart_async.o
 .ARM.attributes
                0x000001da       0x32 hal/src/hal_usart_sync.o
 .ARM.attributes
                0x0000020c       0x32 hal/utils/src/utils_assert.o
 .ARM.attributes
                0x0000023e       0x32 hal/utils/src/utils_list.o
 .ARM.attributes
                0x00000270       0x32 hal/utils/src/utils_ringbuffer.o
 .ARM.attributes
                0x000002a2       0x32 hal/utils/src/utils_syscalls.o
 .ARM.attributes
                0x000002d4       0x32 hpl/core/hpl_core_m0plus_base.o
 .ARM.attributes
                0x00000306       0x32 hpl/core/hpl_init.o
 .ARM.attributes
                0x00000338       0x32 hpl/gclk/hpl_gclk.o
 .ARM.attributes
                0x0000036a       0x32 hpl/pm/hpl_pm.o
 .ARM.attributes
                0x0000039c       0x32 hpl/rtc/hpl_rtc.o
 .ARM.attributes
                0x000003ce       0x32 hpl/sercom/hpl_sercom.o
 .ARM.attributes
                0x00000400       0x32 hpl/sysctrl/hpl_sysctrl.o
 .ARM.attributes
                0x00000432       0x32 hpl/systick/hpl_systick.o
 .ARM.attributes
                0x00000464       0x32 main.o
 .ARM.attributes
                0x00000496       0x32 qtouch/datastreamer/datastreamer_UART_sam.o
 .ARM.attributes
                0x000004c8       0x32 qtouch/touch.o
 .ARM.attributes
                0x000004fa       0x32 stdio_redirect/gcc/read.o
 .ARM.attributes
                0x0000052c       0x32 stdio_redirect/gcc/write.o
 .ARM.attributes
                0x0000055e       0x32 stdio_redirect/stdio_io.o
 .ARM.attributes
                0x00000590       0x32 stdio_start.o
 .ARM.attributes
                0x000005c2       0x32 Usart_test.o
 .ARM.attributes
                0x000005f4       0x30 ..\qtouch\lib\gcc\libqtm_touch_key_cm0p_0x0002.a(sam_touch_key_g_cm0p.o)
 .ARM.attributes
                0x00000624       0x32 ..\qtouch\lib\gcc\libqtm_acq_samd21_0x0024.a(sam_acq_g_samd21.o)
 .ARM.attributes
                0x00000656       0x2c c:/program files (x86)/atmel/studio/7.0/toolchain/arm/arm-gnu-toolchain/bin/../lib/gcc/arm-none-eabi/6.3.1/../../../../arm-none-eabi/lib/thumb/v6-m\libc_nano.a(lib_a-impure.o)
 .ARM.attributes
                0x00000682       0x2c c:/program files (x86)/atmel/studio/7.0/toolchain/arm/arm-gnu-toolchain/bin/../lib/gcc/arm-none-eabi/6.3.1/../../../../arm-none-eabi/lib/thumb/v6-m\libc_nano.a(lib_a-init.o)
 .ARM.attributes
                0x000006ae       0x2c c:/program files (x86)/atmel/studio/7.0/toolchain/arm/arm-gnu-toolchain/bin/../lib/gcc/arm-none-eabi/6.3.1/../../../../arm-none-eabi/lib/thumb/v6-m\libc_nano.a(lib_a-memset.o)
 .ARM.attributes
                0x000006da       0x2c c:/program files (x86)/atmel/studio/7.0/toolchain/arm/arm-gnu-toolchain/bin/../lib/gcc/arm-none-eabi/6.3.1/../../../../arm-none-eabi/lib/thumb/v6-m\libc_nano.a(lib_a-setbuf.o)
 .ARM.attributes
                0x00000706       0x2c c:/program files (x86)/atmel/studio/7.0/toolchain/arm/arm-gnu-toolchain/bin/../lib/gcc/arm-none-eabi/6.3.1/../../../../arm-none-eabi/lib/thumb/v6-m\libc_nano.a(lib_a-setvbuf.o)
 .ARM.attributes
                0x00000732       0x2c c:/program files (x86)/atmel/studio/7.0/toolchain/arm/arm-gnu-toolchain/bin/../lib/gcc/arm-none-eabi/6.3.1/../../../../arm-none-eabi/lib/thumb/v6-m\libc_nano.a(lib_a-fflush.o)
 .ARM.attributes
                0x0000075e       0x2c c:/program files (x86)/atmel/studio/7.0/toolchain/arm/arm-gnu-toolchain/bin/../lib/gcc/arm-none-eabi/6.3.1/../../../../arm-none-eabi/lib/thumb/v6-m\libc_nano.a(lib_a-findfp.o)
 .ARM.attributes
                0x0000078a       0x2c c:/program files (x86)/atmel/studio/7.0/toolchain/arm/arm-gnu-toolchain/bin/../lib/gcc/arm-none-eabi/6.3.1/../../../../arm-none-eabi/lib/thumb/v6-m\libc_nano.a(lib_a-fwalk.o)
 .ARM.attributes
                0x000007b6       0x2c c:/program files (x86)/atmel/studio/7.0/toolchain/arm/arm-gnu-toolchain/bin/../lib/gcc/arm-none-eabi/6.3.1/../../../../arm-none-eabi/lib/thumb/v6-m\libc_nano.a(lib_a-makebuf.o)
 .ARM.attributes
                0x000007e2       0x2c c:/program files (x86)/atmel/studio/7.0/toolchain/arm/arm-gnu-toolchain/bin/../lib/gcc/arm-none-eabi/6.3.1/../../../../arm-none-eabi/lib/thumb/v6-m\libc_nano.a(lib_a-malloc.o)
 .ARM.attributes
                0x0000080e       0x2c c:/program files (x86)/atmel/studio/7.0/toolchain/arm/arm-gnu-toolchain/bin/../lib/gcc/arm-none-eabi/6.3.1/../../../../arm-none-eabi/lib/thumb/v6-m\libc_nano.a(lib_a-nano-freer.o)
 .ARM.attributes
                0x0000083a       0x2c c:/program files (x86)/atmel/studio/7.0/toolchain/arm/arm-gnu-toolchain/bin/../lib/gcc/arm-none-eabi/6.3.1/../../../../arm-none-eabi/lib/thumb/v6-m\libc_nano.a(lib_a-nano-mallocr.o)
 .ARM.attributes
                0x00000866       0x2c c:/program files (x86)/atmel/studio/7.0/toolchain/arm/arm-gnu-toolchain/bin/../lib/gcc/arm-none-eabi/6.3.1/../../../../arm-none-eabi/lib/thumb/v6-m\libc_nano.a(lib_a-sbrkr.o)
 .ARM.attributes
                0x00000892       0x2c c:/program files (x86)/atmel/studio/7.0/toolchain/arm/arm-gnu-toolchain/bin/../lib/gcc/arm-none-eabi/6.3.1/../../../../arm-none-eabi/lib/thumb/v6-m\libc_nano.a(lib_a-stdio.o)
 .ARM.attributes
                0x000008be       0x2c c:/program files (x86)/atmel/studio/7.0/toolchain/arm/arm-gnu-toolchain/bin/../lib/gcc/arm-none-eabi/6.3.1/../../../../arm-none-eabi/lib/thumb/v6-m\libc_nano.a(lib_a-writer.o)
 .ARM.attributes
                0x000008ea       0x2c c:/program files (x86)/atmel/studio/7.0/toolchain/arm/arm-gnu-toolchain/bin/../lib/gcc/arm-none-eabi/6.3.1/../../../../arm-none-eabi/lib/thumb/v6-m\libc_nano.a(lib_a-closer.o)
 .ARM.attributes
                0x00000916       0x2c c:/program files (x86)/atmel/studio/7.0/toolchain/arm/arm-gnu-toolchain/bin/../lib/gcc/arm-none-eabi/6.3.1/../../../../arm-none-eabi/lib/thumb/v6-m\libc_nano.a(lib_a-fstatr.o)
 .ARM.attributes
                0x00000942       0x2c c:/program files (x86)/atmel/studio/7.0/toolchain/arm/arm-gnu-toolchain/bin/../lib/gcc/arm-none-eabi/6.3.1/../../../../arm-none-eabi/lib/thumb/v6-m\libc_nano.a(lib_a-lseekr.o)
 .ARM.attributes
                0x0000096e       0x2c c:/program files (x86)/atmel/studio/7.0/toolchain/arm/arm-gnu-toolchain/bin/../lib/gcc/arm-none-eabi/6.3.1/../../../../arm-none-eabi/lib/thumb/v6-m\libc_nano.a(lib_a-mlock.o)
 .ARM.attributes
                0x0000099a       0x2c c:/program files (x86)/atmel/studio/7.0/toolchain/arm/arm-gnu-toolchain/bin/../lib/gcc/arm-none-eabi/6.3.1/../../../../arm-none-eabi/lib/thumb/v6-m\libc_nano.a(lib_a-readr.o)
 .ARM.attributes
                0x000009c6       0x2c c:/program files (x86)/atmel/studio/7.0/toolchain/arm/arm-gnu-toolchain/bin/../lib/gcc/arm-none-eabi/6.3.1/../../../../arm-none-eabi/lib/thumb/v6-m\libc_nano.a(lib_a-reent.o)
 .ARM.attributes
                0x000009f2       0x1e c:/program files (x86)/atmel/studio/7.0/toolchain/arm/arm-gnu-toolchain/bin/../lib/gcc/arm-none-eabi/6.3.1/thumb/v6-m/crtn.o

.comment        0x00000000       0xc7
 .comment       0x00000000       0x59 atmel_start.o
                                 0x5a (size before relaxing)
 .comment       0x00000059       0x5a Device_Startup/startup_samd21.o
 .comment       0x00000059       0x5a driver_init.o
 .comment       0x00000059       0x5a hal/src/hal_atomic.o
 .comment       0x00000059       0x5a hal/src/hal_delay.o
 .comment       0x00000059       0x5a hal/src/hal_io.o
 .comment       0x00000059       0x5a hal/src/hal_timer.o
 .comment       0x00000059       0x5a hal/src/hal_usart_async.o
 .comment       0x00000059       0x5a hal/src/hal_usart_sync.o
 .comment       0x00000059       0x5a hal/utils/src/utils_assert.o
 .comment       0x00000059       0x5a hal/utils/src/utils_list.o
 .comment       0x00000059       0x5a hal/utils/src/utils_ringbuffer.o
 .comment       0x00000059       0x5a hal/utils/src/utils_syscalls.o
 .comment       0x00000059       0x5a hpl/core/hpl_core_m0plus_base.o
 .comment       0x00000059       0x5a hpl/core/hpl_init.o
 .comment       0x00000059       0x5a hpl/gclk/hpl_gclk.o
 .comment       0x00000059       0x5a hpl/pm/hpl_pm.o
 .comment       0x00000059       0x5a hpl/rtc/hpl_rtc.o
 .comment       0x00000059       0x5a hpl/sercom/hpl_sercom.o
 .comment       0x00000059       0x5a hpl/sysctrl/hpl_sysctrl.o
 .comment       0x00000059       0x5a hpl/systick/hpl_systick.o
 .comment       0x00000059       0x5a main.o
 .comment       0x00000059       0x5a qtouch/datastreamer/datastreamer_UART_sam.o
 .comment       0x00000059       0x5a qtouch/touch.o
 .comment       0x00000059       0x5a stdio_redirect/gcc/read.o
 .comment       0x00000059       0x5a stdio_redirect/gcc/write.o
 .comment       0x00000059       0x5a stdio_redirect/stdio_io.o
 .comment       0x00000059       0x5a stdio_start.o
 .comment       0x00000059       0x5a Usart_test.o
 .comment       0x00000059       0x6e ..\qtouch\lib\gcc\libqtm_touch_key_cm0p_0x0002.a(sam_touch_key_g_cm0p.o)
                                 0x6f (size before relaxing)
 .comment       0x000000c7       0x6f ..\qtouch\lib\gcc\libqtm_acq_samd21_0x0024.a(sam_acq_g_samd21.o)

.debug_info     0x00000000    0x2a279
 .debug_info    0x00000000      0xe5e atmel_start.o
 .debug_info    0x00000e5e     0x3a2c Device_Startup/startup_samd21.o
 .debug_info    0x0000488a     0x92bf driver_init.o
 .debug_info    0x0000db49      0x1d1 hal/src/hal_atomic.o
 .debug_info    0x0000dd1a      0x1dc hal/src/hal_delay.o
 .debug_info    0x0000def6      0x2b2 hal/src/hal_io.o
 .debug_info    0x0000e1a8      0xb91 hal/src/hal_timer.o
 .debug_info    0x0000ed39     0x129e hal/src/hal_usart_async.o
 .debug_info    0x0000ffd7      0xc56 hal/src/hal_usart_sync.o
 .debug_info    0x00010c2d      0x107 hal/utils/src/utils_assert.o
 .debug_info    0x00010d34      0x314 hal/utils/src/utils_list.o
 .debug_info    0x00011048      0x2f1 hal/utils/src/utils_ringbuffer.o
 .debug_info    0x00011339      0xdca hal/utils/src/utils_syscalls.o
 .debug_info    0x00012103      0x801 hpl/core/hpl_core_m0plus_base.o
 .debug_info    0x00012904      0x68a hpl/core/hpl_init.o
 .debug_info    0x00012f8e      0x745 hpl/gclk/hpl_gclk.o
 .debug_info    0x000136d3      0xc6d hpl/pm/hpl_pm.o
 .debug_info    0x00014340     0x2064 hpl/rtc/hpl_rtc.o
 .debug_info    0x000163a4     0xb670 hpl/sercom/hpl_sercom.o
 .debug_info    0x00021a14     0x1a1c hpl/sysctrl/hpl_sysctrl.o
 .debug_info    0x00023430      0x25e hpl/systick/hpl_systick.o
 .debug_info    0x0002368e      0xf5d main.o
 .debug_info    0x000245eb      0xb1b qtouch/datastreamer/datastreamer_UART_sam.o
 .debug_info    0x00025106     0x1b28 qtouch/touch.o
 .debug_info    0x00026c2e      0xa34 stdio_redirect/gcc/read.o
 .debug_info    0x00027662      0xa34 stdio_redirect/gcc/write.o
 .debug_info    0x00028096      0xbe2 stdio_redirect/stdio_io.o
 .debug_info    0x00028c78      0xe99 stdio_start.o
 .debug_info    0x00029b11      0x768 Usart_test.o

.debug_abbrev   0x00000000     0x3cc8
 .debug_abbrev  0x00000000      0x1b4 atmel_start.o
 .debug_abbrev  0x000001b4      0x227 Device_Startup/startup_samd21.o
 .debug_abbrev  0x000003db      0x3b1 driver_init.o
 .debug_abbrev  0x0000078c      0x144 hal/src/hal_atomic.o
 .debug_abbrev  0x000008d0       0xe1 hal/src/hal_delay.o
 .debug_abbrev  0x000009b1      0x115 hal/src/hal_io.o
 .debug_abbrev  0x00000ac6      0x221 hal/src/hal_timer.o
 .debug_abbrev  0x00000ce7      0x29f hal/src/hal_usart_async.o
 .debug_abbrev  0x00000f86      0x217 hal/src/hal_usart_sync.o
 .debug_abbrev  0x0000119d       0x86 hal/utils/src/utils_assert.o
 .debug_abbrev  0x00001223      0x152 hal/utils/src/utils_list.o
 .debug_abbrev  0x00001375       0xf4 hal/utils/src/utils_ringbuffer.o
 .debug_abbrev  0x00001469      0x269 hal/utils/src/utils_syscalls.o
 .debug_abbrev  0x000016d2      0x2a8 hpl/core/hpl_core_m0plus_base.o
 .debug_abbrev  0x0000197a      0x1d9 hpl/core/hpl_init.o
 .debug_abbrev  0x00001b53      0x1c3 hpl/gclk/hpl_gclk.o
 .debug_abbrev  0x00001d16      0x211 hpl/pm/hpl_pm.o
 .debug_abbrev  0x00001f27      0x3ed hpl/rtc/hpl_rtc.o
 .debug_abbrev  0x00002314      0x5bf hpl/sercom/hpl_sercom.o
 .debug_abbrev  0x000028d3      0x265 hpl/sysctrl/hpl_sysctrl.o
 .debug_abbrev  0x00002b38      0x172 hpl/systick/hpl_systick.o
 .debug_abbrev  0x00002caa      0x1da main.o
 .debug_abbrev  0x00002e84      0x18c qtouch/datastreamer/datastreamer_UART_sam.o
 .debug_abbrev  0x00003010      0x316 qtouch/touch.o
 .debug_abbrev  0x00003326      0x1e8 stdio_redirect/gcc/read.o
 .debug_abbrev  0x0000350e      0x1e8 stdio_redirect/gcc/write.o
 .debug_abbrev  0x000036f6      0x229 stdio_redirect/stdio_io.o
 .debug_abbrev  0x0000391f      0x1e2 stdio_start.o
 .debug_abbrev  0x00003b01      0x1c7 Usart_test.o

.debug_loc      0x00000000     0xccac
 .debug_loc     0x00000000       0x20 atmel_start.o
 .debug_loc     0x00000020       0x78 Device_Startup/startup_samd21.o
 .debug_loc     0x00000098      0x851 driver_init.o
 .debug_loc     0x000008e9       0x13 hal/src/hal_atomic.o
 .debug_loc     0x000008fc       0xc3 hal/src/hal_delay.o
 .debug_loc     0x000009bf      0x1b6 hal/src/hal_io.o
 .debug_loc     0x00000b75      0x767 hal/src/hal_timer.o
 .debug_loc     0x000012dc      0xf92 hal/src/hal_usart_async.o
 .debug_loc     0x0000226e      0xa26 hal/src/hal_usart_sync.o
 .debug_loc     0x00002c94      0x213 hal/utils/src/utils_list.o
 .debug_loc     0x00002ea7      0x2d1 hal/utils/src/utils_ringbuffer.o
 .debug_loc     0x00003178      0x13b hal/utils/src/utils_syscalls.o
 .debug_loc     0x000032b3      0x29d hpl/core/hpl_core_m0plus_base.o
 .debug_loc     0x00003550       0x4c hpl/core/hpl_init.o
 .debug_loc     0x0000359c      0x368 hpl/gclk/hpl_gclk.o
 .debug_loc     0x00003904      0x11b hpl/pm/hpl_pm.o
 .debug_loc     0x00003a1f      0x55f hpl/rtc/hpl_rtc.o
 .debug_loc     0x00003f7e     0x801a hpl/sercom/hpl_sercom.o
 .debug_loc     0x0000bf98      0x2e0 hpl/sysctrl/hpl_sysctrl.o
 .debug_loc     0x0000c278       0xf9 hpl/systick/hpl_systick.o
 .debug_loc     0x0000c371       0x20 main.o
 .debug_loc     0x0000c391      0x168 qtouch/datastreamer/datastreamer_UART_sam.o
 .debug_loc     0x0000c4f9      0x2ff qtouch/touch.o
 .debug_loc     0x0000c7f8       0xfe stdio_redirect/gcc/read.o
 .debug_loc     0x0000c8f6       0xf2 stdio_redirect/gcc/write.o
 .debug_loc     0x0000c9e8      0x153 stdio_redirect/stdio_io.o
 .debug_loc     0x0000cb3b       0x40 stdio_start.o
 .debug_loc     0x0000cb7b      0x131 Usart_test.o

.debug_aranges  0x00000000      0xd20
 .debug_aranges
                0x00000000       0x20 atmel_start.o
 .debug_aranges
                0x00000020       0x28 Device_Startup/startup_samd21.o
 .debug_aranges
                0x00000048       0x80 driver_init.o
 .debug_aranges
                0x000000c8       0x30 hal/src/hal_atomic.o
 .debug_aranges
                0x000000f8       0x38 hal/src/hal_delay.o
 .debug_aranges
                0x00000130       0x30 hal/src/hal_io.o
 .debug_aranges
                0x00000160       0x70 hal/src/hal_timer.o
 .debug_aranges
                0x000001d0       0xe0 hal/src/hal_usart_async.o
 .debug_aranges
                0x000002b0       0xa8 hal/src/hal_usart_sync.o
 .debug_aranges
                0x00000358       0x20 hal/utils/src/utils_assert.o
 .debug_aranges
                0x00000378       0x48 hal/utils/src/utils_list.o
 .debug_aranges
                0x000003c0       0x40 hal/utils/src/utils_ringbuffer.o
 .debug_aranges
                0x00000400       0x60 hal/utils/src/utils_syscalls.o
 .debug_aranges
                0x00000460       0x70 hpl/core/hpl_core_m0plus_base.o
 .debug_aranges
                0x000004d0       0x20 hpl/core/hpl_init.o
 .debug_aranges
                0x000004f0       0x28 hpl/gclk/hpl_gclk.o
 .debug_aranges
                0x00000518       0x30 hpl/pm/hpl_pm.o
 .debug_aranges
                0x00000548       0x70 hpl/rtc/hpl_rtc.o
 .debug_aranges
                0x000005b8      0x528 hpl/sercom/hpl_sercom.o
 .debug_aranges
                0x00000ae0       0x28 hpl/sysctrl/hpl_sysctrl.o
 .debug_aranges
                0x00000b08       0x48 hpl/systick/hpl_systick.o
 .debug_aranges
                0x00000b50       0x20 main.o
 .debug_aranges
                0x00000b70       0x30 qtouch/datastreamer/datastreamer_UART_sam.o
 .debug_aranges
                0x00000ba0       0xa8 qtouch/touch.o
 .debug_aranges
                0x00000c48       0x20 stdio_redirect/gcc/read.o
 .debug_aranges
                0x00000c68       0x20 stdio_redirect/gcc/write.o
 .debug_aranges
                0x00000c88       0x38 stdio_redirect/stdio_io.o
 .debug_aranges
                0x00000cc0       0x28 stdio_start.o
 .debug_aranges
                0x00000ce8       0x38 Usart_test.o

.debug_ranges   0x00000000      0xd50
 .debug_ranges  0x00000000       0x10 atmel_start.o
 .debug_ranges  0x00000010       0x18 Device_Startup/startup_samd21.o
 .debug_ranges  0x00000028       0x70 driver_init.o
 .debug_ranges  0x00000098       0x20 hal/src/hal_atomic.o
 .debug_ranges  0x000000b8       0x28 hal/src/hal_delay.o
 .debug_ranges  0x000000e0       0x20 hal/src/hal_io.o
 .debug_ranges  0x00000100       0x90 hal/src/hal_timer.o
 .debug_ranges  0x00000190       0xd0 hal/src/hal_usart_async.o
 .debug_ranges  0x00000260       0x98 hal/src/hal_usart_sync.o
 .debug_ranges  0x000002f8       0x10 hal/utils/src/utils_assert.o
 .debug_ranges  0x00000308       0x38 hal/utils/src/utils_list.o
 .debug_ranges  0x00000340       0x30 hal/utils/src/utils_ringbuffer.o
 .debug_ranges  0x00000370       0x50 hal/utils/src/utils_syscalls.o
 .debug_ranges  0x000003c0       0x60 hpl/core/hpl_core_m0plus_base.o
 .debug_ranges  0x00000420       0x10 hpl/core/hpl_init.o
 .debug_ranges  0x00000430       0x18 hpl/gclk/hpl_gclk.o
 .debug_ranges  0x00000448       0x20 hpl/pm/hpl_pm.o
 .debug_ranges  0x00000468       0x60 hpl/rtc/hpl_rtc.o
 .debug_ranges  0x000004c8      0x6e8 hpl/sercom/hpl_sercom.o
 .debug_ranges  0x00000bb0       0x18 hpl/sysctrl/hpl_sysctrl.o
 .debug_ranges  0x00000bc8       0x38 hpl/systick/hpl_systick.o
 .debug_ranges  0x00000c00       0x10 main.o
 .debug_ranges  0x00000c10       0x20 qtouch/datastreamer/datastreamer_UART_sam.o
 .debug_ranges  0x00000c30       0x98 qtouch/touch.o
 .debug_ranges  0x00000cc8       0x10 stdio_redirect/gcc/read.o
 .debug_ranges  0x00000cd8       0x10 stdio_redirect/gcc/write.o
 .debug_ranges  0x00000ce8       0x28 stdio_redirect/stdio_io.o
 .debug_ranges  0x00000d10       0x18 stdio_start.o
 .debug_ranges  0x00000d28       0x28 Usart_test.o

.debug_macro    0x00000000    0x1d57c
 .debug_macro   0x00000000      0x6f7 atmel_start.o
 .debug_macro   0x000006f7      0x89e atmel_start.o
 .debug_macro   0x00000f95      0x16d atmel_start.o
 .debug_macro   0x00001102       0x22 atmel_start.o
 .debug_macro   0x00001124       0x87 atmel_start.o
 .debug_macro   0x000011ab       0x51 atmel_start.o
 .debug_macro   0x000011fc       0xef atmel_start.o
 .debug_macro   0x000012eb       0x6a atmel_start.o
 .debug_macro   0x00001355      0x1df atmel_start.o
 .debug_macro   0x00001534       0x22 atmel_start.o
 .debug_macro   0x00001556       0x3f atmel_start.o
 .debug_macro   0x00001595       0x1c atmel_start.o
 .debug_macro   0x000015b1       0x22 atmel_start.o
 .debug_macro   0x000015d3       0xb5 atmel_start.o
 .debug_macro   0x00001688      0x3ad atmel_start.o
 .debug_macro   0x00001a35      0x67e atmel_start.o
 .debug_macro   0x000020b3      0x8b1 atmel_start.o
 .debug_macro   0x00002964      0x22e atmel_start.o
 .debug_macro   0x00002b92      0xd5c atmel_start.o
 .debug_macro   0x000038ee      0x4dc atmel_start.o
 .debug_macro   0x00003dca      0x9f6 atmel_start.o
 .debug_macro   0x000047c0      0x82b atmel_start.o
 .debug_macro   0x00004feb      0x45f atmel_start.o
 .debug_macro   0x0000544a       0x5e atmel_start.o
 .debug_macro   0x000054a8      0x8f9 atmel_start.o
 .debug_macro   0x00005da1      0x21c atmel_start.o
 .debug_macro   0x00005fbd      0x735 atmel_start.o
 .debug_macro   0x000066f2       0x5e atmel_start.o
 .debug_macro   0x00006750      0x632 atmel_start.o
 .debug_macro   0x00006d82      0x3ac atmel_start.o
 .debug_macro   0x0000712e      0xc76 atmel_start.o
 .debug_macro   0x00007da4     0x1092 atmel_start.o
 .debug_macro   0x00008e36      0xc4a atmel_start.o
 .debug_macro   0x00009a80      0x6ba atmel_start.o
 .debug_macro   0x0000a13a     0x1b3d atmel_start.o
 .debug_macro   0x0000bc77     0x143c atmel_start.o
 .debug_macro   0x0000d0b3      0x340 atmel_start.o
 .debug_macro   0x0000d3f3       0x7c atmel_start.o
 .debug_macro   0x0000d46f       0xa0 atmel_start.o
 .debug_macro   0x0000d50f       0x4c atmel_start.o
 .debug_macro   0x0000d55b       0xca atmel_start.o
 .debug_macro   0x0000d625       0x94 atmel_start.o
 .debug_macro   0x0000d6b9       0x58 atmel_start.o
 .debug_macro   0x0000d711      0x341 atmel_start.o
 .debug_macro   0x0000da52       0x82 atmel_start.o
 .debug_macro   0x0000dad4      0x189 atmel_start.o
 .debug_macro   0x0000dc5d       0xb8 atmel_start.o
 .debug_macro   0x0000dd15       0xa0 atmel_start.o
 .debug_macro   0x0000ddb5       0xb2 atmel_start.o
 .debug_macro   0x0000de67       0x1c atmel_start.o
 .debug_macro   0x0000de83       0x1c atmel_start.o
 .debug_macro   0x0000de9f       0x1c atmel_start.o
 .debug_macro   0x0000debb       0x7c atmel_start.o
 .debug_macro   0x0000df37      0x15a atmel_start.o
 .debug_macro   0x0000e091       0x10 atmel_start.o
 .debug_macro   0x0000e0a1       0xdc atmel_start.o
 .debug_macro   0x0000e17d      0x124 atmel_start.o
 .debug_macro   0x0000e2a1      0x124 atmel_start.o
 .debug_macro   0x0000e3c5      0x124 atmel_start.o
 .debug_macro   0x0000e4e9      0x124 atmel_start.o
 .debug_macro   0x0000e60d      0x124 atmel_start.o
 .debug_macro   0x0000e731      0x124 atmel_start.o
 .debug_macro   0x0000e855      0x124 atmel_start.o
 .debug_macro   0x0000e979       0xe2 atmel_start.o
 .debug_macro   0x0000ea5b       0xe2 atmel_start.o
 .debug_macro   0x0000eb3d       0xe2 atmel_start.o
 .debug_macro   0x0000ec1f      0x12a atmel_start.o
 .debug_macro   0x0000ed49      0x100 atmel_start.o
 .debug_macro   0x0000ee49       0xf4 atmel_start.o
 .debug_macro   0x0000ef3d      0x40f atmel_start.o
 .debug_macro   0x0000f34c       0x40 atmel_start.o
 .debug_macro   0x0000f38c      0x376 atmel_start.o
 .debug_macro   0x0000f702     0x17df atmel_start.o
 .debug_macro   0x00010ee1       0x6d atmel_start.o
 .debug_macro   0x00010f4e       0x10 atmel_start.o
 .debug_macro   0x00010f5e       0x10 atmel_start.o
 .debug_macro   0x00010f6e       0x16 atmel_start.o
 .debug_macro   0x00010f84       0x16 atmel_start.o
 .debug_macro   0x00010f9a       0x16 atmel_start.o
 .debug_macro   0x00010fb0       0x16 atmel_start.o
 .debug_macro   0x00010fc6       0x16 atmel_start.o
 .debug_macro   0x00010fdc       0x16 atmel_start.o
 .debug_macro   0x00010ff2       0x16 atmel_start.o
 .debug_macro   0x00011008       0x16 atmel_start.o
 .debug_macro   0x0001101e       0x16 atmel_start.o
 .debug_macro   0x00011034       0x16 atmel_start.o
 .debug_macro   0x0001104a       0x16 atmel_start.o
 .debug_macro   0x00011060       0x16 atmel_start.o
 .debug_macro   0x00011076       0x16 atmel_start.o
 .debug_macro   0x0001108c       0x16 atmel_start.o
 .debug_macro   0x000110a2      0x4c3 atmel_start.o
 .debug_macro   0x00011565       0x94 atmel_start.o
 .debug_macro   0x000115f9       0x16 atmel_start.o
 .debug_macro   0x0001160f       0x6a atmel_start.o
 .debug_macro   0x00011679      0x28c atmel_start.o
 .debug_macro   0x00011905      0x4d8 atmel_start.o
 .debug_macro   0x00011ddd       0x16 atmel_start.o
 .debug_macro   0x00011df3       0xca atmel_start.o
 .debug_macro   0x00011ebd       0x1c atmel_start.o
 .debug_macro   0x00011ed9       0x16 atmel_start.o
 .debug_macro   0x00011eef       0x64 atmel_start.o
 .debug_macro   0x00011f53       0x58 atmel_start.o
 .debug_macro   0x00011fab       0x35 atmel_start.o
 .debug_macro   0x00011fe0       0x9c atmel_start.o
 .debug_macro   0x0001207c       0x16 atmel_start.o
 .debug_macro   0x00012092       0x35 atmel_start.o
 .debug_macro   0x000120c7      0x34d atmel_start.o
 .debug_macro   0x00012414       0x10 atmel_start.o
 .debug_macro   0x00012424       0x58 atmel_start.o
 .debug_macro   0x0001247c       0x1f atmel_start.o
 .debug_macro   0x0001249b       0x43 atmel_start.o
 .debug_macro   0x000124de       0x20 atmel_start.o
 .debug_macro   0x000124fe      0x187 atmel_start.o
 .debug_macro   0x00012685       0x10 atmel_start.o
 .debug_macro   0x00012695       0x1c atmel_start.o
 .debug_macro   0x000126b1       0x52 atmel_start.o
 .debug_macro   0x00012703       0x40 atmel_start.o
 .debug_macro   0x00012743       0x10 atmel_start.o
 .debug_macro   0x00012753       0x40 atmel_start.o
 .debug_macro   0x00012793       0xd7 atmel_start.o
 .debug_macro   0x0001286a       0x16 atmel_start.o
 .debug_macro   0x00012880      0x18b atmel_start.o
 .debug_macro   0x00012a0b       0xeb atmel_start.o
 .debug_macro   0x00012af6       0xbf atmel_start.o
 .debug_macro   0x00012bb5       0x1c atmel_start.o
 .debug_macro   0x00012bd1       0x97 atmel_start.o
 .debug_macro   0x00012c68      0x2fc Device_Startup/startup_samd21.o
 .debug_macro   0x00012f64       0x39 Device_Startup/startup_samd21.o
 .debug_macro   0x00012f9d      0x573 driver_init.o
 .debug_macro   0x00013510       0x73 driver_init.o
 .debug_macro   0x00013583       0xc9 driver_init.o
 .debug_macro   0x0001364c      0x42a hal/src/hal_atomic.o
 .debug_macro   0x00013a76      0x45c hal/src/hal_delay.o
 .debug_macro   0x00013ed2      0x43d hal/src/hal_io.o
 .debug_macro   0x0001430f      0x470 hal/src/hal_timer.o
 .debug_macro   0x0001477f      0x486 hal/src/hal_usart_async.o
 .debug_macro   0x00014c05      0x464 hal/src/hal_usart_sync.o
 .debug_macro   0x00015069      0x433 hal/utils/src/utils_assert.o
 .debug_macro   0x0001549c       0x10 hal/utils/src/utils_assert.o
 .debug_macro   0x000154ac      0x437 hal/utils/src/utils_list.o
 .debug_macro   0x000158e3      0x437 hal/utils/src/utils_ringbuffer.o
 .debug_macro   0x00015d1a      0x1d6 hal/utils/src/utils_syscalls.o
 .debug_macro   0x00015ef0       0x52 hal/utils/src/utils_syscalls.o
 .debug_macro   0x00015f42       0x8d hal/utils/src/utils_syscalls.o
 .debug_macro   0x00015fcf       0x57 hal/utils/src/utils_syscalls.o
 .debug_macro   0x00016026       0x97 hal/utils/src/utils_syscalls.o
 .debug_macro   0x000160bd      0x353 hal/utils/src/utils_syscalls.o
 .debug_macro   0x00016410       0xf6 hal/utils/src/utils_syscalls.o
 .debug_macro   0x00016506       0x4c hal/utils/src/utils_syscalls.o
 .debug_macro   0x00016552       0x16 hal/utils/src/utils_syscalls.o
 .debug_macro   0x00016568       0x10 hal/utils/src/utils_syscalls.o
 .debug_macro   0x00016578       0x10 hal/utils/src/utils_syscalls.o
 .debug_macro   0x00016588       0x35 hal/utils/src/utils_syscalls.o
 .debug_macro   0x000165bd      0x122 hal/utils/src/utils_syscalls.o
 .debug_macro   0x000166df      0x481 hpl/core/hpl_core_m0plus_base.o
 .debug_macro   0x00016b60      0x4a4 hpl/core/hpl_init.o
 .debug_macro   0x00017004       0x2e hpl/core/hpl_init.o
 .debug_macro   0x00017032      0x6ec hpl/core/hpl_init.o
 .debug_macro   0x0001771e      0x446 hpl/gclk/hpl_gclk.o
 .debug_macro   0x00017b64      0x1f3 hpl/gclk/hpl_gclk.o
 .debug_macro   0x00017d57      0x469 hpl/pm/hpl_pm.o
 .debug_macro   0x000181c0      0x46e hpl/rtc/hpl_rtc.o
 .debug_macro   0x0001862e       0x64 hpl/rtc/hpl_rtc.o
 .debug_macro   0x00018692      0x666 hpl/sercom/hpl_sercom.o
 .debug_macro   0x00018cf8       0x70 hpl/sercom/hpl_sercom.o
 .debug_macro   0x00018d68      0x242 hpl/sercom/hpl_sercom.o
 .debug_macro   0x00018faa       0x10 hpl/sercom/hpl_sercom.o
 .debug_macro   0x00018fba       0x1c hpl/sercom/hpl_sercom.o
 .debug_macro   0x00018fd6       0x22 hpl/sercom/hpl_sercom.o
 .debug_macro   0x00018ff8       0x10 hpl/sercom/hpl_sercom.o
 .debug_macro   0x00019008      0x440 hpl/sysctrl/hpl_sysctrl.o
 .debug_macro   0x00019448      0x2da hpl/sysctrl/hpl_sysctrl.o
 .debug_macro   0x00019722      0x437 hpl/systick/hpl_systick.o
 .debug_macro   0x00019b59       0x10 hpl/systick/hpl_systick.o
 .debug_macro   0x00019b69      0x754 main.o
 .debug_macro   0x0001a2bd       0x16 main.o
 .debug_macro   0x0001a2d3       0xc1 main.o
 .debug_macro   0x0001a394      0x136 main.o
 .debug_macro   0x0001a4ca       0x10 main.o
 .debug_macro   0x0001a4da       0xf7 main.o
 .debug_macro   0x0001a5d1      0x580 qtouch/datastreamer/datastreamer_UART_sam.o
 .debug_macro   0x0001ab51       0x28 qtouch/datastreamer/datastreamer_UART_sam.o
 .debug_macro   0x0001ab79       0x22 qtouch/datastreamer/datastreamer_UART_sam.o
 .debug_macro   0x0001ab9b      0x712 qtouch/touch.o
 .debug_macro   0x0001b2ad       0x2e qtouch/touch.o
 .debug_macro   0x0001b2db      0x583 stdio_redirect/gcc/read.o
 .debug_macro   0x0001b85e      0x583 stdio_redirect/gcc/write.o
 .debug_macro   0x0001bde1      0x57d stdio_redirect/stdio_io.o
 .debug_macro   0x0001c35e       0xaf stdio_redirect/stdio_io.o
 .debug_macro   0x0001c40d      0x6f8 stdio_start.o
 .debug_macro   0x0001cb05      0x558 Usart_test.o
 .debug_macro   0x0001d05d      0x34e Usart_test.o
 .debug_macro   0x0001d3ab      0x1d1 Usart_test.o

.debug_line     0x00000000    0x15163
 .debug_line    0x00000000      0xc9b atmel_start.o
 .debug_line    0x00000c9b      0x6fa Device_Startup/startup_samd21.o
 .debug_line    0x00001395      0xccb driver_init.o
 .debug_line    0x00002060      0x974 hal/src/hal_atomic.o
 .debug_line    0x000029d4      0x99f hal/src/hal_delay.o
 .debug_line    0x00003373      0x98c hal/src/hal_io.o
 .debug_line    0x00003cff      0xb12 hal/src/hal_timer.o
 .debug_line    0x00004811      0xc4c hal/src/hal_usart_async.o
 .debug_line    0x0000545d      0xb57 hal/src/hal_usart_sync.o
 .debug_line    0x00005fb4      0x93e hal/utils/src/utils_assert.o
 .debug_line    0x000068f2      0x9d7 hal/utils/src/utils_list.o
 .debug_line    0x000072c9      0x9dd hal/utils/src/utils_ringbuffer.o
 .debug_line    0x00007ca6      0x40b hal/utils/src/utils_syscalls.o
 .debug_line    0x000080b1      0xaed hpl/core/hpl_core_m0plus_base.o
 .debug_line    0x00008b9e      0xa1f hpl/core/hpl_init.o
 .debug_line    0x000095bd      0x9f8 hpl/gclk/hpl_gclk.o
 .debug_line    0x00009fb5      0x9e4 hpl/pm/hpl_pm.o
 .debug_line    0x0000a999      0xb7c hpl/rtc/hpl_rtc.o
 .debug_line    0x0000b515     0x29aa hpl/sercom/hpl_sercom.o
 .debug_line    0x0000debf      0xa67 hpl/sysctrl/hpl_sysctrl.o
 .debug_line    0x0000e926      0x9c9 hpl/systick/hpl_systick.o
 .debug_line    0x0000f2ef      0xd15 main.o
 .debug_line    0x00010004      0xbdf qtouch/datastreamer/datastreamer_UART_sam.o
 .debug_line    0x00010be3      0xe49 qtouch/touch.o
 .debug_line    0x00011a2c      0xa67 stdio_redirect/gcc/read.o
 .debug_line    0x00012493      0xa68 stdio_redirect/gcc/write.o
 .debug_line    0x00012efb      0xa8b stdio_redirect/stdio_io.o
 .debug_line    0x00013986      0xcaf stdio_start.o
 .debug_line    0x00014635      0xb2e Usart_test.o

.debug_str      0x00000000    0x892ab
 .debug_str     0x00000000    0x7a67e atmel_start.o
                              0x7aba1 (size before relaxing)
 .debug_str     0x0007a67e     0x10aa Device_Startup/startup_samd21.o
                              0x6e1f4 (size before relaxing)
 .debug_str     0x0007b728     0x1a96 driver_init.o
                              0x78c11 (size before relaxing)
 .debug_str     0x0007d1be       0xb7 hal/src/hal_atomic.o
                              0x75cb4 (size before relaxing)
 .debug_str     0x0007d275       0x9b hal/src/hal_delay.o
                              0x75d1e (size before relaxing)
 .debug_str     0x0007d310       0x33 hal/src/hal_io.o
                              0x75d61 (size before relaxing)
 .debug_str     0x0007d343      0x2cc hal/src/hal_timer.o
                              0x765f3 (size before relaxing)
 .debug_str     0x0007d60f      0x694 hal/src/hal_usart_async.o
                              0x76bcb (size before relaxing)
 .debug_str     0x0007dca3      0x2a5 hal/src/hal_usart_sync.o
                              0x76801 (size before relaxing)
 .debug_str     0x0007df48       0x2a hal/utils/src/utils_assert.o
                              0x75cc4 (size before relaxing)
 .debug_str     0x0007df72       0x31 hal/utils/src/utils_list.o
                              0x75d6e (size before relaxing)
 .debug_str     0x0007dfa3       0x24 hal/utils/src/utils_ringbuffer.o
                              0x75d6a (size before relaxing)
 .debug_str     0x0007dfc7      0x76b hal/utils/src/utils_syscalls.o
                               0x7306 (size before relaxing)
 .debug_str     0x0007e732      0x2f7 hpl/core/hpl_core_m0plus_base.o
                              0x7687e (size before relaxing)
 .debug_str     0x0007ea29     0x17d7 hpl/core/hpl_init.o
                              0x779ee (size before relaxing)
 .debug_str     0x00080200      0x855 hpl/gclk/hpl_gclk.o
                              0x765e7 (size before relaxing)
 .debug_str     0x00080a55      0x194 hpl/pm/hpl_pm.o
                              0x7654d (size before relaxing)
 .debug_str     0x00080be9      0x35d hpl/rtc/hpl_rtc.o
                              0x767e2 (size before relaxing)
 .debug_str     0x00080f46     0x4d15 hpl/sercom/hpl_sercom.o
                              0x7c2be (size before relaxing)
 .debug_str     0x00085c5b     0x133a hpl/sysctrl/hpl_sysctrl.o
                              0x771e6 (size before relaxing)
 .debug_str     0x00086f95       0xcd hpl/systick/hpl_systick.o
                              0x75d0c (size before relaxing)
 .debug_str     0x00087062      0xa26 main.o
                              0x7b5be (size before relaxing)
 .debug_str     0x00087a88      0x5e9 qtouch/datastreamer/datastreamer_UART_sam.o
                              0x77348 (size before relaxing)
 .debug_str     0x00088071      0x7c7 qtouch/touch.o
                              0x7b984 (size before relaxing)
 .debug_str     0x00088838       0x2b stdio_redirect/gcc/read.o
                              0x79a71 (size before relaxing)
 .debug_str     0x00088863       0x2d stdio_redirect/gcc/write.o
                              0x79a73 (size before relaxing)
 .debug_str     0x00088890       0x4b stdio_redirect/stdio_io.o
                              0x79b0c (size before relaxing)
 .debug_str     0x000888db       0x3b stdio_start.o
                              0x7abc6 (size before relaxing)
 .debug_str     0x00088916      0x995 Usart_test.o
                              0x76e3b (size before relaxing)

.debug_frame    0x00000000     0x2584
 .debug_frame   0x00000000       0x28 atmel_start.o
 .debug_frame   0x00000028       0x40 Device_Startup/startup_samd21.o
 .debug_frame   0x00000068      0x13c driver_init.o
 .debug_frame   0x000001a4       0x40 hal/src/hal_atomic.o
 .debug_frame   0x000001e4       0x68 hal/src/hal_delay.o
 .debug_frame   0x0000024c       0x58 hal/src/hal_io.o
 .debug_frame   0x000002a4      0x13c hal/src/hal_timer.o
 .debug_frame   0x000003e0      0x2a4 hal/src/hal_usart_async.o
 .debug_frame   0x00000684      0x1f8 hal/src/hal_usart_sync.o
 .debug_frame   0x0000087c       0x20 hal/utils/src/utils_assert.o
 .debug_frame   0x0000089c       0x88 hal/utils/src/utils_list.o
 .debug_frame   0x00000924       0x94 hal/utils/src/utils_ringbuffer.o
 .debug_frame   0x000009b8       0xa8 hal/utils/src/utils_syscalls.o
 .debug_frame   0x00000a60       0xd4 hpl/core/hpl_core_m0plus_base.o
 .debug_frame   0x00000b34       0x28 hpl/core/hpl_init.o
 .debug_frame   0x00000b5c       0x30 hpl/gclk/hpl_gclk.o
 .debug_frame   0x00000b8c       0x40 hpl/pm/hpl_pm.o
 .debug_frame   0x00000bcc       0xf4 hpl/rtc/hpl_rtc.o
 .debug_frame   0x00000cc0      0xef4 hpl/sercom/hpl_sercom.o
 .debug_frame   0x00001bb4       0x30 hpl/sysctrl/hpl_sysctrl.o
 .debug_frame   0x00001be4       0x78 hpl/systick/hpl_systick.o
 .debug_frame   0x00001c5c       0x28 main.o
 .debug_frame   0x00001c84       0x68 qtouch/datastreamer/datastreamer_UART_sam.o
 .debug_frame   0x00001cec      0x184 qtouch/touch.o
 .debug_frame   0x00001e70       0x28 stdio_redirect/gcc/read.o
 .debug_frame   0x00001e98       0x28 stdio_redirect/gcc/write.o
 .debug_frame   0x00001ec0       0x6c stdio_redirect/stdio_io.o
 .debug_frame   0x00001f2c       0x40 stdio_start.o
 .debug_frame   0x00001f6c       0x78 Usart_test.o
 .debug_frame   0x00001fe4       0x2c c:/program files (x86)/atmel/studio/7.0/toolchain/arm/arm-gnu-toolchain/bin/../lib/gcc/arm-none-eabi/6.3.1/../../../../arm-none-eabi/lib/thumb/v6-m\libc_nano.a(lib_a-init.o)
 .debug_frame   0x00002010       0x20 c:/program files (x86)/atmel/studio/7.0/toolchain/arm/arm-gnu-toolchain/bin/../lib/gcc/arm-none-eabi/6.3.1/../../../../arm-none-eabi/lib/thumb/v6-m\libc_nano.a(lib_a-memset.o)
 .debug_frame   0x00002030       0x28 c:/program files (x86)/atmel/studio/7.0/toolchain/arm/arm-gnu-toolchain/bin/../lib/gcc/arm-none-eabi/6.3.1/../../../../arm-none-eabi/lib/thumb/v6-m\libc_nano.a(lib_a-setbuf.o)
 .debug_frame   0x00002058       0x30 c:/program files (x86)/atmel/studio/7.0/toolchain/arm/arm-gnu-toolchain/bin/../lib/gcc/arm-none-eabi/6.3.1/../../../../arm-none-eabi/lib/thumb/v6-m\libc_nano.a(lib_a-setvbuf.o)
 .debug_frame   0x00002088       0x68 c:/program files (x86)/atmel/studio/7.0/toolchain/arm/arm-gnu-toolchain/bin/../lib/gcc/arm-none-eabi/6.3.1/../../../../arm-none-eabi/lib/thumb/v6-m\libc_nano.a(lib_a-fflush.o)
 .debug_frame   0x000020f0      0x140 c:/program files (x86)/atmel/studio/7.0/toolchain/arm/arm-gnu-toolchain/bin/../lib/gcc/arm-none-eabi/6.3.1/../../../../arm-none-eabi/lib/thumb/v6-m\libc_nano.a(lib_a-findfp.o)
 .debug_frame   0x00002230       0x58 c:/program files (x86)/atmel/studio/7.0/toolchain/arm/arm-gnu-toolchain/bin/../lib/gcc/arm-none-eabi/6.3.1/../../../../arm-none-eabi/lib/thumb/v6-m\libc_nano.a(lib_a-fwalk.o)
 .debug_frame   0x00002288       0x54 c:/program files (x86)/atmel/studio/7.0/toolchain/arm/arm-gnu-toolchain/bin/../lib/gcc/arm-none-eabi/6.3.1/../../../../arm-none-eabi/lib/thumb/v6-m\libc_nano.a(lib_a-makebuf.o)
 .debug_frame   0x000022dc       0x40 c:/program files (x86)/atmel/studio/7.0/toolchain/arm/arm-gnu-toolchain/bin/../lib/gcc/arm-none-eabi/6.3.1/../../../../arm-none-eabi/lib/thumb/v6-m\libc_nano.a(lib_a-malloc.o)
 .debug_frame   0x0000231c       0x2c c:/program files (x86)/atmel/studio/7.0/toolchain/arm/arm-gnu-toolchain/bin/../lib/gcc/arm-none-eabi/6.3.1/../../../../arm-none-eabi/lib/thumb/v6-m\libc_nano.a(lib_a-nano-freer.o)
 .debug_frame   0x00002348       0x2c c:/program files (x86)/atmel/studio/7.0/toolchain/arm/arm-gnu-toolchain/bin/../lib/gcc/arm-none-eabi/6.3.1/../../../../arm-none-eabi/lib/thumb/v6-m\libc_nano.a(lib_a-nano-mallocr.o)
 .debug_frame   0x00002374       0x2c c:/program files (x86)/atmel/studio/7.0/toolchain/arm/arm-gnu-toolchain/bin/../lib/gcc/arm-none-eabi/6.3.1/../../../../arm-none-eabi/lib/thumb/v6-m\libc_nano.a(lib_a-sbrkr.o)
 .debug_frame   0x000023a0       0x90 c:/program files (x86)/atmel/studio/7.0/toolchain/arm/arm-gnu-toolchain/bin/../lib/gcc/arm-none-eabi/6.3.1/../../../../arm-none-eabi/lib/thumb/v6-m\libc_nano.a(lib_a-stdio.o)
 .debug_frame   0x00002430       0x2c c:/program files (x86)/atmel/studio/7.0/toolchain/arm/arm-gnu-toolchain/bin/../lib/gcc/arm-none-eabi/6.3.1/../../../../arm-none-eabi/lib/thumb/v6-m\libc_nano.a(lib_a-writer.o)
 .debug_frame   0x0000245c       0x2c c:/program files (x86)/atmel/studio/7.0/toolchain/arm/arm-gnu-toolchain/bin/../lib/gcc/arm-none-eabi/6.3.1/../../../../arm-none-eabi/lib/thumb/v6-m\libc_nano.a(lib_a-closer.o)
 .debug_frame   0x00002488       0x2c c:/program files (x86)/atmel/studio/7.0/toolchain/arm/arm-gnu-toolchain/bin/../lib/gcc/arm-none-eabi/6.3.1/../../../../arm-none-eabi/lib/thumb/v6-m\libc_nano.a(lib_a-fstatr.o)
 .debug_frame   0x000024b4       0x2c c:/program files (x86)/atmel/studio/7.0/toolchain/arm/arm-gnu-toolchain/bin/../lib/gcc/arm-none-eabi/6.3.1/../../../../arm-none-eabi/lib/thumb/v6-m\libc_nano.a(lib_a-lseekr.o)
 .debug_frame   0x000024e0       0x30 c:/program files (x86)/atmel/studio/7.0/toolchain/arm/arm-gnu-toolchain/bin/../lib/gcc/arm-none-eabi/6.3.1/../../../../arm-none-eabi/lib/thumb/v6-m\libc_nano.a(lib_a-mlock.o)
 .debug_frame   0x00002510       0x2c c:/program files (x86)/atmel/studio/7.0/toolchain/arm/arm-gnu-toolchain/bin/../lib/gcc/arm-none-eabi/6.3.1/../../../../arm-none-eabi/lib/thumb/v6-m\libc_nano.a(lib_a-readr.o)
 .debug_frame   0x0000253c       0x48 c:/program files (x86)/atmel/studio/7.0/toolchain/arm/arm-gnu-toolchain/bin/../lib/gcc/arm-none-eabi/6.3.1/../../../../arm-none-eabi/lib/thumb/v6-m\libc_nano.a(lib_a-reent.o)
