Archive member included to satisfy reference by file (symbol)

..\qtouch\lib\gcc\libqtm_touch_key_cm0p_0x0002.a(sam_touch_key_g_cm0p.o)
                              qtouch/touch.o (qtm_update_qtlib_timer)
..\qtouch\lib\gcc\libqtm_acq_samd21_0x0024.a(sam_acq_g_samd21.o)
                              qtouch/touch.o (qtm_acquisition_process)
c:/program files (x86)/atmel/studio/7.0/toolchain/arm/arm-gnu-toolchain/bin/../lib/gcc/arm-none-eabi/6.3.1/thumb/v6-m\libgcc.a(_thumb1_case_uhi.o)
                              ..\qtouch\lib\gcc\libqtm_acq_samd21_0x0024.a(sam_acq_g_samd21.o) (__gnu_thumb1_case_uhi)
c:/program files (x86)/atmel/studio/7.0/toolchain/arm/arm-gnu-toolchain/bin/../lib/gcc/arm-none-eabi/6.3.1/thumb/v6-m\libgcc.a(_udivsi3.o)
                              hpl/core/hpl_core_m0plus_base.o (__aeabi_uidiv)
c:/program files (x86)/atmel/studio/7.0/toolchain/arm/arm-gnu-toolchain/bin/../lib/gcc/arm-none-eabi/6.3.1/thumb/v6-m\libgcc.a(_dvmd_tls.o)
                              c:/program files (x86)/atmel/studio/7.0/toolchain/arm/arm-gnu-toolchain/bin/../lib/gcc/arm-none-eabi/6.3.1/thumb/v6-m\libgcc.a(_udivsi3.o) (__aeabi_idiv0)
c:/program files (x86)/atmel/studio/7.0/toolchain/arm/arm-gnu-toolchain/bin/../lib/gcc/arm-none-eabi/6.3.1/thumb/v6-m\libgcc.a(_aeabi_uldivmod.o)
                              hpl/sercom/hpl_sercom.o (__aeabi_uldivmod)
c:/program files (x86)/atmel/studio/7.0/toolchain/arm/arm-gnu-toolchain/bin/../lib/gcc/arm-none-eabi/6.3.1/thumb/v6-m\libgcc.a(_muldi3.o)
                              hpl/sercom/hpl_sercom.o (__aeabi_lmul)
c:/program files (x86)/atmel/studio/7.0/toolchain/arm/arm-gnu-toolchain/bin/../lib/gcc/arm-none-eabi/6.3.1/thumb/v6-m\libgcc.a(_fixunsdfsi.o)
                              hpl/sercom/hpl_sercom.o (__aeabi_d2uiz)
c:/program files (x86)/atmel/studio/7.0/toolchain/arm/arm-gnu-toolchain/bin/../lib/gcc/arm-none-eabi/6.3.1/thumb/v6-m\libgcc.a(_udivmoddi4.o)
                              c:/program files (x86)/atmel/studio/7.0/toolchain/arm/arm-gnu-toolchain/bin/../lib/gcc/arm-none-eabi/6.3.1/thumb/v6-m\libgcc.a(_aeabi_uldivmod.o) (__udivmoddi4)
c:/program files (x86)/atmel/studio/7.0/toolchain/arm/arm-gnu-toolchain/bin/../lib/gcc/arm-none-eabi/6.3.1/thumb/v6-m\libgcc.a(divdf3.o)
                              hpl/sercom/hpl_sercom.o (__aeabi_ddiv)
c:/program files (x86)/atmel/studio/7.0/toolchain/arm/arm-gnu-toolchain/bin/../lib/gcc/arm-none-eabi/6.3.1/thumb/v6-m\libgcc.a(muldf3.o)
                              hpl/sercom/hpl_sercom.o (__aeabi_dmul)
c:/program files (x86)/atmel/studio/7.0/toolchain/arm/arm-gnu-toolchain/bin/../lib/gcc/arm-none-eabi/6.3.1/thumb/v6-m\libgcc.a(subdf3.o)
                              hpl/sercom/hpl_sercom.o (__aeabi_dsub)
c:/program files (x86)/atmel/studio/7.0/toolchain/arm/arm-gnu-toolchain/bin/../lib/gcc/arm-none-eabi/6.3.1/thumb/v6-m\libgcc.a(fixdfsi.o)
                              c:/program files (x86)/atmel/studio/7.0/toolchain/arm/arm-gnu-toolchain/bin/../lib/gcc/arm-none-eabi/6.3.1/thumb/v6-m\libgcc.a(_fixunsdfsi.o) (__aeabi_d2iz)
c:/program files (x86)/atmel/studio/7.0/toolchain/arm/arm-gnu-toolchain/bin/../lib/gcc/arm-none-eabi/6.3.1/thumb/v6-m\libgcc.a(floatsidf.o)
                              hpl/sercom/hpl_sercom.o (__aeabi_i2d)
c:/program files (x86)/atmel/studio/7.0/toolchain/arm/arm-gnu-toolchain/bin/../lib/gcc/arm-none-eabi/6.3.1/thumb/v6-m\libgcc.a(floatunsidf.o)
                              hpl/sercom/hpl_sercom.o (__aeabi_ui2d)
c:/program files (x86)/atmel/studio/7.0/toolchain/arm/arm-gnu-toolchain/bin/../lib/gcc/arm-none-eabi/6.3.1/thumb/v6-m\libgcc.a(_arm_cmpdf2.o)
                              c:/program files (x86)/atmel/studio/7.0/toolchain/arm/arm-gnu-toolchain/bin/../lib/gcc/arm-none-eabi/6.3.1/thumb/v6-m\libgcc.a(_fixunsdfsi.o) (__aeabi_dcmpge)
c:/program files (x86)/atmel/studio/7.0/toolchain/arm/arm-gnu-toolchain/bin/../lib/gcc/arm-none-eabi/6.3.1/thumb/v6-m\libgcc.a(_clzsi2.o)
                              c:/program files (x86)/atmel/studio/7.0/toolchain/arm/arm-gnu-toolchain/bin/../lib/gcc/arm-none-eabi/6.3.1/thumb/v6-m\libgcc.a(divdf3.o) (__clzsi2)
c:/program files (x86)/atmel/studio/7.0/toolchain/arm/arm-gnu-toolchain/bin/../lib/gcc/arm-none-eabi/6.3.1/thumb/v6-m\libgcc.a(_clzdi2.o)
                              c:/program files (x86)/atmel/studio/7.0/toolchain/arm/arm-gnu-toolchain/bin/../lib/gcc/arm-none-eabi/6.3.1/thumb/v6-m\libgcc.a(_udivmoddi4.o) (__clzdi2)
c:/program files (x86)/atmel/studio/7.0/toolchain/arm/arm-gnu-toolchain/bin/../lib/gcc/arm-none-eabi/6.3.1/thumb/v6-m\libgcc.a(eqdf2.o)
                              c:/program files (x86)/atmel/studio/7.0/toolchain/arm/arm-gnu-toolchain/bin/../lib/gcc/arm-none-eabi/6.3.1/thumb/v6-m\libgcc.a(_arm_cmpdf2.o) (__eqdf2)
c:/program files (x86)/atmel/studio/7.0/toolchain/arm/arm-gnu-toolchain/bin/../lib/gcc/arm-none-eabi/6.3.1/thumb/v6-m\libgcc.a(gedf2.o)
[...]
Memory Configuration

Name             Origin             Length             Attributes
rom              0x00000000         0x00040000         xr
ram              0x20000000         0x00008000         xrw
*default*        0x00000000         0xffffffff

Linker script and memory map

LOAD c:/program files (x86)/atmel/studio/7.0/toolchain/arm/arm-gnu-toolchain/bin/../lib/gcc/arm-none-eabi/6.3.1/thumb/v6-m/crti.o
LOAD c:/program files (x86)/atmel/studio/7.0/toolchain/arm/arm-gnu-toolchain/bin/../lib/gcc/arm-none-eabi/6.3.1/thumb/v6-m/crtbegin.o
LOAD c:/program files (x86)/atmel/studio/7.0/toolchain/arm/arm-gnu-toolchain/bin/../lib/gcc/arm-none-eabi/6.3.1/../../../../arm-none-eabi/lib/thumb/v6-m/crt0.o
LOAD atmel_start.o
LOAD Device_Startup/startup_samd21.o
LOAD Device_Startup/system_samd21.o
LOAD driver_init.o
LOAD examples/driver_examples.o
LOAD examples/touch_example.o
LOAD hal/src/hal_atomic.o
LOAD hal/src/hal_delay.o
LOAD hal/src/hal_gpio.o
LOAD hal/src/hal_init.o
LOAD hal/src/hal_io.o
LOAD hal/src/hal_sleep.o
LOAD hal/src/hal_timer.o
LOAD hal/src/hal_usart_async.o
LOAD hal/src/hal_usart_sync.o
LOAD hal/utils/src/utils_assert.o
LOAD hal/utils/src/utils_event.o
LOAD hal/utils/src/utils_list.o
LOAD hal/utils/src/utils_ringbuffer.o
LOAD hal/utils/src/utils_syscalls.o
LOAD hpl/core/hpl_core_m0plus_base.o
LOAD hpl/core/hpl_init.o
LOAD hpl/dmac/hpl_dmac.o
LOAD hpl/gclk/hpl_gclk.o
LOAD hpl/pm/hpl_pm.o
LOAD hpl/rtc/hpl_rtc.o
LOAD hpl/sercom/hpl_sercom.o
LOAD hpl/sysctrl/hpl_sysctrl.o
LOAD hpl/systick/hpl_systick.o
LOAD main.o
LOAD qtouch/datastreamer/datastreamer_UART_sam.o
LOAD qtouch/touch.o
LOAD stdio_redirect/gcc/read.o
LOAD stdio_redirect/gcc/write.o
LOAD stdio_redirect/stdio_io.o
LOAD stdio_start.o
LOAD TuyaMCU/mcu_api.o
LOAD TuyaMCU/protocol.o
LOAD TuyaMCU/system.o
LOAD Usart_test.o
LOAD usart_testing.o
START GROUP
LOAD ..\qtouch\lib\gcc\libqtm_touch_key_cm0p_0x0002.a
LOAD ..\qtouch\lib\gcc\libqtm_acq_samd21_0x0024.a
LOAD c:/program files (x86)/atmel/studio/7.0/toolchain/arm/arm-gnu-toolchain/bin/../lib/gcc/arm-none-eabi/6.3.1/../../../../arm-none-eabi/lib/thumb/v6-m\libm.a
END GROUP
START GROUP
LOAD c:/program files (x86)/atmel/studio/7.0/toolchain/arm/arm-gnu-toolchain/bin/../lib/gcc/arm-none-eabi/6.3.1/thumb/v6-m\libgcc.a
LOAD c:/program files (x86)/atmel/studio/7.0/toolchain/arm/arm-gnu-toolchain/bin/../lib/gcc/arm-none-eabi/6.3.1/../../../../arm-none-eabi/lib/thumb/v6-m\libc_nano.a
END GROUP
START GROUP
LOAD c:/program files (x86)/atmel/studio/7.0/toolchain/arm/arm-gnu-toolchain/bin/../lib/gcc/arm-none-eabi/6.3.1/thumb/v6-m\libgcc.a
LOAD c:/program files (x86)/atmel/studio/7.0/toolchain/arm/arm-gnu-toolchain/bin/../lib/gcc/arm-none-eabi/6.3.1/../../../../arm-none-eabi/lib/thumb/v6-m\libc_nano.a
END GROUP
LOAD c:/program files (x86)/atmel/studio/7.0/toolchain/arm/arm-gnu-toolchain/bin/../lib/gcc/arm-none-eabi/6.3.1/thumb/v6-m/crtend.o
LOAD c:/program files (x86)/atmel/studio/7.0/toolchain/arm/arm-gnu-toolchain/bin/../lib/gcc/arm-none-eabi/6.3.1/thumb/v6-m/crtn.o
                0x00002000                STACK_SIZE = DEFINED (STACK_SIZE)?STACK_SIZE:DEFINED (__stack_size__)?__stack_size__:0x2000

.text           0x00000000     0x4308
                0x00000000                . = ALIGN (0x4)
                0x00000000                _sfixed = .
 *(.vectors .vectors.*)
 .vectors       0x00000000       0xb4 Device_Startup/startup_samd21.o
                0x00000000                exception_table
 *(.text .text.* .gnu.linkonce.t.*)
 .text          0x000000b4       0x60 c:/program files (x86)/atmel/studio/7.0/toolchain/arm/arm-gnu-toolchain/bin/../lib/gcc/arm-none-eabi/6.3.1/thumb/v6-m/crtbegin.o
 .text.atmel_start_init
                0x00000114       0x1c atmel_start.o
                0x00000114                atmel_start_init
 .text.Dummy_Handler
                0x00000130        0x2 Device_Startup/startup_samd21.o
                0x00000130                SVCall_Handler
                0x00000130                DMAC_Handler
                0x00000130                HardFault_Handler
                0x00000130                AC_Handler
                0x00000130                SysTick_Handler
                0x00000130                PendSV_Handler
                0x00000130                SERCOM1_Handler
                0x00000130                ADC_Handler
                0x00000130                NonMaskableInt_Handler
                0x00000130                TCC1_Handler
                0x00000130                SERCOM2_Handler
                0x00000130                TCC0_Handler
                0x00000130                EIC_Handler
                0x00000130                WDT_Handler
                0x00000130                TC4_Handler
                0x00000130                USB_Handler
                0x00000130                TC3_Handler
                0x00000130                Dummy_Handler
                0x00000130                PM_Handler
                0x00000130                SERCOM5_Handler
                0x00000130                TCC2_Handler
                0x00000130                EVSYS_Handler
                0x00000130                SERCOM3_Handler
                0x00000130                I2S_Handler
                0x00000130                NVMCTRL_Handler
                0x00000130                DAC_Handler
                0x00000130                TC5_Handler
                0x00000130                SYSCTRL_Handler
 *fill*         0x00000132        0x2 
 .text.Reset_Handler
                0x00000134       0xc4 Device_Startup/startup_samd21.o
                0x00000134                Reset_Handler
 .text.PTC_clock_init
                0x000001f8       0x20 driver_init.o
 .text.Timer_init
                0x00000218       0x40 driver_init.o
 .text.USART_CLOCK_init
                0x00000258       0x20 driver_init.o
                0x00000258                USART_CLOCK_init
 .text.USART_PORT_init
                0x00000278       0x44 driver_init.o
                0x00000278                USART_PORT_init
 .text.USART_init
                0x000002bc       0x38 driver_init.o
                0x000002bc                USART_init
 .text.TARGET_IO_PORT_init
                0x000002f4       0x44 driver_init.o
                0x000002f4                TARGET_IO_PORT_init
 .text.TARGET_IO_CLOCK_init
                0x00000338       0x20 driver_init.o
                0x00000338                TARGET_IO_CLOCK_init
 .text.TARGET_IO_init
                0x00000358       0x2c driver_init.o
                0x00000358                TARGET_IO_init
 .text.SERIAL_CLOCK_init
                0x00000384       0x20 driver_init.o
                0x00000384                SERIAL_CLOCK_init
 .text.SERIAL_PORT_init
                0x000003a4       0x44 driver_init.o
                0x000003a4                SERIAL_PORT_init
 .text.SERIAL_init
                0x000003e8       0x3c driver_init.o
                0x000003e8                SERIAL_init
 .text.delay_driver_init
                0x00000424       0x14 driver_init.o
                0x00000424                delay_driver_init
 .text.system_init
                0x00000438       0x3c driver_init.o
                0x00000438                system_init
 .text.atomic_enter_critical
                0x00000474        0xe hal/src/hal_atomic.o
                0x00000474                atomic_enter_critical
 .text.atomic_leave_critical
                0x00000482        0xc hal/src/hal_atomic.o
                0x00000482                atomic_leave_critical
 *fill*         0x0000048e        0x2 
 .text.delay_init
                0x00000490       0x14 hal/src/hal_delay.o
                0x00000490                delay_init
 .text.io_write
                0x000004a4       0x38 hal/src/hal_io.o
                0x000004a4                io_write
 .text.io_read  0x000004dc       0x38 hal/src/hal_io.o
                0x000004dc                io_read
 .text.timer_add_timer_task
                0x00000514       0x58 hal/src/hal_timer.o
 .text.timer_process_counted
                0x0000056c       0x64 hal/src/hal_timer.o
 .text.timer_init
                0x000005d0       0x44 hal/src/hal_timer.o
                0x000005d0                timer_init
 .text.timer_start
                0x00000614       0x3c hal/src/hal_timer.o
                0x00000614                timer_start
 .text.timer_add_task
                0x00000650       0xb0 hal/src/hal_timer.o
                0x00000650                timer_add_task
 .text.timer_remove_task
                0x00000700       0xa8 hal/src/hal_timer.o
                0x00000700                timer_remove_task
 .text.usart_transmission_complete
                0x000007a8       0x12 hal/src/hal_usart_async.o
 .text.usart_error
                0x000007ba       0x12 hal/src/hal_usart_async.o
 .text.usart_fill_rx_buffer
                0x000007cc       0x1c hal/src/hal_usart_async.o
 .text.usart_async_write
                0x000007e8       0x68 hal/src/hal_usart_async.o
 .text.usart_process_byte_sent
                0x00000850       0x44 hal/src/hal_usart_async.o
 .text.usart_async_read
                0x00000894       0x80 hal/src/hal_usart_async.o
 .text.usart_async_init
                0x00000914       0x9c hal/src/hal_usart_async.o
                0x00000914                usart_async_init
 .text.usart_async_enable
                0x000009b0       0x2c hal/src/hal_usart_async.o
                0x000009b0                usart_async_enable
 .text.usart_async_get_io_descriptor
                0x000009dc       0x30 hal/src/hal_usart_async.o
                0x000009dc                usart_async_get_io_descriptor
 .text.usart_async_register_callback
                0x00000a0c       0x78 hal/src/hal_usart_async.o
                0x00000a0c                usart_async_register_callback
 .text.usart_sync_write
                0x00000a84       0x74 hal/src/hal_usart_sync.o
 .text.usart_sync_read
                0x00000af8       0x6c hal/src/hal_usart_sync.o
 .text.usart_sync_init
                0x00000b64       0x4c hal/src/hal_usart_sync.o
                0x00000b64                usart_sync_init
 .text.usart_sync_enable
                0x00000bb0       0x2c hal/src/hal_usart_sync.o
                0x00000bb0                usart_sync_enable
 .text.assert   0x00000bdc        0x8 hal/utils/src/utils_assert.o
                0x00000bdc                assert
 .text.is_list_element
                0x00000be4       0x16 hal/utils/src/utils_list.o
                0x00000be4                is_list_element
 *fill*         0x00000bfa        0x2 
 .text.list_insert_as_head
                0x00000bfc       0x2c hal/utils/src/utils_list.o
                0x00000bfc                list_insert_as_head
 .text.list_insert_after
                0x00000c28        0x8 hal/utils/src/utils_list.o
                0x00000c28                list_insert_after
 .text.list_remove_head
                0x00000c30       0x12 hal/utils/src/utils_list.o
                0x00000c30                list_remove_head
 .text.list_delete_element
                0x00000c42       0x32 hal/utils/src/utils_list.o
                0x00000c42                list_delete_element
 .text.ringbuffer_init
                0x00000c74       0x4c hal/utils/src/utils_ringbuffer.o
                0x00000c74                ringbuffer_init
 .text.ringbuffer_get
                0x00000cc0       0x4c hal/utils/src/utils_ringbuffer.o
                0x00000cc0                ringbuffer_get
 .text.ringbuffer_put
                0x00000d0c       0x40 hal/utils/src/utils_ringbuffer.o
                0x00000d0c                ringbuffer_put
 .text.ringbuffer_num
                0x00000d4c       0x24 hal/utils/src/utils_ringbuffer.o
                0x00000d4c                ringbuffer_num
 .text._sbrk    0x00000d70       0x24 hal/utils/src/utils_syscalls.o
                0x00000d70                _sbrk
 .text._close   0x00000d94        0x6 hal/utils/src/utils_syscalls.o
                0x00000d94                _close
 .text._fstat   0x00000d9a        0xa hal/utils/src/utils_syscalls.o
                0x00000d9a                _fstat
 .text._isatty  0x00000da4        0x4 hal/utils/src/utils_syscalls.o
                0x00000da4                _isatty
 .text._lseek   0x00000da8        0x4 hal/utils/src/utils_syscalls.o
                0x00000da8                _lseek
 .text._init_chip
                0x00000dac       0x38 hpl/core/hpl_init.o
                0x00000dac                _init_chip
 .text._gclk_init_generators_by_fref
                0x00000de4       0x78 hpl/gclk/hpl_gclk.o
                0x00000de4                _gclk_init_generators_by_fref
 .text._pm_init
                0x00000e5c       0x20 hpl/pm/hpl_pm.o
                0x00000e5c                _pm_init
 .text._rtc_timer_interrupt_handler
                0x00000e7c       0x1c hpl/rtc/hpl_rtc.o
 .text._timer_init
                0x00000e98       0x5c hpl/rtc/hpl_rtc.o
                0x00000e98                _timer_init
 .text._timer_start
                0x00000ef4       0x58 hpl/rtc/hpl_rtc.o
                0x00000ef4                _timer_start
 .text._timer_is_started
                0x00000f4c       0x12 hpl/rtc/hpl_rtc.o
                0x00000f4c                _timer_is_started
 .text._timer_set_irq
                0x00000f5e        0x2 hpl/rtc/hpl_rtc.o
                0x00000f5e                _timer_set_irq
 .text._rtc_get_timer
                0x00000f60        0x4 hpl/rtc/hpl_rtc.o
                0x00000f60                _rtc_get_timer
 .text.RTC_Handler
                0x00000f64       0x14 hpl/rtc/hpl_rtc.o
                0x00000f64                RTC_Handler
 .text._sercom_get_hardware_index
                0x00000f78       0x10 hpl/sercom/hpl_sercom.o
 .text._sercom_usart_interrupt_handler
                0x00000f88       0x64 hpl/sercom/hpl_sercom.o
 .text._sercom_init_irq_param
                0x00000fec       0x28 hpl/sercom/hpl_sercom.o
 .text._sercom_get_irq_num
                0x00001014       0x10 hpl/sercom/hpl_sercom.o
 .text._get_sercom_index
                0x00001024       0x44 hpl/sercom/hpl_sercom.o
 .text._usart_init
                0x00001068       0xf0 hpl/sercom/hpl_sercom.o
 .text._usart_sync_init
                0x00001158       0x2c hpl/sercom/hpl_sercom.o
                0x00001158                _usart_sync_init
 .text._usart_async_init
                0x00001184       0x8c hpl/sercom/hpl_sercom.o
                0x00001184                _usart_async_init
 .text._usart_sync_enable
                0x00001210       0x12 hpl/sercom/hpl_sercom.o
                0x00001210                _usart_sync_enable
 .text._usart_async_enable
                0x00001222       0x12 hpl/sercom/hpl_sercom.o
                0x00001222                _usart_async_enable
 .text._usart_sync_write_byte
                0x00001234        0x8 hpl/sercom/hpl_sercom.o
                0x00001234                _usart_sync_write_byte
 .text._usart_async_write_byte
                0x0000123c        0x8 hpl/sercom/hpl_sercom.o
                0x0000123c                _usart_async_write_byte
 .text._usart_sync_read_byte
                0x00001244        0x8 hpl/sercom/hpl_sercom.o
                0x00001244                _usart_sync_read_byte
 .text._usart_sync_is_ready_to_send
                0x0000124c        0xa hpl/sercom/hpl_sercom.o
                0x0000124c                _usart_sync_is_ready_to_send
 .text._usart_sync_is_transmit_done
                0x00001256        0xc hpl/sercom/hpl_sercom.o
                0x00001256                _usart_sync_is_transmit_done
 .text._usart_sync_is_byte_received
                0x00001262        0xc hpl/sercom/hpl_sercom.o
                0x00001262                _usart_sync_is_byte_received
 .text._usart_async_enable_byte_sent_irq
                0x0000126e        0x8 hpl/sercom/hpl_sercom.o
                0x0000126e                _usart_async_enable_byte_sent_irq
 .text._usart_async_enable_tx_done_irq
                0x00001276        0x8 hpl/sercom/hpl_sercom.o
                0x00001276                _usart_async_enable_tx_done_irq
 *fill*         0x0000127e        0x2 
 .text._usart_async_set_irq_state
                0x00001280       0x78 hpl/sercom/hpl_sercom.o
                0x00001280                _usart_async_set_irq_state
 .text.SERCOM0_Handler
                0x000012f8       0x14 hpl/sercom/hpl_sercom.o
                0x000012f8                SERCOM0_Handler
 .text.SERCOM4_Handler
                0x0000130c       0x14 hpl/sercom/hpl_sercom.o
                0x0000130c                SERCOM4_Handler
 .text._sysctrl_init_sources
                0x00001320       0x4c hpl/sysctrl/hpl_sysctrl.o
                0x00001320                _sysctrl_init_sources
 .text._sysctrl_init_referenced_generators
                0x0000136c       0x88 hpl/sysctrl/hpl_sysctrl.o
                0x0000136c                _sysctrl_init_referenced_generators
 .text._system_time_init
                0x000013f4       0x14 hpl/systick/hpl_systick.o
                0x000013f4                _system_time_init
 .text._delay_init
                0x00001408        0xc hpl/systick/hpl_systick.o
                0x00001408                _delay_init
 .text.main     0x00001414       0x24 main.o
                0x00001414                main
 .text.datastreamer_init
                0x00001438       0x14 qtouch/datastreamer/datastreamer_UART_sam.o
                0x00001438                datastreamer_init
 .text.touch_sensors_config
                0x0000144c       0x70 qtouch/touch.o
 .text.touch_timer_handler
                0x000014bc       0x18 qtouch/touch.o
                0x000014bc                touch_timer_handler
 .text.Timer_task_cb
                0x000014d4        0xc qtouch/touch.o
                0x000014d4                Timer_task_cb
 .text.touch_timer_config
                0x000014e0       0x54 qtouch/touch.o
                0x000014e0                touch_timer_config
 .text.touch_init
                0x00001534       0x1c qtouch/touch.o
                0x00001534                touch_init
 .text.PTC_Handler
                0x00001550       0x14 qtouch/touch.o
                0x00001550                PTC_Handler
 .text._read    0x00001564       0x28 stdio_redirect/gcc/read.o
                0x00001564                _read
 .text._write   0x0000158c       0x28 stdio_redirect/gcc/write.o
                0x0000158c                _write
 .text.stdio_io_init
                0x000015b4       0x2c stdio_redirect/stdio_io.o
                0x000015b4                stdio_io_init
 .text.stdio_io_read
                0x000015e0       0x24 stdio_redirect/stdio_io.o
                0x000015e0                stdio_io_read
 .text.stdio_io_write
                0x00001604       0x24 stdio_redirect/stdio_io.o
                0x00001604                stdio_io_write
 .text.stdio_redirect_init
                0x00001628       0x20 stdio_start.o
                0x00001628                stdio_redirect_init
 .text.my_strlen
                0x00001648       0x1a TuyaMCU/mcu_api.o
                0x00001648                my_strlen
 .text.my_memset
                0x00001662       0x1a TuyaMCU/mcu_api.o
                0x00001662                my_memset
 .text.my_memcpy
                0x0000167c       0x3c TuyaMCU/mcu_api.o
                0x0000167c                my_memcpy
 .text.my_strcpy
                0x000016b8       0x20 TuyaMCU/mcu_api.o
                0x000016b8                my_strcpy
 .text.my_strcmp
                0x000016d8       0x1c TuyaMCU/mcu_api.o
                0x000016d8                my_strcmp
 .text.byte_to_int
                0x000016f4       0x16 TuyaMCU/mcu_api.o
                0x000016f4                byte_to_int
 *fill*         0x0000170a        0x2 
 .text.mcu_dp_bool_update
                0x0000170c       0x50 TuyaMCU/mcu_api.o
                0x0000170c                mcu_dp_bool_update
 .text.mcu_dp_value_update
                0x0000175c       0x50 TuyaMCU/mcu_api.o
                0x0000175c                mcu_dp_value_update
 .text.mcu_dp_string_update
                0x000017ac       0x48 TuyaMCU/mcu_api.o
                0x000017ac                mcu_dp_string_update
 .text.mcu_dp_enum_update
                0x000017f4       0x40 TuyaMCU/mcu_api.o
                0x000017f4                mcu_dp_enum_update
 .text.mcu_get_dp_download_bool
                0x00001834        0x4 TuyaMCU/mcu_api.o
                0x00001834                mcu_get_dp_download_bool
 .text.mcu_get_dp_download_enum
                0x00001838        0x4 TuyaMCU/mcu_api.o
                0x00001838                mcu_get_dp_download_enum
 .text.mcu_get_dp_download_value
                0x0000183c        0xc TuyaMCU/mcu_api.o
                0x0000183c                mcu_get_dp_download_value
 .text.uart_receive_input
                0x00001848       0x40 TuyaMCU/mcu_api.o
                0x00001848                uart_receive_input
 .text.wifi_uart_service
                0x00001888       0xe8 TuyaMCU/mcu_api.o
                0x00001888                wifi_uart_service
 .text.wifi_protocol_init
                0x00001970       0x2c TuyaMCU/mcu_api.o
                0x00001970                wifi_protocol_init
 .text.dp_download_switch_inching_handle
                0x0000199c       0x18 TuyaMCU/protocol.o
 .text.dp_download_switch_1_handle
                0x000019b4       0x20 TuyaMCU/protocol.o
 .text.dp_download_switch_2_handle
                0x000019d4       0x20 TuyaMCU/protocol.o
 .text.dp_download_switch_3_handle
                0x000019f4       0x20 TuyaMCU/protocol.o
 .text.dp_download_switch_4_handle
                0x00001a14       0x20 TuyaMCU/protocol.o
 .text.dp_download_switch_all_handle
                0x00001a34       0x20 TuyaMCU/protocol.o
 .text.dp_download_backlight_switch_handle
                0x00001a54       0x20 TuyaMCU/protocol.o
 .text.dp_download_countdown_1_handle
                0x00001a74       0x20 TuyaMCU/protocol.o
 .text.dp_download_countdown_2_handle
                0x00001a94       0x20 TuyaMCU/protocol.o
 .text.dp_download_countdown_3_handle
                0x00001ab4       0x20 TuyaMCU/protocol.o
 .text.dp_download_countdown_4_handle
                0x00001ad4       0x20 TuyaMCU/protocol.o
 .text.dp_download_backlight_handle
                0x00001af4       0x20 TuyaMCU/protocol.o
 .text.dp_download_relay_status_handle
                0x00001b14       0x20 TuyaMCU/protocol.o
 .text.dp_download_light_mode_handle
                0x00001b34       0x20 TuyaMCU/protocol.o
 .text.dp_download_colour_handle
                0x00001b54       0x20 TuyaMCU/protocol.o
 .text.uart_transmit_output
                0x00001b74        0xc TuyaMCU/protocol.o
                0x00001b74                uart_transmit_output
 .text.all_data_update
                0x00001b80       0x7c TuyaMCU/protocol.o
                0x00001b80                all_data_update
 .text.dp_download_handle
                0x00001bfc       0xec TuyaMCU/protocol.o
                0x00001bfc                dp_download_handle
 .text.get_download_cmd_total
                0x00001ce8        0x4 TuyaMCU/protocol.o
                0x00001ce8                get_download_cmd_total
 .text.wifi_test_result
                0x00001cec        0x2 TuyaMCU/protocol.o
                0x00001cec                wifi_test_result
 *fill*         0x00001cee        0x2 
 .text.mcu_open_weather
                0x00001cf0       0x84 TuyaMCU/protocol.o
                0x00001cf0                mcu_open_weather
 .text.weather_open_return_handle
                0x00001d74        0x2 TuyaMCU/protocol.o
                0x00001d74                weather_open_return_handle
 *fill*         0x00001d76        0x2 
 .text.weather_data_user_handle
                0x00001d78       0xd0 TuyaMCU/protocol.o
                0x00001d78                weather_data_user_handle
 .text.get_wifi_status
                0x00001e48        0x2 TuyaMCU/protocol.o
                0x00001e48                get_wifi_status
 .text.mcu_get_mac
                0x00001e4a        0x2 TuyaMCU/protocol.o
                0x00001e4a                mcu_get_mac
 .text.wifi_uart_write_data
                0x00001e4c       0x24 TuyaMCU/system.o
 .text.get_dowmload_dpid_index
                0x00001e70       0x2c TuyaMCU/system.o
 .text.data_point_handle
                0x00001e9c       0x40 TuyaMCU/system.o
 .text.set_wifi_uart_byte
                0x00001edc       0x10 TuyaMCU/system.o
                0x00001edc                set_wifi_uart_byte
 .text.set_wifi_uart_buffer
                0x00001eec       0x20 TuyaMCU/system.o
                0x00001eec                set_wifi_uart_buffer
 .text.get_check_sum
                0x00001f0c       0x1c TuyaMCU/system.o
                0x00001f0c                get_check_sum
 .text.wifi_uart_write_frame
                0x00001f28       0x40 TuyaMCU/system.o
                0x00001f28                wifi_uart_write_frame
 .text.heat_beat_check
                0x00001f68       0x40 TuyaMCU/system.o
 .text.product_info_update
                0x00001fa8       0xc0 TuyaMCU/system.o
 .text.get_mcu_wifi_mode
                0x00002068       0x14 TuyaMCU/system.o
 .text.weather_data_raw_handle
                0x0000207c       0xf0 TuyaMCU/system.o
 .text.data_handle
                0x0000216c      0x158 TuyaMCU/system.o
                0x0000216c                data_handle
 .text.with_data_rxbuff
                0x000022c4       0x1c TuyaMCU/system.o
                0x000022c4                with_data_rxbuff
 .text.take_byte_rxbuff
                0x000022e0       0x3c TuyaMCU/system.o
                0x000022e0                take_byte_rxbuff
 .text.serial_rx_callback
                0x0000231c       0x28 Usart_test.o
                0x0000231c                serial_rx_callback
 .text.uart_init
                0x00002344       0x38 Usart_test.o
                0x00002344                uart_init
 .text.Uart_PutChar
                0x0000237c       0x1c Usart_test.o
                0x0000237c                Uart_PutChar
 .text.qtm_update_qtlib_timer
                0x00002398       0x10 ..\qtouch\lib\gcc\libqtm_touch_key_cm0p_0x0002.a(sam_touch_key_g_cm0p.o)
                0x00002398                qtm_update_qtlib_timer
 .text.qtm_init_sensor_key
                0x000023a8       0x28 ..\qtouch\lib\gcc\libqtm_touch_key_cm0p_0x0002.a(sam_touch_key_g_cm0p.o)
                0x000023a8                qtm_init_sensor_key
 .text.sync_config
                0x000023d0       0x18 ..\qtouch\lib\gcc\libqtm_acq_samd21_0x0024.a(sam_acq_g_samd21.o)
 .text.select_next_channel_to_measure
                0x000023e8       0x40 ..\qtouch\lib\gcc\libqtm_acq_samd21_0x0024.a(sam_acq_g_samd21.o)
 .text.qtm_measure_node
                0x00002428      0x1c0 ..\qtouch\lib\gcc\libqtm_acq_samd21_0x0024.a(sam_acq_g_samd21.o)
 .text.qtm_ptc_init_acquisition_module
                0x000025e8      0x12c ..\qtouch\lib\gcc\libqtm_acq_samd21_0x0024.a(sam_acq_g_samd21.o)
                0x000025e8                qtm_ptc_init_acquisition_module
 .text.qtm_ptc_qtlib_assign_signal_memory
                0x00002714       0x14 ..\qtouch\lib\gcc\libqtm_acq_samd21_0x0024.a(sam_acq_g_samd21.o)
                0x00002714                qtm_ptc_qtlib_assign_signal_memory
 .text.qtm_enable_sensor_node
                0x00002728       0x20 ..\qtouch\lib\gcc\libqtm_acq_samd21_0x0024.a(sam_acq_g_samd21.o)
                0x00002728                qtm_enable_sensor_node
 .text.qtm_calibrate_sensor_node
                0x00002748       0x50 ..\qtouch\lib\gcc\libqtm_acq_samd21_0x0024.a(sam_acq_g_samd21.o)
                0x00002748                qtm_calibrate_sensor_node
 .text.qtm_ptc_clear_interrupt
                0x00002798       0x24 ..\qtouch\lib\gcc\libqtm_acq_samd21_0x0024.a(sam_acq_g_samd21.o)
                0x00002798                qtm_ptc_clear_interrupt
 .text.qtm_samd21_ptc_handler_eoc
                0x000027bc       0xac ..\qtouch\lib\gcc\libqtm_acq_samd21_0x0024.a(sam_acq_g_samd21.o)
                0x000027bc                qtm_samd21_ptc_handler_eoc
 .text          0x00002868      0x114 c:/program files (x86)/atmel/studio/7.0/toolchain/arm/arm-gnu-toolchain/bin/../lib/gcc/arm-none-eabi/6.3.1/thumb/v6-m\libgcc.a(_udivsi3.o)
                0x00002868                __aeabi_uidiv
                0x00002868                __udivsi3
                0x00002974                __aeabi_uidivmod
 .text          0x0000297c        0x4 c:/program files (x86)/atmel/studio/7.0/toolchain/arm/arm-gnu-toolchain/bin/../lib/gcc/arm-none-eabi/6.3.1/thumb/v6-m\libgcc.a(_dvmd_tls.o)
                0x0000297c                __aeabi_idiv0
                0x0000297c                __aeabi_ldiv0
 .text.__libc_init_array
                0x00002980       0x48 c:/program files (x86)/atmel/studio/7.0/toolchain/arm/arm-gnu-toolchain/bin/../lib/gcc/arm-none-eabi/6.3.1/../../../../arm-none-eabi/lib/thumb/v6-m\libc_nano.a(lib_a-init.o)
                0x00002980                __libc_init_array
 .text.memset   0x000029c8       0x10 c:/program files (x86)/atmel/studio/7.0/toolchain/arm/arm-gnu-toolchain/bin/../lib/gcc/arm-none-eabi/6.3.1/../../../../arm-none-eabi/lib/thumb/v6-m\libc_nano.a(lib_a-memset.o)
                0x000029c8                memset
 .text.printf   0x000029d8       0x34 c:/program files (x86)/atmel/studio/7.0/toolchain/arm/arm-gnu-toolchain/bin/../lib/gcc/arm-none-eabi/6.3.1/../../../../arm-none-eabi/lib/thumb/v6-m\libc_nano.a(lib_a-printf.o)
                0x000029d8                iprintf
                0x000029d8                printf
 .text.setbuf   0x00002a0c       0x12 c:/program files (x86)/atmel/studio/7.0/toolchain/arm/arm-gnu-toolchain/bin/../lib/gcc/arm-none-eabi/6.3.1/../../../../arm-none-eabi/lib/thumb/v6-m\libc_nano.a(lib_a-setbuf.o)
                0x00002a0c                setbuf
 *fill*         0x00002a1e        0x2 
 .text.setvbuf  0x00002a20      0x158 c:/program files (x86)/atmel/studio/7.0/toolchain/arm/arm-gnu-toolchain/bin/../lib/gcc/arm-none-eabi/6.3.1/../../../../arm-none-eabi/lib/thumb/v6-m\libc_nano.a(lib_a-setvbuf.o)
                0x00002a20                setvbuf
 .text.sprintf  0x00002b78       0x44 c:/program files (x86)/atmel/studio/7.0/toolchain/arm/arm-gnu-toolchain/bin/../lib/gcc/arm-none-eabi/6.3.1/../../../../arm-none-eabi/lib/thumb/v6-m\libc_nano.a(lib_a-sprintf.o)
                0x00002b78                siprintf
                0x00002b78                sprintf
 .text.__swbuf_r
                0x00002bbc       0xac c:/program files (x86)/atmel/studio/7.0/toolchain/arm/arm-gnu-toolchain/bin/../lib/gcc/arm-none-eabi/6.3.1/../../../../arm-none-eabi/lib/thumb/v6-m\libc_nano.a(lib_a-wbuf.o)
                0x00002bbc                __swbuf_r
 .text.__swsetup_r
                0x00002c68       0xec c:/program files (x86)/atmel/studio/7.0/toolchain/arm/arm-gnu-toolchain/bin/../lib/gcc/arm-none-eabi/6.3.1/../../../../arm-none-eabi/lib/thumb/v6-m\libc_nano.a(lib_a-wsetup.o)
                0x00002c68                __swsetup_r
 .text.__sflush_r
                0x00002d54      0x114 c:/program files (x86)/atmel/studio/7.0/toolchain/arm/arm-gnu-toolchain/bin/../lib/gcc/arm-none-eabi/6.3.1/../../../../arm-none-eabi/lib/thumb/v6-m\libc_nano.a(lib_a-fflush.o)
                0x00002d54                __sflush_r
 .text._fflush_r
                0x00002e68       0x58 c:/program files (x86)/atmel/studio/7.0/toolchain/arm/arm-gnu-toolchain/bin/../lib/gcc/arm-none-eabi/6.3.1/../../../../arm-none-eabi/lib/thumb/v6-m\libc_nano.a(lib_a-fflush.o)
                0x00002e68                _fflush_r
 .text._cleanup_r
                0x00002ec0       0x10 c:/program files (x86)/atmel/studio/7.0/toolchain/arm/arm-gnu-toolchain/bin/../lib/gcc/arm-none-eabi/6.3.1/../../../../arm-none-eabi/lib/thumb/v6-m\libc_nano.a(lib_a-findfp.o)
                0x00002ec0                _cleanup_r
 .text.std.isra.0
                0x00002ed0       0x48 c:/program files (x86)/atmel/studio/7.0/toolchain/arm/arm-gnu-toolchain/bin/../lib/gcc/arm-none-eabi/6.3.1/../../../../arm-none-eabi/lib/thumb/v6-m\libc_nano.a(lib_a-findfp.o)
 .text.__sfmoreglue
                0x00002f18       0x2c c:/program files (x86)/atmel/studio/7.0/toolchain/arm/arm-gnu-toolchain/bin/../lib/gcc/arm-none-eabi/6.3.1/../../../../arm-none-eabi/lib/thumb/v6-m\libc_nano.a(lib_a-findfp.o)
                0x00002f18                __sfmoreglue
 .text.__sinit  0x00002f44       0x68 c:/program files (x86)/atmel/studio/7.0/toolchain/arm/arm-gnu-toolchain/bin/../lib/gcc/arm-none-eabi/6.3.1/../../../../arm-none-eabi/lib/thumb/v6-m\libc_nano.a(lib_a-findfp.o)
                0x00002f44                __sinit
 .text.__sfp    0x00002fac       0x80 c:/program files (x86)/atmel/studio/7.0/toolchain/arm/arm-gnu-toolchain/bin/../lib/gcc/arm-none-eabi/6.3.1/../../../../arm-none-eabi/lib/thumb/v6-m\libc_nano.a(lib_a-findfp.o)
                0x00002fac                __sfp
 .text._fwalk_reent
                0x0000302c       0x42 c:/program files (x86)/atmel/studio/7.0/toolchain/arm/arm-gnu-toolchain/bin/../lib/gcc/arm-none-eabi/6.3.1/../../../../arm-none-eabi/lib/thumb/v6-m\libc_nano.a(lib_a-fwalk.o)
                0x0000302c                _fwalk_reent
 *fill*         0x0000306e        0x2 
 .text.__swhatbuf_r
                0x00003070       0x50 c:/program files (x86)/atmel/studio/7.0/toolchain/arm/arm-gnu-toolchain/bin/../lib/gcc/arm-none-eabi/6.3.1/../../../../arm-none-eabi/lib/thumb/v6-m\libc_nano.a(lib_a-makebuf.o)
                0x00003070                __swhatbuf_r
 .text.__smakebuf_r
                0x000030c0       0x88 c:/program files (x86)/atmel/studio/7.0/toolchain/arm/arm-gnu-toolchain/bin/../lib/gcc/arm-none-eabi/6.3.1/../../../../arm-none-eabi/lib/thumb/v6-m\libc_nano.a(lib_a-makebuf.o)
                0x000030c0                __smakebuf_r
 .text.malloc   0x00003148       0x14 c:/program files (x86)/atmel/studio/7.0/toolchain/arm/arm-gnu-toolchain/bin/../lib/gcc/arm-none-eabi/6.3.1/../../../../arm-none-eabi/lib/thumb/v6-m\libc_nano.a(lib_a-malloc.o)
                0x00003148                malloc
 .text._free_r  0x0000315c       0x94 c:/program files (x86)/atmel/studio/7.0/toolchain/arm/arm-gnu-toolchain/bin/../lib/gcc/arm-none-eabi/6.3.1/../../../../arm-none-eabi/lib/thumb/v6-m\libc_nano.a(lib_a-nano-freer.o)
                0x0000315c                _free_r
 .text._malloc_r
                0x000031f0       0xbc c:/program files (x86)/atmel/studio/7.0/toolchain/arm/arm-gnu-toolchain/bin/../lib/gcc/arm-none-eabi/6.3.1/../../../../arm-none-eabi/lib/thumb/v6-m\libc_nano.a(lib_a-nano-mallocr.o)
                0x000031f0                _malloc_r
 .text.__ssputs_r
                0x000032ac       0xc4 c:/program files (x86)/atmel/studio/7.0/toolchain/arm/arm-gnu-toolchain/bin/../lib/gcc/arm-none-eabi/6.3.1/../../../../arm-none-eabi/lib/thumb/v6-m\libc_nano.a(lib_a-nano-svfprintf.o)
                0x000032ac                __ssputs_r
 .text._svfprintf_r
                0x00003370      0x208 c:/program files (x86)/atmel/studio/7.0/toolchain/arm/arm-gnu-toolchain/bin/../lib/gcc/arm-none-eabi/6.3.1/../../../../arm-none-eabi/lib/thumb/v6-m\libc_nano.a(lib_a-nano-svfprintf.o)
                0x00003370                _svfiprintf_r
                0x00003370                _svfprintf_r
 .text.__sfputc_r
                0x00003578       0x2a c:/program files (x86)/atmel/studio/7.0/toolchain/arm/arm-gnu-toolchain/bin/../lib/gcc/arm-none-eabi/6.3.1/../../../../arm-none-eabi/lib/thumb/v6-m\libc_nano.a(lib_a-nano-vfprintf.o)
 .text.__sfputs_r
                0x000035a2       0x24 c:/program files (x86)/atmel/studio/7.0/toolchain/arm/arm-gnu-toolchain/bin/../lib/gcc/arm-none-eabi/6.3.1/../../../../arm-none-eabi/lib/thumb/v6-m\libc_nano.a(lib_a-nano-vfprintf.o)
                0x000035a2                __sfputs_r
 *fill*         0x000035c6        0x2 
 .text._vfprintf_r
                0x000035c8      0x238 c:/program files (x86)/atmel/studio/7.0/toolchain/arm/arm-gnu-toolchain/bin/../lib/gcc/arm-none-eabi/6.3.1/../../../../arm-none-eabi/lib/thumb/v6-m\libc_nano.a(lib_a-nano-vfprintf.o)
                0x000035c8                _vfprintf_r
                0x000035c8                _vfiprintf_r
 .text._printf_common
                0x00003800       0xda c:/program files (x86)/atmel/studio/7.0/toolchain/arm/arm-gnu-toolchain/bin/../lib/gcc/arm-none-eabi/6.3.1/../../../../arm-none-eabi/lib/thumb/v6-m\libc_nano.a(lib_a-nano-vfprintf_i.o)
                0x00003800                _printf_common
 *fill*         0x000038da        0x2 
 .text._printf_i
                0x000038dc      0x234 c:/program files (x86)/atmel/studio/7.0/toolchain/arm/arm-gnu-toolchain/bin/../lib/gcc/arm-none-eabi/6.3.1/../../../../arm-none-eabi/lib/thumb/v6-m\libc_nano.a(lib_a-nano-vfprintf_i.o)
                0x000038dc                _printf_i
 .text._sbrk_r  0x00003b10       0x24 c:/program files (x86)/atmel/studio/7.0/toolchain/arm/arm-gnu-toolchain/bin/../lib/gcc/arm-none-eabi/6.3.1/../../../../arm-none-eabi/lib/thumb/v6-m\libc_nano.a(lib_a-sbrkr.o)
                0x00003b10                _sbrk_r
 .text.__sread  0x00003b34       0x28 c:/program files (x86)/atmel/studio/7.0/toolchain/arm/arm-gnu-toolchain/bin/../lib/gcc/arm-none-eabi/6.3.1/../../../../arm-none-eabi/lib/thumb/v6-m\libc_nano.a(lib_a-stdio.o)
                0x00003b34                __sread
 .text.__swrite
                0x00003b5c       0x38 c:/program files (x86)/atmel/studio/7.0/toolchain/arm/arm-gnu-toolchain/bin/../lib/gcc/arm-none-eabi/6.3.1/../../../../arm-none-eabi/lib/thumb/v6-m\libc_nano.a(lib_a-stdio.o)
                0x00003b5c                __swrite
 .text.__sseek  0x00003b94       0x2c c:/program files (x86)/atmel/studio/7.0/toolchain/arm/arm-gnu-toolchain/bin/../lib/gcc/arm-none-eabi/6.3.1/../../../../arm-none-eabi/lib/thumb/v6-m\libc_nano.a(lib_a-stdio.o)
                0x00003b94                __sseek
 .text.__sclose
                0x00003bc0        0xc c:/program files (x86)/atmel/studio/7.0/toolchain/arm/arm-gnu-toolchain/bin/../lib/gcc/arm-none-eabi/6.3.1/../../../../arm-none-eabi/lib/thumb/v6-m\libc_nano.a(lib_a-stdio.o)
                0x00003bc0                __sclose
 .text._write_r
                0x00003bcc       0x28 c:/program files (x86)/atmel/studio/7.0/toolchain/arm/arm-gnu-toolchain/bin/../lib/gcc/arm-none-eabi/6.3.1/../../../../arm-none-eabi/lib/thumb/v6-m\libc_nano.a(lib_a-writer.o)
                0x00003bcc                _write_r
 .text._close_r
                0x00003bf4       0x24 c:/program files (x86)/atmel/studio/7.0/toolchain/arm/arm-gnu-toolchain/bin/../lib/gcc/arm-none-eabi/6.3.1/../../../../arm-none-eabi/lib/thumb/v6-m\libc_nano.a(lib_a-closer.o)
                0x00003bf4                _close_r
 .text._fstat_r
                0x00003c18       0x24 c:/program files (x86)/atmel/studio/7.0/toolchain/arm/arm-gnu-toolchain/bin/../lib/gcc/arm-none-eabi/6.3.1/../../../../arm-none-eabi/lib/thumb/v6-m\libc_nano.a(lib_a-fstatr.o)
                0x00003c18                _fstat_r
 .text._isatty_r
                0x00003c3c       0x24 c:/program files (x86)/atmel/studio/7.0/toolchain/arm/arm-gnu-toolchain/bin/../lib/gcc/arm-none-eabi/6.3.1/../../../../arm-none-eabi/lib/thumb/v6-m\libc_nano.a(lib_a-isattyr.o)
                0x00003c3c                _isatty_r
 .text._lseek_r
                0x00003c60       0x28 c:/program files (x86)/atmel/studio/7.0/toolchain/arm/arm-gnu-toolchain/bin/../lib/gcc/arm-none-eabi/6.3.1/../../../../arm-none-eabi/lib/thumb/v6-m\libc_nano.a(lib_a-lseekr.o)
                0x00003c60                _lseek_r
 .text.memchr   0x00003c88       0x16 c:/program files (x86)/atmel/studio/7.0/toolchain/arm/arm-gnu-toolchain/bin/../lib/gcc/arm-none-eabi/6.3.1/../../../../arm-none-eabi/lib/thumb/v6-m\libc_nano.a(lib_a-memchr-stub.o)
                0x00003c88                memchr
 .text.memcpy   0x00003c9e       0x12 c:/program files (x86)/atmel/studio/7.0/toolchain/arm/arm-gnu-toolchain/bin/../lib/gcc/arm-none-eabi/6.3.1/../../../../arm-none-eabi/lib/thumb/v6-m\libc_nano.a(lib_a-memcpy-stub.o)
                0x00003c9e                memcpy
 .text.memmove  0x00003cb0       0x24 c:/program files (x86)/atmel/studio/7.0/toolchain/arm/arm-gnu-toolchain/bin/../lib/gcc/arm-none-eabi/6.3.1/../../../../arm-none-eabi/lib/thumb/v6-m\libc_nano.a(lib_a-memmove.o)
                0x00003cb0                memmove
 .text.__malloc_lock
                0x00003cd4        0x2 c:/program files (x86)/atmel/studio/7.0/toolchain/arm/arm-gnu-toolchain/bin/../lib/gcc/arm-none-eabi/6.3.1/../../../../arm-none-eabi/lib/thumb/v6-m\libc_nano.a(lib_a-mlock.o)
                0x00003cd4                __malloc_lock
 .text.__malloc_unlock
                0x00003cd6        0x2 c:/program files (x86)/atmel/studio/7.0/toolchain/arm/arm-gnu-toolchain/bin/../lib/gcc/arm-none-eabi/6.3.1/../../../../arm-none-eabi/lib/thumb/v6-m\libc_nano.a(lib_a-mlock.o)
                0x00003cd6                __malloc_unlock
 .text._realloc_r
                0x00003cd8       0x4c c:/program files (x86)/atmel/studio/7.0/toolchain/arm/arm-gnu-toolchain/bin/../lib/gcc/arm-none-eabi/6.3.1/../../../../arm-none-eabi/lib/thumb/v6-m\libc_nano.a(lib_a-nano-reallocr.o)
                0x00003cd8                _realloc_r
 .text._read_r  0x00003d24       0x28 c:/program files (x86)/atmel/studio/7.0/toolchain/arm/arm-gnu-toolchain/bin/../lib/gcc/arm-none-eabi/6.3.1/../../../../arm-none-eabi/lib/thumb/v6-m\libc_nano.a(lib_a-readr.o)
                0x00003d24                _read_r
 .text._malloc_usable_size_r
                0x00003d4c       0x10 c:/program files (x86)/atmel/studio/7.0/toolchain/arm/arm-gnu-toolchain/bin/../lib/gcc/arm-none-eabi/6.3.1/../../../../arm-none-eabi/lib/thumb/v6-m\libc_nano.a(lib_a-nano-msizer.o)
                0x00003d4c                _malloc_usable_size_r
 *(.glue_7t)
 .glue_7t       0x00003d5c        0x0 linker stubs
 *(.glue_7)
 .glue_7        0x00003d5c        0x0 linker stubs
 *(.rodata .rodata* .gnu.linkonce.r.*)
 .rodata.str1.4
                0x00003d5c       0x14 hal/src/hal_io.o
 .rodata.str1.4
                0x00003d70       0x17 hal/src/hal_timer.o
 *fill*         0x00003d87        0x1 
 .rodata.str1.4
                0x00003d88       0x1d hal/src/hal_usart_async.o
 *fill*         0x00003da5        0x3 
 .rodata.str1.4
                0x00003da8       0x1c hal/src/hal_usart_sync.o
 .rodata.str1.4
                0x00003dc4       0x1e hal/utils/src/utils_list.o
 *fill*         0x00003de2        0x2 
 .rodata.str1.4
                0x00003de4       0x24 hal/utils/src/utils_ringbuffer.o
 .rodata.str1.4
                0x00003e08       0x15 hpl/rtc/hpl_rtc.o
 *fill*         0x00003e1d        0x3 
 .rodata        0x00003e20       0x75 hpl/sercom/hpl_sercom.o
 *fill*         0x00003e95        0x3 
 .rodata.str1.4
                0x00003e98       0x1b hpl/sercom/hpl_sercom.o
 *fill*         0x00003eb3        0x1 
 .rodata        0x00003eb4      0x1be TuyaMCU/protocol.o
                0x00004054                download_cmd
 *fill*         0x00004072        0x2 
 .rodata.str1.4
                0x00004074       0xb7 TuyaMCU/protocol.o
 *fill*         0x0000412b        0x1 
 .rodata        0x0000412c       0xb8 TuyaMCU/system.o
 .rodata.str1.4
                0x000041e4       0x3c TuyaMCU/system.o
                                 0x3a (size before relaxing)
 .rodata        0x00004220       0x2e ..\qtouch\lib\gcc\libqtm_acq_samd21_0x0024.a(sam_acq_g_samd21.o)
 *fill*         0x0000424e        0x2 
 .rodata._global_impure_ptr
                0x00004250        0x4 c:/program files (x86)/atmel/studio/7.0/toolchain/arm/arm-gnu-toolchain/bin/../lib/gcc/arm-none-eabi/6.3.1/../../../../arm-none-eabi/lib/thumb/v6-m\libc_nano.a(lib_a-impure.o)
                0x00004250                _global_impure_ptr
 .rodata.__sf_fake_stderr
                0x00004254       0x20 c:/program files (x86)/atmel/studio/7.0/toolchain/arm/arm-gnu-toolchain/bin/../lib/gcc/arm-none-eabi/6.3.1/../../../../arm-none-eabi/lib/thumb/v6-m\libc_nano.a(lib_a-findfp.o)
                0x00004254                __sf_fake_stderr
 .rodata.__sf_fake_stdin
                0x00004274       0x20 c:/program files (x86)/atmel/studio/7.0/toolchain/arm/arm-gnu-toolchain/bin/../lib/gcc/arm-none-eabi/6.3.1/../../../../arm-none-eabi/lib/thumb/v6-m\libc_nano.a(lib_a-findfp.o)
                0x00004274                __sf_fake_stdin
 .rodata.__sf_fake_stdout
                0x00004294       0x20 c:/program files (x86)/atmel/studio/7.0/toolchain/arm/arm-gnu-toolchain/bin/../lib/gcc/arm-none-eabi/6.3.1/../../../../arm-none-eabi/lib/thumb/v6-m\libc_nano.a(lib_a-findfp.o)
                0x00004294                __sf_fake_stdout
 .rodata._svfprintf_r.str1.1
                0x000042b4       0x11 c:/program files (x86)/atmel/studio/7.0/toolchain/arm/arm-gnu-toolchain/bin/../lib/gcc/arm-none-eabi/6.3.1/../../../../arm-none-eabi/lib/thumb/v6-m\libc_nano.a(lib_a-nano-svfprintf.o)
 .rodata._vfprintf_r.str1.1
                0x000042c5       0x11 c:/program files (x86)/atmel/studio/7.0/toolchain/arm/arm-gnu-toolchain/bin/../lib/gcc/arm-none-eabi/6.3.1/../../../../arm-none-eabi/lib/thumb/v6-m\libc_nano.a(lib_a-nano-vfprintf.o)
 .rodata._printf_i.str1.1
                0x000042c5       0x22 c:/program files (x86)/atmel/studio/7.0/toolchain/arm/arm-gnu-toolchain/bin/../lib/gcc/arm-none-eabi/6.3.1/../../../../arm-none-eabi/lib/thumb/v6-m\libc_nano.a(lib_a-nano-vfprintf_i.o)
 *(.ARM.extab* .gnu.linkonce.armextab.*)
                0x000042e8                . = ALIGN (0x4)
 *fill*         0x000042e7        0x1 
 *(.init)
 .init          0x000042e8        0x4 c:/program files (x86)/atmel/studio/7.0/toolchain/arm/arm-gnu-toolchain/bin/../lib/gcc/arm-none-eabi/6.3.1/thumb/v6-m/crti.o
                0x000042e8                _init
 .init          0x000042ec        0x8 c:/program files (x86)/atmel/studio/7.0/toolchain/arm/arm-gnu-toolchain/bin/../lib/gcc/arm-none-eabi/6.3.1/thumb/v6-m/crtn.o
                0x000042f4                . = ALIGN (0x4)
                0x000042f4                __preinit_array_start = .
 *(.preinit_array)
                0x000042f4                __preinit_array_end = .
                0x000042f4                . = ALIGN (0x4)
                0x000042f4                __init_array_start = .
 *(SORT(.init_array.*))
 *(.init_array)
 .init_array    0x000042f4        0x4 c:/program files (x86)/atmel/studio/7.0/toolchain/arm/arm-gnu-toolchain/bin/../lib/gcc/arm-none-eabi/6.3.1/thumb/v6-m/crtbegin.o
                0x000042f8                __init_array_end = .
                0x000042f8                . = ALIGN (0x4)
 *crtbegin.o(.ctors)
 *(EXCLUDE_FILE(*crtend.o) .ctors)
 *(SORT(.ctors.*))
 *crtend.o(.ctors)
                0x000042f8                . = ALIGN (0x4)
 *(.fini)
 .fini          0x000042f8        0x4 c:/program files (x86)/atmel/studio/7.0/toolchain/arm/arm-gnu-toolchain/bin/../lib/gcc/arm-none-eabi/6.3.1/thumb/v6-m/crti.o
                0x000042f8                _fini
 .fini          0x000042fc        0x8 c:/program files (x86)/atmel/studio/7.0/toolchain/arm/arm-gnu-toolchain/bin/../lib/gcc/arm-none-eabi/6.3.1/thumb/v6-m/crtn.o
                0x00004304                . = ALIGN (0x4)
                0x00004304                __fini_array_start = .
 *(.fini_array)
 .fini_array    0x00004304        0x4 c:/program files (x86)/atmel/studio/7.0/toolchain/arm/arm-gnu-toolchain/bin/../lib/gcc/arm-none-eabi/6.3.1/thumb/v6-m/crtbegin.o
 *(SORT(.fini_array.*))
                0x00004308                __fini_array_end = .
 *crtbegin.o(.dtors)
 *(EXCLUDE_FILE(*crtend.o) .dtors)
 *(SORT(.dtors.*))
 *crtend.o(.dtors)
                0x00004308                . = ALIGN (0x4)
                0x00004308                _efixed = .
                [!provide]                PROVIDE (__exidx_start, .)

.vfp11_veneer   0x00004308        0x0
 .vfp11_veneer  0x00004308        0x0 linker stubs

.v4_bx          0x00004308        0x0
 .v4_bx         0x00004308        0x0 linker stubs

.iplt           0x00004308        0x0
 .iplt          0x00004308        0x0 c:/program files (x86)/atmel/studio/7.0/toolchain/arm/arm-gnu-toolchain/bin/../lib/gcc/arm-none-eabi/6.3.1/thumb/v6-m/crtbegin.o

.eh_frame       0x00004308        0x0
 .eh_frame      0x00004308        0x0 c:/program files (x86)/atmel/studio/7.0/toolchain/arm/arm-gnu-toolchain/bin/../lib/gcc/arm-none-eabi/6.3.1/thumb/v6-m/crtbegin.o

.rel.dyn        0x00004308        0x0
 .rel.iplt      0x00004308        0x0 c:/program files (x86)/atmel/studio/7.0/toolchain/arm/arm-gnu-toolchain/bin/../lib/gcc/arm-none-eabi/6.3.1/thumb/v6-m/crtbegin.o

.jcr            0x00004308        0x0
 .jcr           0x00004308        0x0 c:/program files (x86)/atmel/studio/7.0/toolchain/arm/arm-gnu-toolchain/bin/../lib/gcc/arm-none-eabi/6.3.1/thumb/v6-m/crtbegin.o

.igot.plt       0x00004308        0x0
 .igot.plt      0x00004308        0x0 c:/program files (x86)/atmel/studio/7.0/toolchain/arm/arm-gnu-toolchain/bin/../lib/gcc/arm-none-eabi/6.3.1/thumb/v6-m/crtbegin.o

.ARM.exidx
 *(.ARM.exidx* .gnu.linkonce.armexidx.*)
                [!provide]                PROVIDE (__exidx_end, .)
                0x00004308                . = ALIGN (0x4)
                0x00004308                _etext = .

.relocate       0x20000000       0xc0 load address 0x00004308
                0x20000000                . = ALIGN (0x4)
                0x20000000                _srelocate = .
 *(.ramfunc .ramfunc.*)
 *(.data .data.*)
 .data          0x20000000       0x46 qtouch/touch.o
                0x20000000                qtlib_acq_set1
                0x2000000c                qtlib_key_set1
                0x2000001c                qtlib_key_configs_set1
                0x20000024                qtlib_key_grp_config_set1
                0x20000030                ptc_seq_node_cfg1
                0x20000040                ptc_qtlib_acq_gen1
 *fill*         0x20000046        0x2 
 .data          0x20000048       0x10 TuyaMCU/protocol.o
                0x20000048                weather_choose
 .data          0x20000058        0x1 ..\qtouch\lib\gcc\libqtm_acq_samd21_0x0024.a(sam_acq_g_samd21.o)
                0x20000058                qtm_which_mode_current
 *fill*         0x20000059        0x3 
 .data._impure_ptr
                0x2000005c        0x4 c:/program files (x86)/atmel/studio/7.0/toolchain/arm/arm-gnu-toolchain/bin/../lib/gcc/arm-none-eabi/6.3.1/../../../../arm-none-eabi/lib/thumb/v6-m\libc_nano.a(lib_a-impure.o)
                0x2000005c                _impure_ptr
 .data.impure_data
                0x20000060       0x60 c:/program files (x86)/atmel/studio/7.0/toolchain/arm/arm-gnu-toolchain/bin/../lib/gcc/arm-none-eabi/6.3.1/../../../../arm-none-eabi/lib/thumb/v6-m\libc_nano.a(lib_a-impure.o)
                0x200000c0                . = ALIGN (0x4)
                0x200000c0                _erelocate = .

.bss            0x200000c0      0x218 load address 0x000043c8
                0x200000c0                . = ALIGN (0x4)
                0x200000c0                _sbss = .
                0x200000c0                _szero = .
 *(.bss .bss.*)
 .bss           0x200000c0       0x1c c:/program files (x86)/atmel/studio/7.0/toolchain/arm/arm-gnu-toolchain/bin/../lib/gcc/arm-none-eabi/6.3.1/thumb/v6-m/crtbegin.o
 .bss           0x200000dc       0x20 driver_init.o
 .bss           0x200000fc        0x4 hal/src/hal_delay.o
 .bss           0x20000100        0x4 hal/utils/src/utils_syscalls.o
 .bss           0x20000104        0x4 hpl/rtc/hpl_rtc.o
 .bss           0x20000108        0x8 hpl/sercom/hpl_sercom.o
 .bss           0x20000110       0x1c qtouch/touch.o
                0x20000110                touch_postprocess_request
                0x20000111                module_error_code
                0x20000112                time_to_measure_touch_flag
                0x20000113                measurement_done_touch
 .bss           0x2000012c        0x4 stdio_redirect/stdio_io.o
 .bss           0x20000130        0x2 TuyaMCU/mcu_api.o
 .bss           0x20000132        0x2 TuyaMCU/system.o
 .bss           0x20000134        0x2 ..\qtouch\lib\gcc\libqtm_touch_key_cm0p_0x0002.a(sam_touch_key_g_cm0p.o)
                0x20000134                qtm_local_ms_timecount
 *fill*         0x20000136        0x2 
 .bss           0x20000138       0x14 ..\qtouch\lib\gcc\libqtm_acq_samd21_0x0024.a(sam_acq_g_samd21.o)
                0x20000138                current_measure_channel
 .bss.__malloc_free_list
                0x2000014c        0x4 c:/program files (x86)/atmel/studio/7.0/toolchain/arm/arm-gnu-toolchain/bin/../lib/gcc/arm-none-eabi/6.3.1/../../../../arm-none-eabi/lib/thumb/v6-m\libc_nano.a(lib_a-nano-mallocr.o)
                0x2000014c                __malloc_free_list
 .bss.__malloc_sbrk_start
                0x20000150        0x4 c:/program files (x86)/atmel/studio/7.0/toolchain/arm/arm-gnu-toolchain/bin/../lib/gcc/arm-none-eabi/6.3.1/../../../../arm-none-eabi/lib/thumb/v6-m\libc_nano.a(lib_a-nano-mallocr.o)
                0x20000150                __malloc_sbrk_start
 *(COMMON)
 COMMON         0x20000154       0xc8 driver_init.o
                0x20000154                SERIAL
                0x200001a4                TARGET_IO
                0x200001b0                Timer
                0x200001cc                USART
 COMMON         0x2000021c       0x30 qtouch/touch.o
                0x2000021c                qtlib_key_grp_data_set1
                0x20000224                ptc_qtlib_node_stat1
                0x20000230                touch_acq_signals_raw
                0x20000234                qtlib_key_data_set1
 COMMON         0x2000024c       0x7a TuyaMCU/system.o
                0x2000024c                wifi_data_process_buf
                0x2000026b                set_wifimode_flag
                0x2000026c                rx_buf_in
                0x20000270                wifi_uart_rx_buf
                0x20000288                rx_buf_out
                0x2000028c                wifi_uart_tx_buf
                0x200002c3                wifi_work_state
                0x200002c4                reset_wifi_flag
                0x200002c5                stop_update_flag
 *fill*         0x200002c6        0x2 
 COMMON         0x200002c8        0xc ..\qtouch\lib\gcc\libqtm_acq_samd21_0x0024.a(sam_acq_g_samd21.o)
                0x200002c8                p_qtm_drivenshield_config
                0x200002cc                qtm_acquisition_control_working_set_ptr
                0x200002d0                qtm_raw_data_measurements_ptr
 COMMON         0x200002d4        0x4 c:/program files (x86)/atmel/studio/7.0/toolchain/arm/arm-gnu-toolchain/bin/../lib/gcc/arm-none-eabi/6.3.1/../../../../arm-none-eabi/lib/thumb/v6-m\libc_nano.a(lib_a-reent.o)
                0x200002d4                errno
                0x200002d8                . = ALIGN (0x4)
                0x200002d8                _ebss = .
                0x200002d8                _ezero = .

.stack          0x200002d8     0x2000 load address 0x000045e0
                0x200002d8                . = ALIGN (0x8)
                0x200002d8                _sstack = .
                0x200022d8                . = (. + STACK_SIZE)
 *fill*         0x200002d8     0x2000 
                0x200022d8                . = ALIGN (0x8)
                0x200022d8                _estack = .
                0x200022d8                . = ALIGN (0x4)
                0x200022d8                _end = .
OUTPUT(WorkingProject.elf elf32-littlearm)

.ARM.attributes
                0x00000000       0x2d
 .ARM.attributes
                0x00000000       0x1e c:/program files (x86)/atmel/studio/7.0/toolchain/arm/arm-gnu-toolchain/bin/../lib/gcc/arm-none-eabi/6.3.1/thumb/v6-m/crti.o
 .ARM.attributes
                0x0000001e       0x2c c:/program files (x86)/atmel/studio/7.0/toolchain/arm/arm-gnu-toolchain/bin/../lib/gcc/arm-none-eabi/6.3.1/thumb/v6-m/crtbegin.o
 .ARM.attributes
                0x0000004a       0x32 atmel_start.o
 .ARM.attributes
                0x0000007c       0x32 Device_Startup/startup_samd21.o
 .ARM.attributes
                0x000000ae       0x32 driver_init.o
 .ARM.attributes
                0x000000e0       0x32 hal/src/hal_atomic.o
 .ARM.attributes
                0x00000112       0x32 hal/src/hal_delay.o
 .ARM.attributes
                0x00000144       0x32 hal/src/hal_io.o
 .ARM.attributes
                0x00000176       0x32 hal/src/hal_timer.o
 .ARM.attributes
                0x000001a8       0x32 hal/src/hal_usart_async.o
 .ARM.attributes
                0x000001da       0x32 hal/src/hal_usart_sync.o
 .ARM.attributes
                0x0000020c       0x32 hal/utils/src/utils_assert.o
 .ARM.attributes
                0x0000023e       0x32 hal/utils/src/utils_list.o
 .ARM.attributes
                0x00000270       0x32 hal/utils/src/utils_ringbuffer.o
 .ARM.attributes
                0x000002a2       0x32 hal/utils/src/utils_syscalls.o
 .ARM.attributes
                0x000002d4       0x32 hpl/core/hpl_init.o
 .ARM.attributes
                0x00000306       0x32 hpl/gclk/hpl_gclk.o
 .ARM.attributes
                0x00000338       0x32 hpl/pm/hpl_pm.o
 .ARM.attributes
                0x0000036a       0x32 hpl/rtc/hpl_rtc.o
 .ARM.attributes
                0x0000039c       0x32 hpl/sercom/hpl_sercom.o
 .ARM.attributes
                0x000003ce       0x32 hpl/sysctrl/hpl_sysctrl.o
 .ARM.attributes
                0x00000400       0x32 hpl/systick/hpl_systick.o
 .ARM.attributes
                0x00000432       0x32 main.o
 .ARM.attributes
                0x00000464       0x32 qtouch/datastreamer/datastreamer_UART_sam.o
 .ARM.attributes
                0x00000496       0x32 qtouch/touch.o
 .ARM.attributes
                0x000004c8       0x32 stdio_redirect/gcc/read.o
 .ARM.attributes
                0x000004fa       0x32 stdio_redirect/gcc/write.o
 .ARM.attributes
                0x0000052c       0x32 stdio_redirect/stdio_io.o
 .ARM.attributes
                0x0000055e       0x32 stdio_start.o
 .ARM.attributes
                0x00000590       0x32 TuyaMCU/mcu_api.o
 .ARM.attributes
                0x000005c2       0x32 TuyaMCU/protocol.o
 .ARM.attributes
                0x000005f4       0x32 TuyaMCU/system.o
 .ARM.attributes
                0x00000626       0x32 Usart_test.o
 .ARM.attributes
                0x00000658       0x30 ..\qtouch\lib\gcc\libqtm_touch_key_cm0p_0x0002.a(sam_touch_key_g_cm0p.o)
 .ARM.attributes
                0x00000688       0x32 ..\qtouch\lib\gcc\libqtm_acq_samd21_0x0024.a(sam_acq_g_samd21.o)
 .ARM.attributes
                0x000006ba       0x1e c:/program files (x86)/atmel/studio/7.0/toolchain/arm/arm-gnu-toolchain/bin/../lib/gcc/arm-none-eabi/6.3.1/thumb/v6-m\libgcc.a(_udivsi3.o)
 .ARM.attributes
                0x000006d8       0x1e c:/program files (x86)/atmel/studio/7.0/toolchain/arm/arm-gnu-toolchain/bin/../lib/gcc/arm-none-eabi/6.3.1/thumb/v6-m\libgcc.a(_dvmd_tls.o)
 .ARM.attributes
                0x000006f6       0x2c c:/program files (x86)/atmel/studio/7.0/toolchain/arm/arm-gnu-toolchain/bin/../lib/gcc/arm-none-eabi/6.3.1/../../../../arm-none-eabi/lib/thumb/v6-m\libc_nano.a(lib_a-impure.o)
 .ARM.attributes
                0x00000722       0x2c c:/program files (x86)/atmel/studio/7.0/toolchain/arm/arm-gnu-toolchain/bin/../lib/gcc/arm-none-eabi/6.3.1/../../../../arm-none-eabi/lib/thumb/v6-m\libc_nano.a(lib_a-init.o)
 .ARM.attributes
                0x0000074e       0x2c c:/program files (x86)/atmel/studio/7.0/toolchain/arm/arm-gnu-toolchain/bin/../lib/gcc/arm-none-eabi/6.3.1/../../../../arm-none-eabi/lib/thumb/v6-m\libc_nano.a(lib_a-memset.o)
 .ARM.attributes
                0x0000077a       0x2c c:/program files (x86)/atmel/studio/7.0/toolchain/arm/arm-gnu-toolchain/bin/../lib/gcc/arm-none-eabi/6.3.1/../../../../arm-none-eabi/lib/thumb/v6-m\libc_nano.a(lib_a-printf.o)
 .ARM.attributes
                0x000007a6       0x2c c:/program files (x86)/atmel/studio/7.0/toolchain/arm/arm-gnu-toolchain/bin/../lib/gcc/arm-none-eabi/6.3.1/../../../../arm-none-eabi/lib/thumb/v6-m\libc_nano.a(lib_a-setbuf.o)
 .ARM.attributes
                0x000007d2       0x2c c:/program files (x86)/atmel/studio/7.0/toolchain/arm/arm-gnu-toolchain/bin/../lib/gcc/arm-none-eabi/6.3.1/../../../../arm-none-eabi/lib/thumb/v6-m\libc_nano.a(lib_a-setvbuf.o)
 .ARM.attributes
                0x000007fe       0x2c c:/program files (x86)/atmel/studio/7.0/toolchain/arm/arm-gnu-toolchain/bin/../lib/gcc/arm-none-eabi/6.3.1/../../../../arm-none-eabi/lib/thumb/v6-m\libc_nano.a(lib_a-sprintf.o)
 .ARM.attributes
                0x0000082a       0x2c c:/program files (x86)/atmel/studio/7.0/toolchain/arm/arm-gnu-toolchain/bin/../lib/gcc/arm-none-eabi/6.3.1/../../../../arm-none-eabi/lib/thumb/v6-m\libc_nano.a(lib_a-wbuf.o)
 .ARM.attributes
                0x00000856       0x2c c:/program files (x86)/atmel/studio/7.0/toolchain/arm/arm-gnu-toolchain/bin/../lib/gcc/arm-none-eabi/6.3.1/../../../../arm-none-eabi/lib/thumb/v6-m\libc_nano.a(lib_a-wsetup.o)
 .ARM.attributes
                0x00000882       0x2c c:/program files (x86)/atmel/studio/7.0/toolchain/arm/arm-gnu-toolchain/bin/../lib/gcc/arm-none-eabi/6.3.1/../../../../arm-none-eabi/lib/thumb/v6-m\libc_nano.a(lib_a-fflush.o)
 .ARM.attributes
                0x000008ae       0x2c c:/program files (x86)/atmel/studio/7.0/toolchain/arm/arm-gnu-toolchain/bin/../lib/gcc/arm-none-eabi/6.3.1/../../../../arm-none-eabi/lib/thumb/v6-m\libc_nano.a(lib_a-findfp.o)
 .ARM.attributes
                0x000008da       0x2c c:/program files (x86)/atmel/studio/7.0/toolchain/arm/arm-gnu-toolchain/bin/../lib/gcc/arm-none-eabi/6.3.1/../../../../arm-none-eabi/lib/thumb/v6-m\libc_nano.a(lib_a-fwalk.o)
 .ARM.attributes
                0x00000906       0x2c c:/program files (x86)/atmel/studio/7.0/toolchain/arm/arm-gnu-toolchain/bin/../lib/gcc/arm-none-eabi/6.3.1/../../../../arm-none-eabi/lib/thumb/v6-m\libc_nano.a(lib_a-makebuf.o)
 .ARM.attributes
                0x00000932       0x2c c:/program files (x86)/atmel/studio/7.0/toolchain/arm/arm-gnu-toolchain/bin/../lib/gcc/arm-none-eabi/6.3.1/../../../../arm-none-eabi/lib/thumb/v6-m\libc_nano.a(lib_a-malloc.o)
 .ARM.attributes
                0x0000095e       0x2c c:/program files (x86)/atmel/studio/7.0/toolchain/arm/arm-gnu-toolchain/bin/../lib/gcc/arm-none-eabi/6.3.1/../../../../arm-none-eabi/lib/thumb/v6-m\libc_nano.a(lib_a-nano-freer.o)
 .ARM.attributes
                0x0000098a       0x2c c:/program files (x86)/atmel/studio/7.0/toolchain/arm/arm-gnu-toolchain/bin/../lib/gcc/arm-none-eabi/6.3.1/../../../../arm-none-eabi/lib/thumb/v6-m\libc_nano.a(lib_a-nano-mallocr.o)
 .ARM.attributes
                0x000009b6       0x2c c:/program files (x86)/atmel/studio/7.0/toolchain/arm/arm-gnu-toolchain/bin/../lib/gcc/arm-none-eabi/6.3.1/../../../../arm-none-eabi/lib/thumb/v6-m\libc_nano.a(lib_a-nano-svfprintf.o)
 .ARM.attributes
                0x000009e2       0x2c c:/program files (x86)/atmel/studio/7.0/toolchain/arm/arm-gnu-toolchain/bin/../lib/gcc/arm-none-eabi/6.3.1/../../../../arm-none-eabi/lib/thumb/v6-m\libc_nano.a(lib_a-nano-vfprintf.o)
 .ARM.attributes
                0x00000a0e       0x2c c:/program files (x86)/atmel/studio/7.0/toolchain/arm/arm-gnu-toolchain/bin/../lib/gcc/arm-none-eabi/6.3.1/../../../../arm-none-eabi/lib/thumb/v6-m\libc_nano.a(lib_a-nano-vfprintf_i.o)
 .ARM.attributes
                0x00000a3a       0x2c c:/program files (x86)/atmel/studio/7.0/toolchain/arm/arm-gnu-toolchain/bin/../lib/gcc/arm-none-eabi/6.3.1/../../../../arm-none-eabi/lib/thumb/v6-m\libc_nano.a(lib_a-sbrkr.o)
 .ARM.attributes
                0x00000a66       0x2c c:/program files (x86)/atmel/studio/7.0/toolchain/arm/arm-gnu-toolchain/bin/../lib/gcc/arm-none-eabi/6.3.1/../../../../arm-none-eabi/lib/thumb/v6-m\libc_nano.a(lib_a-stdio.o)
 .ARM.attributes
                0x00000a92       0x2c c:/program files (x86)/atmel/studio/7.0/toolchain/arm/arm-gnu-toolchain/bin/../lib/gcc/arm-none-eabi/6.3.1/../../../../arm-none-eabi/lib/thumb/v6-m\libc_nano.a(lib_a-writer.o)
 .ARM.attributes
                0x00000abe       0x2c c:/program files (x86)/atmel/studio/7.0/toolchain/arm/arm-gnu-toolchain/bin/../lib/gcc/arm-none-eabi/6.3.1/../../../../arm-none-eabi/lib/thumb/v6-m\libc_nano.a(lib_a-closer.o)
 .ARM.attributes
                0x00000aea       0x2c c:/program files (x86)/atmel/studio/7.0/toolchain/arm/arm-gnu-toolchain/bin/../lib/gcc/arm-none-eabi/6.3.1/../../../../arm-none-eabi/lib/thumb/v6-m\libc_nano.a(lib_a-fstatr.o)
 .ARM.attributes
                0x00000b16       0x2c c:/program files (x86)/atmel/studio/7.0/toolchain/arm/arm-gnu-toolchain/bin/../lib/gcc/arm-none-eabi/6.3.1/../../../../arm-none-eabi/lib/thumb/v6-m\libc_nano.a(lib_a-isattyr.o)
 .ARM.attributes
                0x00000b42       0x2c c:/program files (x86)/atmel/studio/7.0/toolchain/arm/arm-gnu-toolchain/bin/../lib/gcc/arm-none-eabi/6.3.1/../../../../arm-none-eabi/lib/thumb/v6-m\libc_nano.a(lib_a-lseekr.o)
 .ARM.attributes
                0x00000b6e       0x2c c:/program files (x86)/atmel/studio/7.0/toolchain/arm/arm-gnu-toolchain/bin/../lib/gcc/arm-none-eabi/6.3.1/../../../../arm-none-eabi/lib/thumb/v6-m\libc_nano.a(lib_a-memchr-stub.o)
 .ARM.attributes
                0x00000b9a       0x2c c:/program files (x86)/atmel/studio/7.0/toolchain/arm/arm-gnu-toolchain/bin/../lib/gcc/arm-none-eabi/6.3.1/../../../../arm-none-eabi/lib/thumb/v6-m\libc_nano.a(lib_a-memcpy-stub.o)
 .ARM.attributes
                0x00000bc6       0x2c c:/program files (x86)/atmel/studio/7.0/toolchain/arm/arm-gnu-toolchain/bin/../lib/gcc/arm-none-eabi/6.3.1/../../../../arm-none-eabi/lib/thumb/v6-m\libc_nano.a(lib_a-memmove.o)
 .ARM.attributes
                0x00000bf2       0x2c c:/program files (x86)/atmel/studio/7.0/toolchain/arm/arm-gnu-toolchain/bin/../lib/gcc/arm-none-eabi/6.3.1/../../../../arm-none-eabi/lib/thumb/v6-m\libc_nano.a(lib_a-mlock.o)
 .ARM.attributes
                0x00000c1e       0x2c c:/program files (x86)/atmel/studio/7.0/toolchain/arm/arm-gnu-toolchain/bin/../lib/gcc/arm-none-eabi/6.3.1/../../../../arm-none-eabi/lib/thumb/v6-m\libc_nano.a(lib_a-nano-reallocr.o)
 .ARM.attributes
                0x00000c4a       0x2c c:/program files (x86)/atmel/studio/7.0/toolchain/arm/arm-gnu-toolchain/bin/../lib/gcc/arm-none-eabi/6.3.1/../../../../arm-none-eabi/lib/thumb/v6-m\libc_nano.a(lib_a-readr.o)
 .ARM.attributes
                0x00000c76       0x2c c:/program files (x86)/atmel/studio/7.0/toolchain/arm/arm-gnu-toolchain/bin/../lib/gcc/arm-none-eabi/6.3.1/../../../../arm-none-eabi/lib/thumb/v6-m\libc_nano.a(lib_a-reent.o)
 .ARM.attributes
                0x00000ca2       0x2c c:/program files (x86)/atmel/studio/7.0/toolchain/arm/arm-gnu-toolchain/bin/../lib/gcc/arm-none-eabi/6.3.1/../../../../arm-none-eabi/lib/thumb/v6-m\libc_nano.a(lib_a-nano-msizer.o)
 .ARM.attributes
                0x00000cce       0x1e c:/program files (x86)/atmel/studio/7.0/toolchain/arm/arm-gnu-toolchain/bin/../lib/gcc/arm-none-eabi/6.3.1/thumb/v6-m/crtn.o

.comment        0x00000000       0xc7
 .comment       0x00000000       0x59 atmel_start.o
                                 0x5a (size before relaxing)
 .comment       0x00000059       0x5a Device_Startup/startup_samd21.o
 .comment       0x00000059       0x5a driver_init.o
 .comment       0x00000059       0x5a hal/src/hal_atomic.o
 .comment       0x00000059       0x5a hal/src/hal_delay.o
 .comment       0x00000059       0x5a hal/src/hal_io.o
 .comment       0x00000059       0x5a hal/src/hal_timer.o
 .comment       0x00000059       0x5a hal/src/hal_usart_async.o
 .comment       0x00000059       0x5a hal/src/hal_usart_sync.o
 .comment       0x00000059       0x5a hal/utils/src/utils_assert.o
 .comment       0x00000059       0x5a hal/utils/src/utils_list.o
 .comment       0x00000059       0x5a hal/utils/src/utils_ringbuffer.o
 .comment       0x00000059       0x5a hal/utils/src/utils_syscalls.o
 .comment       0x00000059       0x5a hpl/core/hpl_init.o
 .comment       0x00000059       0x5a hpl/gclk/hpl_gclk.o
 .comment       0x00000059       0x5a hpl/pm/hpl_pm.o
 .comment       0x00000059       0x5a hpl/rtc/hpl_rtc.o
 .comment       0x00000059       0x5a hpl/sercom/hpl_sercom.o
 .comment       0x00000059       0x5a hpl/sysctrl/hpl_sysctrl.o
 .comment       0x00000059       0x5a hpl/systick/hpl_systick.o
 .comment       0x00000059       0x5a main.o
 .comment       0x00000059       0x5a qtouch/datastreamer/datastreamer_UART_sam.o
 .comment       0x00000059       0x5a qtouch/touch.o
 .comment       0x00000059       0x5a stdio_redirect/gcc/read.o
 .comment       0x00000059       0x5a stdio_redirect/gcc/write.o
 .comment       0x00000059       0x5a stdio_redirect/stdio_io.o
 .comment       0x00000059       0x5a stdio_start.o
 .comment       0x00000059       0x5a TuyaMCU/mcu_api.o
 .comment       0x00000059       0x5a TuyaMCU/protocol.o
 .comment       0x00000059       0x5a TuyaMCU/system.o
 .comment       0x00000059       0x5a Usart_test.o
 .comment       0x00000059       0x6e ..\qtouch\lib\gcc\libqtm_touch_key_cm0p_0x0002.a(sam_touch_key_g_cm0p.o)
                                 0x6f (size before relaxing)
 .comment       0x000000c7       0x6f ..\qtouch\lib\gcc\libqtm_acq_samd21_0x0024.a(sam_acq_g_samd21.o)

.debug_info     0x00000000    0x2e8f3
 .debug_info    0x00000000      0xe5e atmel_start.o
 .debug_info    0x00000e5e     0x3a2c Device_Startup/startup_samd21.o
 .debug_info    0x0000488a     0x92bf driver_init.o
 .debug_info    0x0000db49      0x1d1 hal/src/hal_atomic.o
 .debug_info    0x0000dd1a      0x1dc hal/src/hal_delay.o
 .debug_info    0x0000def6      0x2b2 hal/src/hal_io.o
 .debug_info    0x0000e1a8      0xb91 hal/src/hal_timer.o
 .debug_info    0x0000ed39     0x129e hal/src/hal_usart_async.o
 .debug_info    0x0000ffd7      0xc56 hal/src/hal_usart_sync.o
 .debug_info    0x00010c2d      0x107 hal/utils/src/utils_assert.o
 .debug_info    0x00010d34      0x314 hal/utils/src/utils_list.o
 .debug_info    0x00011048      0x2f1 hal/utils/src/utils_ringbuffer.o
 .debug_info    0x00011339      0xdca hal/utils/src/utils_syscalls.o
 .debug_info    0x00012103      0x68a hpl/core/hpl_init.o
 .debug_info    0x0001278d      0x745 hpl/gclk/hpl_gclk.o
 .debug_info    0x00012ed2      0xc6d hpl/pm/hpl_pm.o
 .debug_info    0x00013b3f     0x2064 hpl/rtc/hpl_rtc.o
 .debug_info    0x00015ba3     0xb670 hpl/sercom/hpl_sercom.o
 .debug_info    0x00021213     0x1a1c hpl/sysctrl/hpl_sysctrl.o
 .debug_info    0x00022c2f      0x25e hpl/systick/hpl_systick.o
 .debug_info    0x00022e8d      0xf39 main.o
 .debug_info    0x00023dc6      0xb1b qtouch/datastreamer/datastreamer_UART_sam.o
 .debug_info    0x000248e1     0x1b28 qtouch/touch.o
 .debug_info    0x00026409      0xa34 stdio_redirect/gcc/read.o
 .debug_info    0x00026e3d      0xa34 stdio_redirect/gcc/write.o
 .debug_info    0x00027871      0xbe2 stdio_redirect/stdio_io.o
 .debug_info    0x00028453      0xe99 stdio_start.o
 .debug_info    0x000292ec     0x1623 TuyaMCU/mcu_api.o
 .debug_info    0x0002a90f     0x1a37 TuyaMCU/protocol.o
 .debug_info    0x0002c346     0x147d TuyaMCU/system.o
 .debug_info    0x0002d7c3     0x1130 Usart_test.o

.debug_abbrev   0x00000000     0x454a
 .debug_abbrev  0x00000000      0x1b4 atmel_start.o
 .debug_abbrev  0x000001b4      0x227 Device_Startup/startup_samd21.o
 .debug_abbrev  0x000003db      0x3b1 driver_init.o
 .debug_abbrev  0x0000078c      0x144 hal/src/hal_atomic.o
 .debug_abbrev  0x000008d0       0xe1 hal/src/hal_delay.o
 .debug_abbrev  0x000009b1      0x115 hal/src/hal_io.o
 .debug_abbrev  0x00000ac6      0x221 hal/src/hal_timer.o
 .debug_abbrev  0x00000ce7      0x29f hal/src/hal_usart_async.o
 .debug_abbrev  0x00000f86      0x217 hal/src/hal_usart_sync.o
 .debug_abbrev  0x0000119d       0x86 hal/utils/src/utils_assert.o
 .debug_abbrev  0x00001223      0x152 hal/utils/src/utils_list.o
 .debug_abbrev  0x00001375       0xf4 hal/utils/src/utils_ringbuffer.o
 .debug_abbrev  0x00001469      0x269 hal/utils/src/utils_syscalls.o
 .debug_abbrev  0x000016d2      0x1d9 hpl/core/hpl_init.o
 .debug_abbrev  0x000018ab      0x1c3 hpl/gclk/hpl_gclk.o
 .debug_abbrev  0x00001a6e      0x211 hpl/pm/hpl_pm.o
 .debug_abbrev  0x00001c7f      0x3ed hpl/rtc/hpl_rtc.o
 .debug_abbrev  0x0000206c      0x5bf hpl/sercom/hpl_sercom.o
 .debug_abbrev  0x0000262b      0x265 hpl/sysctrl/hpl_sysctrl.o
 .debug_abbrev  0x00002890      0x172 hpl/systick/hpl_systick.o
 .debug_abbrev  0x00002a02      0x1c8 main.o
 .debug_abbrev  0x00002bca      0x18c qtouch/datastreamer/datastreamer_UART_sam.o
 .debug_abbrev  0x00002d56      0x316 qtouch/touch.o
 .debug_abbrev  0x0000306c      0x1e8 stdio_redirect/gcc/read.o
 .debug_abbrev  0x00003254      0x1e8 stdio_redirect/gcc/write.o
 .debug_abbrev  0x0000343c      0x229 stdio_redirect/stdio_io.o
 .debug_abbrev  0x00003665      0x1e2 stdio_start.o
 .debug_abbrev  0x00003847      0x392 TuyaMCU/mcu_api.o
 .debug_abbrev  0x00003bd9      0x362 TuyaMCU/protocol.o
 .debug_abbrev  0x00003f3b      0x3a5 TuyaMCU/system.o
 .debug_abbrev  0x000042e0      0x26a Usart_test.o

.debug_loc      0x00000000     0xec9c
 .debug_loc     0x00000000       0x20 atmel_start.o
 .debug_loc     0x00000020       0x78 Device_Startup/startup_samd21.o
 .debug_loc     0x00000098      0x851 driver_init.o
 .debug_loc     0x000008e9       0x13 hal/src/hal_atomic.o
 .debug_loc     0x000008fc       0xc3 hal/src/hal_delay.o
 .debug_loc     0x000009bf      0x1b6 hal/src/hal_io.o
 .debug_loc     0x00000b75      0x767 hal/src/hal_timer.o
 .debug_loc     0x000012dc      0xf92 hal/src/hal_usart_async.o
 .debug_loc     0x0000226e      0xa26 hal/src/hal_usart_sync.o
 .debug_loc     0x00002c94      0x213 hal/utils/src/utils_list.o
 .debug_loc     0x00002ea7      0x2d1 hal/utils/src/utils_ringbuffer.o
 .debug_loc     0x00003178      0x13b hal/utils/src/utils_syscalls.o
 .debug_loc     0x000032b3       0x4c hpl/core/hpl_init.o
 .debug_loc     0x000032ff      0x368 hpl/gclk/hpl_gclk.o
 .debug_loc     0x00003667      0x11b hpl/pm/hpl_pm.o
 .debug_loc     0x00003782      0x55f hpl/rtc/hpl_rtc.o
 .debug_loc     0x00003ce1     0x801a hpl/sercom/hpl_sercom.o
 .debug_loc     0x0000bcfb      0x2e0 hpl/sysctrl/hpl_sysctrl.o
 .debug_loc     0x0000bfdb       0xf9 hpl/systick/hpl_systick.o
 .debug_loc     0x0000c0d4       0x20 main.o
 .debug_loc     0x0000c0f4      0x168 qtouch/datastreamer/datastreamer_UART_sam.o
 .debug_loc     0x0000c25c      0x2ff qtouch/touch.o
 .debug_loc     0x0000c55b       0xfe stdio_redirect/gcc/read.o
 .debug_loc     0x0000c659       0xf2 stdio_redirect/gcc/write.o
 .debug_loc     0x0000c74b      0x153 stdio_redirect/stdio_io.o
 .debug_loc     0x0000c89e       0x40 stdio_start.o
 .debug_loc     0x0000c8de      0xbca TuyaMCU/mcu_api.o
 .debug_loc     0x0000d4a8      0xdfc TuyaMCU/protocol.o
 .debug_loc     0x0000e2a4      0x8c7 TuyaMCU/system.o
 .debug_loc     0x0000eb6b      0x131 Usart_test.o

.debug_aranges  0x00000000      0xf18
 .debug_aranges
                0x00000000       0x20 atmel_start.o
 .debug_aranges
                0x00000020       0x28 Device_Startup/startup_samd21.o
 .debug_aranges
                0x00000048       0x80 driver_init.o
 .debug_aranges
                0x000000c8       0x30 hal/src/hal_atomic.o
 .debug_aranges
                0x000000f8       0x38 hal/src/hal_delay.o
 .debug_aranges
                0x00000130       0x30 hal/src/hal_io.o
 .debug_aranges
                0x00000160       0x70 hal/src/hal_timer.o
 .debug_aranges
                0x000001d0       0xe0 hal/src/hal_usart_async.o
 .debug_aranges
                0x000002b0       0xa8 hal/src/hal_usart_sync.o
 .debug_aranges
                0x00000358       0x20 hal/utils/src/utils_assert.o
 .debug_aranges
                0x00000378       0x48 hal/utils/src/utils_list.o
 .debug_aranges
                0x000003c0       0x40 hal/utils/src/utils_ringbuffer.o
 .debug_aranges
                0x00000400       0x60 hal/utils/src/utils_syscalls.o
 .debug_aranges
                0x00000460       0x20 hpl/core/hpl_init.o
 .debug_aranges
                0x00000480       0x28 hpl/gclk/hpl_gclk.o
 .debug_aranges
                0x000004a8       0x30 hpl/pm/hpl_pm.o
 .debug_aranges
                0x000004d8       0x70 hpl/rtc/hpl_rtc.o
 .debug_aranges
                0x00000548      0x528 hpl/sercom/hpl_sercom.o
 .debug_aranges
                0x00000a70       0x28 hpl/sysctrl/hpl_sysctrl.o
 .debug_aranges
                0x00000a98       0x48 hpl/systick/hpl_systick.o
 .debug_aranges
                0x00000ae0       0x20 main.o
 .debug_aranges
                0x00000b00       0x30 qtouch/datastreamer/datastreamer_UART_sam.o
 .debug_aranges
                0x00000b30       0xa8 qtouch/touch.o
 .debug_aranges
                0x00000bd8       0x20 stdio_redirect/gcc/read.o
 .debug_aranges
                0x00000bf8       0x20 stdio_redirect/gcc/write.o
 .debug_aranges
                0x00000c18       0x38 stdio_redirect/stdio_io.o
 .debug_aranges
                0x00000c50       0x28 stdio_start.o
 .debug_aranges
                0x00000c78      0x100 TuyaMCU/mcu_api.o
 .debug_aranges
                0x00000d78       0xe0 TuyaMCU/protocol.o
 .debug_aranges
                0x00000e58       0x88 TuyaMCU/system.o
 .debug_aranges
                0x00000ee0       0x38 Usart_test.o

.debug_ranges   0x00000000      0xf28
 .debug_ranges  0x00000000       0x10 atmel_start.o
 .debug_ranges  0x00000010       0x18 Device_Startup/startup_samd21.o
 .debug_ranges  0x00000028       0x70 driver_init.o
 .debug_ranges  0x00000098       0x20 hal/src/hal_atomic.o
 .debug_ranges  0x000000b8       0x28 hal/src/hal_delay.o
 .debug_ranges  0x000000e0       0x20 hal/src/hal_io.o
 .debug_ranges  0x00000100       0x90 hal/src/hal_timer.o
 .debug_ranges  0x00000190       0xd0 hal/src/hal_usart_async.o
 .debug_ranges  0x00000260       0x98 hal/src/hal_usart_sync.o
 .debug_ranges  0x000002f8       0x10 hal/utils/src/utils_assert.o
 .debug_ranges  0x00000308       0x38 hal/utils/src/utils_list.o
 .debug_ranges  0x00000340       0x30 hal/utils/src/utils_ringbuffer.o
 .debug_ranges  0x00000370       0x50 hal/utils/src/utils_syscalls.o
 .debug_ranges  0x000003c0       0x10 hpl/core/hpl_init.o
 .debug_ranges  0x000003d0       0x18 hpl/gclk/hpl_gclk.o
 .debug_ranges  0x000003e8       0x20 hpl/pm/hpl_pm.o
 .debug_ranges  0x00000408       0x60 hpl/rtc/hpl_rtc.o
 .debug_ranges  0x00000468      0x6e8 hpl/sercom/hpl_sercom.o
 .debug_ranges  0x00000b50       0x18 hpl/sysctrl/hpl_sysctrl.o
 .debug_ranges  0x00000b68       0x38 hpl/systick/hpl_systick.o
 .debug_ranges  0x00000ba0       0x10 main.o
 .debug_ranges  0x00000bb0       0x20 qtouch/datastreamer/datastreamer_UART_sam.o
 .debug_ranges  0x00000bd0       0x98 qtouch/touch.o
 .debug_ranges  0x00000c68       0x10 stdio_redirect/gcc/read.o
 .debug_ranges  0x00000c78       0x10 stdio_redirect/gcc/write.o
 .debug_ranges  0x00000c88       0x28 stdio_redirect/stdio_io.o
 .debug_ranges  0x00000cb0       0x18 stdio_start.o
 .debug_ranges  0x00000cc8       0xf0 TuyaMCU/mcu_api.o
 .debug_ranges  0x00000db8       0xd0 TuyaMCU/protocol.o
 .debug_ranges  0x00000e88       0x78 TuyaMCU/system.o
 .debug_ranges  0x00000f00       0x28 Usart_test.o

.debug_macro    0x00000000    0x1d974
 .debug_macro   0x00000000      0x6f7 atmel_start.o
 .debug_macro   0x000006f7      0x89e atmel_start.o
 .debug_macro   0x00000f95      0x16d atmel_start.o
 .debug_macro   0x00001102       0x22 atmel_start.o
 .debug_macro   0x00001124       0x87 atmel_start.o
 .debug_macro   0x000011ab       0x51 atmel_start.o
 .debug_macro   0x000011fc       0xef atmel_start.o
 .debug_macro   0x000012eb       0x6a atmel_start.o
 .debug_macro   0x00001355      0x1df atmel_start.o
 .debug_macro   0x00001534       0x22 atmel_start.o
 .debug_macro   0x00001556       0x3f atmel_start.o
 .debug_macro   0x00001595       0x1c atmel_start.o
 .debug_macro   0x000015b1       0x22 atmel_start.o
 .debug_macro   0x000015d3       0xb5 atmel_start.o
 .debug_macro   0x00001688      0x3ad atmel_start.o
 .debug_macro   0x00001a35      0x67e atmel_start.o
 .debug_macro   0x000020b3      0x8b1 atmel_start.o
 .debug_macro   0x00002964      0x22e atmel_start.o
 .debug_macro   0x00002b92      0xd5c atmel_start.o
 .debug_macro   0x000038ee      0x4dc atmel_start.o
 .debug_macro   0x00003dca      0x9f6 atmel_start.o
 .debug_macro   0x000047c0      0x82b atmel_start.o
 .debug_macro   0x00004feb      0x45f atmel_start.o
 .debug_macro   0x0000544a       0x5e atmel_start.o
 .debug_macro   0x000054a8      0x8f9 atmel_start.o
 .debug_macro   0x00005da1      0x21c atmel_start.o
 .debug_macro   0x00005fbd      0x735 atmel_start.o
 .debug_macro   0x000066f2       0x5e atmel_start.o
 .debug_macro   0x00006750      0x632 atmel_start.o
 .debug_macro   0x00006d82      0x3ac atmel_start.o
 .debug_macro   0x0000712e      0xc76 atmel_start.o
 .debug_macro   0x00007da4     0x1092 atmel_start.o
 .debug_macro   0x00008e36      0xc4a atmel_start.o
 .debug_macro   0x00009a80      0x6ba atmel_start.o
 .debug_macro   0x0000a13a     0x1b3d atmel_start.o
 .debug_macro   0x0000bc77     0x143c atmel_start.o
 .debug_macro   0x0000d0b3      0x340 atmel_start.o
 .debug_macro   0x0000d3f3       0x7c atmel_start.o
 .debug_macro   0x0000d46f       0xa0 atmel_start.o
 .debug_macro   0x0000d50f       0x4c atmel_start.o
 .debug_macro   0x0000d55b       0xca atmel_start.o
 .debug_macro   0x0000d625       0x94 atmel_start.o
 .debug_macro   0x0000d6b9       0x58 atmel_start.o
 .debug_macro   0x0000d711      0x341 atmel_start.o
 .debug_macro   0x0000da52       0x82 atmel_start.o
 .debug_macro   0x0000dad4      0x189 atmel_start.o
 .debug_macro   0x0000dc5d       0xb8 atmel_start.o
 .debug_macro   0x0000dd15       0xa0 atmel_start.o
 .debug_macro   0x0000ddb5       0xb2 atmel_start.o
 .debug_macro   0x0000de67       0x1c atmel_start.o
 .debug_macro   0x0000de83       0x1c atmel_start.o
 .debug_macro   0x0000de9f       0x1c atmel_start.o
 .debug_macro   0x0000debb       0x7c atmel_start.o
 .debug_macro   0x0000df37      0x15a atmel_start.o
 .debug_macro   0x0000e091       0x10 atmel_start.o
 .debug_macro   0x0000e0a1       0xdc atmel_start.o
 .debug_macro   0x0000e17d      0x124 atmel_start.o
 .debug_macro   0x0000e2a1      0x124 atmel_start.o
 .debug_macro   0x0000e3c5      0x124 atmel_start.o
 .debug_macro   0x0000e4e9      0x124 atmel_start.o
 .debug_macro   0x0000e60d      0x124 atmel_start.o
 .debug_macro   0x0000e731      0x124 atmel_start.o
 .debug_macro   0x0000e855      0x124 atmel_start.o
 .debug_macro   0x0000e979       0xe2 atmel_start.o
 .debug_macro   0x0000ea5b       0xe2 atmel_start.o
 .debug_macro   0x0000eb3d       0xe2 atmel_start.o
 .debug_macro   0x0000ec1f      0x12a atmel_start.o
 .debug_macro   0x0000ed49      0x100 atmel_start.o
 .debug_macro   0x0000ee49       0xf4 atmel_start.o
 .debug_macro   0x0000ef3d      0x40f atmel_start.o
 .debug_macro   0x0000f34c       0x40 atmel_start.o
 .debug_macro   0x0000f38c      0x376 atmel_start.o
 .debug_macro   0x0000f702     0x17df atmel_start.o
 .debug_macro   0x00010ee1       0x6d atmel_start.o
 .debug_macro   0x00010f4e       0x10 atmel_start.o
 .debug_macro   0x00010f5e       0x10 atmel_start.o
 .debug_macro   0x00010f6e       0x16 atmel_start.o
 .debug_macro   0x00010f84       0x16 atmel_start.o
 .debug_macro   0x00010f9a       0x16 atmel_start.o
 .debug_macro   0x00010fb0       0x16 atmel_start.o
 .debug_macro   0x00010fc6       0x16 atmel_start.o
 .debug_macro   0x00010fdc       0x16 atmel_start.o
 .debug_macro   0x00010ff2       0x16 atmel_start.o
 .debug_macro   0x00011008       0x16 atmel_start.o
 .debug_macro   0x0001101e       0x16 atmel_start.o
 .debug_macro   0x00011034       0x16 atmel_start.o
 .debug_macro   0x0001104a       0x16 atmel_start.o
 .debug_macro   0x00011060       0x16 atmel_start.o
 .debug_macro   0x00011076       0x16 atmel_start.o
 .debug_macro   0x0001108c       0x16 atmel_start.o
 .debug_macro   0x000110a2      0x4c3 atmel_start.o
 .debug_macro   0x00011565       0x94 atmel_start.o
 .debug_macro   0x000115f9       0x16 atmel_start.o
 .debug_macro   0x0001160f       0x6a atmel_start.o
 .debug_macro   0x00011679      0x28c atmel_start.o
 .debug_macro   0x00011905      0x4d8 atmel_start.o
 .debug_macro   0x00011ddd       0x16 atmel_start.o
 .debug_macro   0x00011df3       0xca atmel_start.o
 .debug_macro   0x00011ebd       0x1c atmel_start.o
 .debug_macro   0x00011ed9       0x16 atmel_start.o
 .debug_macro   0x00011eef       0x64 atmel_start.o
 .debug_macro   0x00011f53       0x58 atmel_start.o
 .debug_macro   0x00011fab       0x35 atmel_start.o
 .debug_macro   0x00011fe0       0x9c atmel_start.o
 .debug_macro   0x0001207c       0x16 atmel_start.o
 .debug_macro   0x00012092       0x35 atmel_start.o
 .debug_macro   0x000120c7      0x34d atmel_start.o
 .debug_macro   0x00012414       0x10 atmel_start.o
 .debug_macro   0x00012424       0x58 atmel_start.o
 .debug_macro   0x0001247c       0x1f atmel_start.o
 .debug_macro   0x0001249b       0x43 atmel_start.o
 .debug_macro   0x000124de       0x20 atmel_start.o
 .debug_macro   0x000124fe      0x187 atmel_start.o
 .debug_macro   0x00012685       0x10 atmel_start.o
 .debug_macro   0x00012695       0x1c atmel_start.o
 .debug_macro   0x000126b1       0x52 atmel_start.o
 .debug_macro   0x00012703       0x40 atmel_start.o
 .debug_macro   0x00012743       0x10 atmel_start.o
 .debug_macro   0x00012753       0x40 atmel_start.o
 .debug_macro   0x00012793       0xd7 atmel_start.o
 .debug_macro   0x0001286a       0x16 atmel_start.o
 .debug_macro   0x00012880      0x18b atmel_start.o
 .debug_macro   0x00012a0b       0xeb atmel_start.o
 .debug_macro   0x00012af6       0xbf atmel_start.o
 .debug_macro   0x00012bb5       0x1c atmel_start.o
 .debug_macro   0x00012bd1       0x97 atmel_start.o
 .debug_macro   0x00012c68      0x2fc Device_Startup/startup_samd21.o
 .debug_macro   0x00012f64       0x39 Device_Startup/startup_samd21.o
 .debug_macro   0x00012f9d      0x573 driver_init.o
 .debug_macro   0x00013510       0x73 driver_init.o
 .debug_macro   0x00013583       0xc9 driver_init.o
 .debug_macro   0x0001364c      0x42a hal/src/hal_atomic.o
 .debug_macro   0x00013a76      0x45c hal/src/hal_delay.o
 .debug_macro   0x00013ed2      0x43d hal/src/hal_io.o
 .debug_macro   0x0001430f      0x470 hal/src/hal_timer.o
 .debug_macro   0x0001477f      0x486 hal/src/hal_usart_async.o
 .debug_macro   0x00014c05      0x464 hal/src/hal_usart_sync.o
 .debug_macro   0x00015069      0x433 hal/utils/src/utils_assert.o
 .debug_macro   0x0001549c       0x10 hal/utils/src/utils_assert.o
 .debug_macro   0x000154ac      0x437 hal/utils/src/utils_list.o
 .debug_macro   0x000158e3      0x437 hal/utils/src/utils_ringbuffer.o
 .debug_macro   0x00015d1a      0x1d6 hal/utils/src/utils_syscalls.o
 .debug_macro   0x00015ef0       0x52 hal/utils/src/utils_syscalls.o
 .debug_macro   0x00015f42       0x8d hal/utils/src/utils_syscalls.o
 .debug_macro   0x00015fcf       0x57 hal/utils/src/utils_syscalls.o
 .debug_macro   0x00016026       0x97 hal/utils/src/utils_syscalls.o
 .debug_macro   0x000160bd      0x353 hal/utils/src/utils_syscalls.o
 .debug_macro   0x00016410       0xf6 hal/utils/src/utils_syscalls.o
 .debug_macro   0x00016506       0x4c hal/utils/src/utils_syscalls.o
 .debug_macro   0x00016552       0x16 hal/utils/src/utils_syscalls.o
 .debug_macro   0x00016568       0x10 hal/utils/src/utils_syscalls.o
 .debug_macro   0x00016578       0x10 hal/utils/src/utils_syscalls.o
 .debug_macro   0x00016588       0x35 hal/utils/src/utils_syscalls.o
 .debug_macro   0x000165bd      0x122 hal/utils/src/utils_syscalls.o
 .debug_macro   0x000166df      0x4a4 hpl/core/hpl_init.o
 .debug_macro   0x00016b83       0x2e hpl/core/hpl_init.o
 .debug_macro   0x00016bb1      0x6ec hpl/core/hpl_init.o
 .debug_macro   0x0001729d      0x446 hpl/gclk/hpl_gclk.o
 .debug_macro   0x000176e3      0x1f3 hpl/gclk/hpl_gclk.o
 .debug_macro   0x000178d6      0x469 hpl/pm/hpl_pm.o
 .debug_macro   0x00017d3f      0x46e hpl/rtc/hpl_rtc.o
 .debug_macro   0x000181ad       0x64 hpl/rtc/hpl_rtc.o
 .debug_macro   0x00018211      0x666 hpl/sercom/hpl_sercom.o
 .debug_macro   0x00018877       0x70 hpl/sercom/hpl_sercom.o
 .debug_macro   0x000188e7      0x242 hpl/sercom/hpl_sercom.o
 .debug_macro   0x00018b29       0x10 hpl/sercom/hpl_sercom.o
 .debug_macro   0x00018b39       0x1c hpl/sercom/hpl_sercom.o
 .debug_macro   0x00018b55       0x22 hpl/sercom/hpl_sercom.o
 .debug_macro   0x00018b77       0x10 hpl/sercom/hpl_sercom.o
 .debug_macro   0x00018b87      0x440 hpl/sysctrl/hpl_sysctrl.o
 .debug_macro   0x00018fc7      0x2da hpl/sysctrl/hpl_sysctrl.o
 .debug_macro   0x000192a1      0x437 hpl/systick/hpl_systick.o
 .debug_macro   0x000196d8       0x10 hpl/systick/hpl_systick.o
 .debug_macro   0x000196e8      0x755 main.o
 .debug_macro   0x00019e3d       0x16 main.o
 .debug_macro   0x00019e53       0xc1 main.o
 .debug_macro   0x00019f14      0x136 main.o
 .debug_macro   0x0001a04a       0x10 main.o
 .debug_macro   0x0001a05a       0xfe main.o
 .debug_macro   0x0001a158      0x580 qtouch/datastreamer/datastreamer_UART_sam.o
 .debug_macro   0x0001a6d8       0x28 qtouch/datastreamer/datastreamer_UART_sam.o
 .debug_macro   0x0001a700       0x22 qtouch/datastreamer/datastreamer_UART_sam.o
 .debug_macro   0x0001a722      0x712 qtouch/touch.o
 .debug_macro   0x0001ae34       0x2e qtouch/touch.o
 .debug_macro   0x0001ae62      0x583 stdio_redirect/gcc/read.o
 .debug_macro   0x0001b3e5      0x583 stdio_redirect/gcc/write.o
 .debug_macro   0x0001b968      0x57d stdio_redirect/stdio_io.o
 .debug_macro   0x0001bee5       0xaf stdio_redirect/stdio_io.o
 .debug_macro   0x0001bf94      0x6f8 stdio_start.o
 .debug_macro   0x0001c68c      0x1da TuyaMCU/mcu_api.o
 .debug_macro   0x0001c866       0x10 TuyaMCU/mcu_api.o
 .debug_macro   0x0001c876      0x1d4 TuyaMCU/protocol.o
 .debug_macro   0x0001ca4a      0x1da TuyaMCU/system.o
 .debug_macro   0x0001cc24      0x136 TuyaMCU/system.o
 .debug_macro   0x0001cd5a      0x6fb Usart_test.o
 .debug_macro   0x0001d455      0x34e Usart_test.o
 .debug_macro   0x0001d7a3      0x1d1 Usart_test.o

.debug_line     0x00000000    0x15955
 .debug_line    0x00000000      0xc9b atmel_start.o
 .debug_line    0x00000c9b      0x6fa Device_Startup/startup_samd21.o
 .debug_line    0x00001395      0xccb driver_init.o
 .debug_line    0x00002060      0x974 hal/src/hal_atomic.o
 .debug_line    0x000029d4      0x99f hal/src/hal_delay.o
 .debug_line    0x00003373      0x98c hal/src/hal_io.o
 .debug_line    0x00003cff      0xb12 hal/src/hal_timer.o
 .debug_line    0x00004811      0xc4c hal/src/hal_usart_async.o
 .debug_line    0x0000545d      0xb57 hal/src/hal_usart_sync.o
 .debug_line    0x00005fb4      0x93e hal/utils/src/utils_assert.o
 .debug_line    0x000068f2      0x9d7 hal/utils/src/utils_list.o
 .debug_line    0x000072c9      0x9dd hal/utils/src/utils_ringbuffer.o
 .debug_line    0x00007ca6      0x40b hal/utils/src/utils_syscalls.o
 .debug_line    0x000080b1      0xa1f hpl/core/hpl_init.o
 .debug_line    0x00008ad0      0x9f8 hpl/gclk/hpl_gclk.o
 .debug_line    0x000094c8      0x9e4 hpl/pm/hpl_pm.o
 .debug_line    0x00009eac      0xb7c hpl/rtc/hpl_rtc.o
 .debug_line    0x0000aa28     0x29aa hpl/sercom/hpl_sercom.o
 .debug_line    0x0000d3d2      0xa67 hpl/sysctrl/hpl_sysctrl.o
 .debug_line    0x0000de39      0x9c9 hpl/systick/hpl_systick.o
 .debug_line    0x0000e802      0xd0c main.o
 .debug_line    0x0000f50e      0xbdf qtouch/datastreamer/datastreamer_UART_sam.o
 .debug_line    0x000100ed      0xe49 qtouch/touch.o
 .debug_line    0x00010f36      0xa67 stdio_redirect/gcc/read.o
 .debug_line    0x0001199d      0xa68 stdio_redirect/gcc/write.o
 .debug_line    0x00012405      0xa8b stdio_redirect/stdio_io.o
 .debug_line    0x00012e90      0xcaf stdio_start.o
 .debug_line    0x00013b3f      0x678 TuyaMCU/mcu_api.o
 .debug_line    0x000141b7      0x5e4 TuyaMCU/protocol.o
 .debug_line    0x0001479b      0x534 TuyaMCU/system.o
 .debug_line    0x00014ccf      0xc86 Usart_test.o

.debug_str      0x00000000    0x89974
 .debug_str     0x00000000    0x7a676 atmel_start.o
                              0x7aba1 (size before relaxing)
 .debug_str     0x0007a676     0x10aa Device_Startup/startup_samd21.o
                              0x6e1f4 (size before relaxing)
 .debug_str     0x0007b720     0x1a96 driver_init.o
                              0x78c11 (size before relaxing)
 .debug_str     0x0007d1b6       0xb7 hal/src/hal_atomic.o
                              0x75cb4 (size before relaxing)
 .debug_str     0x0007d26d       0x9b hal/src/hal_delay.o
                              0x75d1e (size before relaxing)
 .debug_str     0x0007d308       0x33 hal/src/hal_io.o
                              0x75d61 (size before relaxing)
 .debug_str     0x0007d33b      0x2cc hal/src/hal_timer.o
                              0x765f3 (size before relaxing)
 .debug_str     0x0007d607      0x694 hal/src/hal_usart_async.o
                              0x76bcb (size before relaxing)
 .debug_str     0x0007dc9b      0x2a5 hal/src/hal_usart_sync.o
                              0x76801 (size before relaxing)
 .debug_str     0x0007df40       0x2a hal/utils/src/utils_assert.o
                              0x75cc4 (size before relaxing)
 .debug_str     0x0007df6a       0x31 hal/utils/src/utils_list.o
                              0x75d6e (size before relaxing)
 .debug_str     0x0007df9b       0x24 hal/utils/src/utils_ringbuffer.o
                              0x75d6a (size before relaxing)
 .debug_str     0x0007dfbf      0x76b hal/utils/src/utils_syscalls.o
                               0x7306 (size before relaxing)
 .debug_str     0x0007e72a     0x17d7 hpl/core/hpl_init.o
                              0x779ee (size before relaxing)
 .debug_str     0x0007ff01      0x855 hpl/gclk/hpl_gclk.o
                              0x765e7 (size before relaxing)
 .debug_str     0x00080756      0x194 hpl/pm/hpl_pm.o
                              0x7654d (size before relaxing)
 .debug_str     0x000808ea      0x522 hpl/rtc/hpl_rtc.o
                              0x767e2 (size before relaxing)
 .debug_str     0x00080e0c     0x4d15 hpl/sercom/hpl_sercom.o
                              0x7c2be (size before relaxing)
 .debug_str     0x00085b21     0x133a hpl/sysctrl/hpl_sysctrl.o
                              0x771e6 (size before relaxing)
 .debug_str     0x00086e5b       0xcd hpl/systick/hpl_systick.o
                              0x75d0c (size before relaxing)
 .debug_str     0x00086f28      0xa50 main.o
                              0x7b5ef (size before relaxing)